Component: ARM Compiler 5.06 update 1 (build 61) Tool: armlink [4d35a8]

==============================================================================

Section Cross References

    startup_stm32f427xx.o(RESET) refers to startup_stm32f427xx.o(STACK) for __initial_sp
    startup_stm32f427xx.o(RESET) refers to startup_stm32f427xx.o(.text) for Reset_Handler
    startup_stm32f427xx.o(RESET) refers to stm32f4xx_it.o(i.NMI_Handler) for NMI_Handler
    startup_stm32f427xx.o(RESET) refers to stm32f4xx_it.o(i.HardFault_Handler) for HardFault_Handler
    startup_stm32f427xx.o(RESET) refers to stm32f4xx_it.o(i.MemManage_Handler) for MemManage_Handler
    startup_stm32f427xx.o(RESET) refers to stm32f4xx_it.o(i.BusFault_Handler) for BusFault_Handler
    startup_stm32f427xx.o(RESET) refers to stm32f4xx_it.o(i.UsageFault_Handler) for UsageFault_Handler
    startup_stm32f427xx.o(RESET) refers to port.o(.emb_text) for SVC_Handler
    startup_stm32f427xx.o(RESET) refers to stm32f4xx_it.o(i.DebugMon_Handler) for DebugMon_Handler
    startup_stm32f427xx.o(RESET) refers to stm32f4xx_it.o(i.SysTick_Handler) for SysTick_Handler
    startup_stm32f427xx.o(RESET) refers to stm32f4xx_it.o(i.TIM1_UP_TIM10_IRQHandler) for TIM1_UP_TIM10_IRQHandler
    startup_stm32f427xx.o(RESET) refers to stm32f4xx_it.o(i.USART1_IRQHandler) for USART1_IRQHandler
    startup_stm32f427xx.o(RESET) refers to stm32f4xx_it.o(i.DMA2_Stream2_IRQHandler) for DMA2_Stream2_IRQHandler
    startup_stm32f427xx.o(.text) refers to system_stm32f4xx.o(i.SystemInit) for SystemInit
    startup_stm32f427xx.o(.text) refers to entry.o(.ARM.Collect$$$$00000000) for __main
    main.o(i.HAL_TIM_PeriodElapsedCallback) refers to stm32f4xx_hal.o(i.HAL_IncTick) for HAL_IncTick
    main.o(i.SystemClock_Config) refers to stm32f4xx_hal_rcc.o(i.HAL_RCC_OscConfig) for HAL_RCC_OscConfig
    main.o(i.SystemClock_Config) refers to stm32f4xx_hal_pwr_ex.o(i.HAL_PWREx_EnableOverDrive) for HAL_PWREx_EnableOverDrive
    main.o(i.SystemClock_Config) refers to stm32f4xx_hal_rcc.o(i.HAL_RCC_ClockConfig) for HAL_RCC_ClockConfig
    main.o(i.SystemClock_Config) refers to stm32f4xx_hal_rcc.o(i.HAL_RCC_GetHCLKFreq) for HAL_RCC_GetHCLKFreq
    main.o(i.SystemClock_Config) refers to stm32f4xx_hal_cortex.o(i.HAL_SYSTICK_Config) for HAL_SYSTICK_Config
    main.o(i.SystemClock_Config) refers to stm32f4xx_hal_cortex.o(i.HAL_SYSTICK_CLKSourceConfig) for HAL_SYSTICK_CLKSourceConfig
    main.o(i.SystemClock_Config) refers to stm32f4xx_hal_cortex.o(i.HAL_NVIC_SetPriority) for HAL_NVIC_SetPriority
    main.o(i.main) refers to stm32f4xx_hal.o(i.HAL_Init) for HAL_Init
    main.o(i.main) refers to main.o(i.SystemClock_Config) for SystemClock_Config
    main.o(i.main) refers to gpio.o(i.MX_GPIO_Init) for MX_GPIO_Init
    main.o(i.main) refers to dma.o(i.MX_DMA_Init) for MX_DMA_Init
    main.o(i.main) refers to spi.o(i.MX_SPI5_Init) for MX_SPI5_Init
    main.o(i.main) refers to tim.o(i.MX_TIM2_Init) for MX_TIM2_Init
    main.o(i.main) refers to tim.o(i.MX_TIM3_Init) for MX_TIM3_Init
    main.o(i.main) refers to tim.o(i.MX_TIM4_Init) for MX_TIM4_Init
    main.o(i.main) refers to tim.o(i.MX_TIM5_Init) for MX_TIM5_Init
    main.o(i.main) refers to tim.o(i.MX_TIM8_Init) for MX_TIM8_Init
    main.o(i.main) refers to tim.o(i.MX_TIM12_Init) for MX_TIM12_Init
    main.o(i.main) refers to usart.o(i.MX_USART1_UART_Init) for MX_USART1_UART_Init
    main.o(i.main) refers to stm32f4xx_hal_tim.o(i.HAL_TIM_PWM_Init) for HAL_TIM_PWM_Init
    main.o(i.main) refers to freertos.o(i.MX_FREERTOS_Init) for MX_FREERTOS_Init
    main.o(i.main) refers to cmsis_os.o(i.osKernelStart) for osKernelStart
    main.o(i.main) refers to tim.o(.bss) for htim2
    gpio.o(i.MX_GPIO_Init) refers to stm32f4xx_hal_gpio.o(i.HAL_GPIO_WritePin) for HAL_GPIO_WritePin
    gpio.o(i.MX_GPIO_Init) refers to stm32f4xx_hal_gpio.o(i.HAL_GPIO_Init) for HAL_GPIO_Init
    dma.o(i.MX_DMA_Init) refers to stm32f4xx_hal_cortex.o(i.HAL_NVIC_SetPriority) for HAL_NVIC_SetPriority
    dma.o(i.MX_DMA_Init) refers to stm32f4xx_hal_cortex.o(i.HAL_NVIC_EnableIRQ) for HAL_NVIC_EnableIRQ
    freertos.o(i.MX_FREERTOS_Init) refers to memcpya.o(.text) for __aeabi_memcpy4
    freertos.o(i.MX_FREERTOS_Init) refers to cmsis_os.o(i.osThreadCreate) for osThreadCreate
    freertos.o(i.MX_FREERTOS_Init) refers to freertos.o(.constdata) for .constdata
    freertos.o(i.MX_FREERTOS_Init) refers to freertos.o(.data) for .data
    freertos.o(i.StartDefaultTask) refers to cmsis_os.o(i.osDelay) for osDelay
    freertos.o(i.StartInitTask) refers to cmsis_os.o(i.osDelay) for osDelay
    freertos.o(.constdata) refers to freertos.o(.conststring) for .conststring
    freertos.o(.constdata) refers to freertos.o(i.StartDefaultTask) for StartDefaultTask
    freertos.o(.constdata) refers to inittask.o(i.StartInitTask) for StartInitTask
    spi.o(i.HAL_SPI_MspDeInit) refers to stm32f4xx_hal_gpio.o(i.HAL_GPIO_DeInit) for HAL_GPIO_DeInit
[...]
    i.SPI_CheckFlag_BSY                      0x08002a0c   Section        0  stm32f4xx_hal_spi.o(i.SPI_CheckFlag_BSY)
    SPI_CheckFlag_BSY                        0x08002a0d   Thumb Code    32  stm32f4xx_hal_spi.o(i.SPI_CheckFlag_BSY)
    i.SPI_WaitFlagStateUntilTimeout          0x08002a2c   Section        0  stm32f4xx_hal_spi.o(i.SPI_WaitFlagStateUntilTimeout)
    SPI_WaitFlagStateUntilTimeout            0x08002a2d   Thumb Code   150  stm32f4xx_hal_spi.o(i.SPI_WaitFlagStateUntilTimeout)
    i.StartDBUSTask                          0x08002ac4   Section        0  dbus.o(i.StartDBUSTask)
    i.StartDefaultTask                       0x08002c18   Section        0  freertos.o(i.StartDefaultTask)
    i.StartInitTask                          0x08002c20   Section        0  inittask.o(i.StartInitTask)
    i.StartMainTask                          0x08002d14   Section        0  maintask.o(i.StartMainTask)
    i.SysTick_Handler                        0x08002d20   Section        0  stm32f4xx_it.o(i.SysTick_Handler)
    i.SystemClock_Config                     0x08002d24   Section        0  main.o(i.SystemClock_Config)
    i.SystemInit                             0x08002dc8   Section        0  system_stm32f4xx.o(i.SystemInit)
    i.TIM1_UP_TIM10_IRQHandler               0x08002e1c   Section        0  stm32f4xx_it.o(i.TIM1_UP_TIM10_IRQHandler)
    i.TIM_Base_SetConfig                     0x08002e28   Section        0  stm32f4xx_hal_tim.o(i.TIM_Base_SetConfig)
    i.TIM_CCxChannelCmd                      0x08002ee8   Section        0  stm32f4xx_hal_tim.o(i.TIM_CCxChannelCmd)
    i.TIM_OC1_SetConfig                      0x08002f00   Section        0  stm32f4xx_hal_tim.o(i.TIM_OC1_SetConfig)
    TIM_OC1_SetConfig                        0x08002f01   Thumb Code    80  stm32f4xx_hal_tim.o(i.TIM_OC1_SetConfig)
    i.TIM_OC2_SetConfig                      0x08002f58   Section        0  stm32f4xx_hal_tim.o(i.TIM_OC2_SetConfig)
    i.TIM_OC3_SetConfig                      0x08002fbc   Section        0  stm32f4xx_hal_tim.o(i.TIM_OC3_SetConfig)
    TIM_OC3_SetConfig                        0x08002fbd   Thumb Code    88  stm32f4xx_hal_tim.o(i.TIM_OC3_SetConfig)
    i.TIM_OC4_SetConfig                      0x0800301c   Section        0  stm32f4xx_hal_tim.o(i.TIM_OC4_SetConfig)
    TIM_OC4_SetConfig                        0x0800301d   Thumb Code    70  stm32f4xx_hal_tim.o(i.TIM_OC4_SetConfig)
    i.UART_DMAAbortOnError                   0x0800306c   Section        0  stm32f4xx_hal_uart.o(i.UART_DMAAbortOnError)
    UART_DMAAbortOnError                     0x0800306d   Thumb Code    16  stm32f4xx_hal_uart.o(i.UART_DMAAbortOnError)
    i.UART_DMAError                          0x0800307c   Section        0  stm32f4xx_hal_uart.o(i.UART_DMAError)
    UART_DMAError                            0x0800307d   Thumb Code    74  stm32f4xx_hal_uart.o(i.UART_DMAError)
    i.UART_DMAReceiveCplt                    0x080030c6   Section        0  stm32f4xx_hal_uart.o(i.UART_DMAReceiveCplt)
    UART_DMAReceiveCplt                      0x080030c7   Thumb Code    60  stm32f4xx_hal_uart.o(i.UART_DMAReceiveCplt)
    i.UART_DMARxHalfCplt                     0x08003102   Section        0  stm32f4xx_hal_uart.o(i.UART_DMARxHalfCplt)
    UART_DMARxHalfCplt                       0x08003103   Thumb Code    10  stm32f4xx_hal_uart.o(i.UART_DMARxHalfCplt)
    i.UART_EndRxTransfer                     0x0800310c   Section        0  stm32f4xx_hal_uart.o(i.UART_EndRxTransfer)
    UART_EndRxTransfer                       0x0800310d   Thumb Code    28  stm32f4xx_hal_uart.o(i.UART_EndRxTransfer)
    i.UART_EndTxTransfer                     0x08003128   Section        0  stm32f4xx_hal_uart.o(i.UART_EndTxTransfer)
    UART_EndTxTransfer                       0x08003129   Thumb Code    18  stm32f4xx_hal_uart.o(i.UART_EndTxTransfer)
    i.UART_Receive_IT                        0x0800313a   Section        0  stm32f4xx_hal_uart.o(i.UART_Receive_IT)
    UART_Receive_IT                          0x0800313b   Thumb Code   140  stm32f4xx_hal_uart.o(i.UART_Receive_IT)
    i.UART_SetConfig                         0x080031c8   Section        0  stm32f4xx_hal_uart.o(i.UART_SetConfig)
    UART_SetConfig                           0x080031c9   Thumb Code   676  stm32f4xx_hal_uart.o(i.UART_SetConfig)
    i.UART_Transmit_IT                       0x08003474   Section        0  stm32f4xx_hal_uart.o(i.UART_Transmit_IT)
    UART_Transmit_IT                         0x08003475   Thumb Code    98  stm32f4xx_hal_uart.o(i.UART_Transmit_IT)
    i.USART1_IRQHandler                      0x080034d8   Section        0  stm32f4xx_it.o(i.USART1_IRQHandler)
    i.UsageFault_Handler                     0x080034ec   Section        0  stm32f4xx_it.o(i.UsageFault_Handler)
    i._Error_Handler                         0x080034ee   Section        0  main.o(i._Error_Handler)
    i.__ARM_fpclassify                       0x080034f0   Section        0  fpclassify.o(i.__ARM_fpclassify)
    i.__hardfp_asin                          0x08003520   Section        0  asin.o(i.__hardfp_asin)
    i.__hardfp_atan                          0x08003880   Section        0  atan.o(i.__hardfp_atan)
    i.__hardfp_atan2                         0x08003b58   Section        0  atan2.o(i.__hardfp_atan2)
    i.__hardfp_fabs                          0x08003d48   Section        0  fabs.o(i.__hardfp_fabs)
    i.__hardfp_sqrt                          0x08003d5c   Section        0  sqrt.o(i.__hardfp_sqrt)
    i.__kernel_poly                          0x08003dd6   Section        0  poly.o(i.__kernel_poly)
    i.__mathlib_dbl_infnan                   0x08003ece   Section        0  dunder.o(i.__mathlib_dbl_infnan)
    i.__mathlib_dbl_infnan2                  0x08003ee2   Section        0  dunder.o(i.__mathlib_dbl_infnan2)
    i.__mathlib_dbl_invalid                  0x08003ef8   Section        0  dunder.o(i.__mathlib_dbl_invalid)
    i.__mathlib_dbl_underflow                0x08003f18   Section        0  dunder.o(i.__mathlib_dbl_underflow)
    i.__scatterload_copy                     0x08003f38   Section       14  handlers.o(i.__scatterload_copy)
    i.__scatterload_null                     0x08003f46   Section        2  handlers.o(i.__scatterload_null)
    i.__scatterload_zeroinit                 0x08003f48   Section       14  handlers.o(i.__scatterload_zeroinit)
    i.__set_errno                            0x08003f58   Section        0  errno.o(i.__set_errno)
    i.atan                                   0x08003f64   Section        0  atan.o(i.atan)
    i.fabs                                   0x08003f74   Section        0  fabs.o(i.fabs)
    i.imu_ahrs_update                        0x08003f8c   Section        0  bsp_imu.o(i.imu_ahrs_update)
    i.imu_attitude_update                    0x08004438   Section        0  bsp_imu.o(i.imu_attitude_update)
    i.init_quaternion                        0x080045ac   Section        0  bsp_imu.o(i.init_quaternion)
    i.inv_sqrt                               0x08004778   Section        0  bsp_imu.o(i.inv_sqrt)
    i.ist8310_get_data                       0x080047a4   Section        0  bsp_imu.o(i.ist8310_get_data)
    i.ist8310_init                           0x080047ae   Section        0  bsp_imu.o(i.ist8310_init)
    i.ist_reg_read_by_mpu                    0x080048ae   Section        0  bsp_imu.o(i.ist_reg_read_by_mpu)
    ist_reg_read_by_mpu                      0x080048af   Thumb Code    56  bsp_imu.o(i.ist_reg_read_by_mpu)
    i.ist_reg_write_by_mpu                   0x080048e6   Section        0  bsp_imu.o(i.ist_reg_write_by_mpu)
    ist_reg_write_by_mpu                     0x080048e7   Thumb Code    66  bsp_imu.o(i.ist_reg_write_by_mpu)
    i.main                                   0x08004928   Section        0  main.o(i.main)
    i.makeFreeRtosPriority                   0x08004994   Section        0  cmsis_os.o(i.makeFreeRtosPriority)
    makeFreeRtosPriority                     0x08004995   Thumb Code    12  cmsis_os.o(i.makeFreeRtosPriority)
    i.mpu_device_init                        0x080049a0   Section        0  bsp_imu.o(i.mpu_device_init)
    i.mpu_get_data                           0x08004a04   Section        0  bsp_imu.o(i.mpu_get_data)
    i.mpu_master_i2c_auto_read_config        0x08004b14   Section        0  bsp_imu.o(i.mpu_master_i2c_auto_read_config)
    mpu_master_i2c_auto_read_config          0x08004b15   Thumb Code   142  bsp_imu.o(i.mpu_master_i2c_auto_read_config)
    i.mpu_offset_call                        0x08004ba4   Section        0  bsp_imu.o(i.mpu_offset_call)
    i.mpu_read_byte                          0x08004c88   Section        0  bsp_imu.o(i.mpu_read_byte)
    i.mpu_read_bytes                         0x08004cd8   Section        0  bsp_imu.o(i.mpu_read_bytes)
    i.mpu_set_accel_fsr                      0x08004d34   Section        0  bsp_imu.o(i.mpu_set_accel_fsr)
    i.mpu_set_gyro_fsr                       0x08004d3e   Section        0  bsp_imu.o(i.mpu_set_gyro_fsr)
    i.mpu_write_byte                         0x08004d48   Section        0  bsp_imu.o(i.mpu_write_byte)
    i.osDelay                                0x08004d9c   Section        0  cmsis_os.o(i.osDelay)
    i.osKernelStart                          0x08004daa   Section        0  cmsis_os.o(i.osKernelStart)
    i.osSystickHandler                       0x08004db4   Section        0  cmsis_os.o(i.osSystickHandler)
    i.osThreadCreate                         0x08004dc8   Section        0  cmsis_os.o(i.osThreadCreate)
    i.osThreadTerminate                      0x08004df6   Section        0  cmsis_os.o(i.osThreadTerminate)
    i.prvAddCurrentTaskToDelayedList         0x08004e00   Section        0  tasks.o(i.prvAddCurrentTaskToDelayedList)
    prvAddCurrentTaskToDelayedList           0x08004e01   Thumb Code   102  tasks.o(i.prvAddCurrentTaskToDelayedList)
    i.prvAddNewTaskToReadyList               0x08004e70   Section        0  tasks.o(i.prvAddNewTaskToReadyList)
    prvAddNewTaskToReadyList                 0x08004e71   Thumb Code   194  tasks.o(i.prvAddNewTaskToReadyList)
    i.prvCheckTasksWaitingTermination        0x08004f40   Section        0  tasks.o(i.prvCheckTasksWaitingTermination)
    prvCheckTasksWaitingTermination          0x08004f41   Thumb Code    70  tasks.o(i.prvCheckTasksWaitingTermination)
    i.prvCopyDataFromQueue                   0x08004f90   Section        0  queue.o(i.prvCopyDataFromQueue)
    prvCopyDataFromQueue                     0x08004f91   Thumb Code    38  queue.o(i.prvCopyDataFromQueue)
    i.prvCopyDataToQueue                     0x08004fb6   Section        0  queue.o(i.prvCopyDataToQueue)
    prvCopyDataToQueue                       0x08004fb7   Thumb Code   108  queue.o(i.prvCopyDataToQueue)
    i.prvDeleteTCB                           0x08005022   Section        0  tasks.o(i.prvDeleteTCB)
    prvDeleteTCB                             0x08005023   Thumb Code    20  tasks.o(i.prvDeleteTCB)
    i.prvHeapInit                            0x08005038   Section        0  heap_4.o(i.prvHeapInit)
    prvHeapInit                              0x08005039   Thumb Code    66  heap_4.o(i.prvHeapInit)
    i.prvIdleTask                            0x08005084   Section        0  tasks.o(i.prvIdleTask)
    prvIdleTask                              0x08005085   Thumb Code    30  tasks.o(i.prvIdleTask)
    i.prvInitialiseNewTask                   0x080050ac   Section        0  tasks.o(i.prvInitialiseNewTask)
    prvInitialiseNewTask                     0x080050ad   Thumb Code   142  tasks.o(i.prvInitialiseNewTask)
    i.prvInsertBlockIntoFreeList             0x0800513c   Section        0  heap_4.o(i.prvInsertBlockIntoFreeList)
    prvInsertBlockIntoFreeList               0x0800513d   Thumb Code    72  heap_4.o(i.prvInsertBlockIntoFreeList)
    i.prvIsQueueEmpty                        0x08005188   Section        0  queue.o(i.prvIsQueueEmpty)
    prvIsQueueEmpty                          0x08005189   Thumb Code    28  queue.o(i.prvIsQueueEmpty)
    i.prvResetNextTaskUnblockTime            0x080051a4   Section        0  tasks.o(i.prvResetNextTaskUnblockTime)
    prvResetNextTaskUnblockTime              0x080051a5   Thumb Code    26  tasks.o(i.prvResetNextTaskUnblockTime)
    i.prvTaskExitError                       0x080051c4   Section        0  port.o(i.prvTaskExitError)
    prvTaskExitError                         0x080051c5   Thumb Code    36  port.o(i.prvTaskExitError)
    i.prvUnlockQueue                         0x080051ec   Section        0  queue.o(i.prvUnlockQueue)
    prvUnlockQueue                           0x080051ed   Thumb Code   106  queue.o(i.prvUnlockQueue)
    i.pvPortMalloc                           0x08005258   Section        0  heap_4.o(i.pvPortMalloc)
    i.pvTaskIncrementMutexHeldCount          0x08005330   Section        0  tasks.o(i.pvTaskIncrementMutexHeldCount)
    i.pxPortInitialiseStack                  0x08005348   Section        0  port.o(i.pxPortInitialiseStack)
    i.sqrt                                   0x08005374   Section        0  sqrt.o(i.sqrt)
    i.uxListRemove                           0x080053e2   Section        0  list.o(i.uxListRemove)
    i.vListInitialise                        0x08005406   Section        0  list.o(i.vListInitialise)
    i.vListInitialiseItem                    0x0800541c   Section        0  list.o(i.vListInitialiseItem)
    i.vListInsert                            0x08005422   Section        0  list.o(i.vListInsert)
    i.vListInsertEnd                         0x08005452   Section        0  list.o(i.vListInsertEnd)
    i.vPortEnterCritical                     0x0800546c   Section        0  port.o(i.vPortEnterCritical)
    i.vPortExitCritical                      0x080054ac   Section        0  port.o(i.vPortExitCritical)
    i.vPortFree                              0x080054d4   Section        0  heap_4.o(i.vPortFree)
    i.vPortSetupTimerInterrupt               0x08005530   Section        0  port.o(i.vPortSetupTimerInterrupt)
    i.vPortValidateInterruptPriority         0x08005550   Section        0  port.o(i.vPortValidateInterruptPriority)
    i.vTaskDelay                             0x080055a4   Section        0  tasks.o(i.vTaskDelay)
    i.vTaskDelete                            0x080055f0   Section        0  tasks.o(i.vTaskDelete)
    i.vTaskMissedYield                       0x0800569c   Section        0  tasks.o(i.vTaskMissedYield)
    i.vTaskPlaceOnEventList                  0x080056a8   Section        0  tasks.o(i.vTaskPlaceOnEventList)
    i.vTaskPriorityInherit                   0x080056d8   Section        0  tasks.o(i.vTaskPriorityInherit)
    i.vTaskSetTimeOutState                   0x0800575c   Section        0  tasks.o(i.vTaskSetTimeOutState)
    i.vTaskStartScheduler                    0x08005780   Section        0  tasks.o(i.vTaskStartScheduler)
    i.vTaskSuspendAll                        0x080057e8   Section        0  tasks.o(i.vTaskSuspendAll)
    i.vTaskSwitchContext                     0x080057f8   Section        0  tasks.o(i.vTaskSwitchContext)
    i.xPortStartScheduler                    0x08005854   Section        0  port.o(i.xPortStartScheduler)
    i.xPortSysTickHandler                    0x08005934   Section        0  port.o(i.xPortSysTickHandler)
    i.xQueueGenericCreate                    0x08005960   Section        0  queue.o(i.xQueueGenericCreate)
    i.xQueueGenericReceive                   0x080059a8   Section        0  queue.o(i.xQueueGenericReceive)
    i.xQueueGenericReset                     0x08005b14   Section        0  queue.o(i.xQueueGenericReset)
    i.xQueueGenericSend                      0x08005b9c   Section        0  queue.o(i.xQueueGenericSend)
    i.xQueueGiveFromISR                      0x08005cfc   Section        0  queue.o(i.xQueueGiveFromISR)
    i.xTaskCheckForTimeOut                   0x08005d98   Section        0  tasks.o(i.xTaskCheckForTimeOut)
    i.xTaskCreate                            0x08005e04   Section        0  tasks.o(i.xTaskCreate)
    i.xTaskGetSchedulerState                 0x08005e5c   Section        0  tasks.o(i.xTaskGetSchedulerState)
    i.xTaskIncrementTick                     0x08005e78   Section        0  tasks.o(i.xTaskIncrementTick)
    i.xTaskPriorityDisinherit                0x08005f40   Section        0  tasks.o(i.xTaskPriorityDisinherit)
    i.xTaskRemoveFromEventList               0x08005fd8   Section        0  tasks.o(i.xTaskRemoveFromEventList)
    i.xTaskResumeAll                         0x0800604c   Section        0  tasks.o(i.xTaskResumeAll)
    .constdata                               0x08006110   Section       40  freertos.o(.constdata)
    .constdata                               0x08006138   Section        8  stm32f4xx_hal_dma.o(.constdata)
    flagBitshiftOffset                       0x08006138   Data           8  stm32f4xx_hal_dma.o(.constdata)
    .constdata                               0x08006140   Section       16  system_stm32f4xx.o(.constdata)
    .constdata                               0x08006150   Section        8  system_stm32f4xx.o(.constdata)
    .constdata                               0x08006158   Section       20  dbus.o(.constdata)
    .constdata                               0x0800616c   Section       20  inittask.o(.constdata)
    .constdata                               0x08006180   Section       20  bsp_imu.o(.constdata)
    .constdata                               0x08006198   Section       80  asin.o(.constdata)
    pS                                       0x08006198   Data          48  asin.o(.constdata)
    qS                                       0x080061c8   Data          32  asin.o(.constdata)
    .constdata                               0x080061e8   Section      152  atan.o(.constdata)
    atanhi                                   0x080061e8   Data          32  atan.o(.constdata)
    atanlo                                   0x08006208   Data          32  atan.o(.constdata)
    aTodd                                    0x08006228   Data          40  atan.o(.constdata)
    aTeven                                   0x08006250   Data          48  atan.o(.constdata)
    .constdata                               0x08006280   Section        8  qnan.o(.constdata)
    .conststring                             0x08006288   Section       24  freertos.o(.conststring)
    .conststring                             0x080062a0   Section        9  dbus.o(.conststring)
    .conststring                             0x080062ac   Section        9  inittask.o(.conststring)
    .data                                    0x20000000   Section        8  freertos.o(.data)
    .data                                    0x20000008   Section       12  stm32f4xx_hal.o(.data)
    .data                                    0x20000014   Section        4  system_stm32f4xx.o(.data)
    .data                                    0x20000018   Section       24  heap_4.o(.data)
    pxEnd                                    0x20000018   Data           4  heap_4.o(.data)
    xFreeBytesRemaining                      0x2000001c   Data           4  heap_4.o(.data)
    xMinimumEverFreeBytesRemaining           0x20000020   Data           4  heap_4.o(.data)
    xBlockAllocatedBit                       0x20000024   Data           4  heap_4.o(.data)
    xStart                                   0x20000028   Data           8  heap_4.o(.data)
    .data                                    0x20000030   Section       12  port.o(.data)
    ucMaxSysCallPriority                     0x20000030   Data           1  port.o(.data)
    uxCriticalNesting                        0x20000034   Data           4  port.o(.data)
    ulMaxPRIGROUPValue                       0x20000038   Data           4  port.o(.data)
    .data                                    0x2000003c   Section       60  tasks.o(.data)
    uxDeletedTasksWaitingCleanUp             0x20000040   Data           4  tasks.o(.data)
    uxCurrentNumberOfTasks                   0x20000044   Data           4  tasks.o(.data)
    xTickCount                               0x20000048   Data           4  tasks.o(.data)
    uxTopReadyPriority                       0x2000004c   Data           4  tasks.o(.data)
    xSchedulerRunning                        0x20000050   Data           4  tasks.o(.data)
    uxPendedTicks                            0x20000054   Data           4  tasks.o(.data)
    xYieldPending                            0x20000058   Data           4  tasks.o(.data)
    xNumOfOverflows                          0x2000005c   Data           4  tasks.o(.data)
    uxTaskNumber                             0x20000060   Data           4  tasks.o(.data)
    xNextTaskUnblockTime                     0x20000064   Data           4  tasks.o(.data)
    xIdleTaskHandle                          0x20000068   Data           4  tasks.o(.data)
    uxSchedulerSuspended                     0x2000006c   Data           4  tasks.o(.data)
    pxDelayedTaskList                        0x20000070   Data           4  tasks.o(.data)
    pxOverflowDelayedTaskList                0x20000074   Data           4  tasks.o(.data)
    .data                                    0x20000078   Section       12  dbus.o(.data)
    xHigherPriorityTaskWoken                 0x20000078   Data           4  dbus.o(.data)
    .data                                    0x20000084   Section        4  inittask.o(.data)
    .data                                    0x20000088   Section       96  bsp_imu.o(.data)
    tx                                       0x20000088   Data           1  bsp_imu.o(.data)
    rx                                       0x20000089   Data           1  bsp_imu.o(.data)
    gx                                       0x200000a8   Data           4  bsp_imu.o(.data)
    gy                                       0x200000ac   Data           4  bsp_imu.o(.data)
    gz                                       0x200000b0   Data           4  bsp_imu.o(.data)
    ax                                       0x200000b4   Data           4  bsp_imu.o(.data)
    ay                                       0x200000b8   Data           4  bsp_imu.o(.data)
    az                                       0x200000bc   Data           4  bsp_imu.o(.data)
    mx                                       0x200000c0   Data           4  bsp_imu.o(.data)
    my                                       0x200000c4   Data           4  bsp_imu.o(.data)
    mz                                       0x200000c8   Data           4  bsp_imu.o(.data)
    tx_buff                                  0x200000da   Data          14  bsp_imu.o(.data)
    .data                                    0x200000e8   Section        4  errno.o(.data)
    _errno                                   0x200000e8   Data           4  errno.o(.data)
    .bss                                     0x200000ec   Section       88  spi.o(.bss)
    .bss                                     0x20000144   Section      360  tim.o(.bss)
    .bss                                     0x200002ac   Section      160  usart.o(.bss)
    .bss                                     0x2000034c   Section       60  stm32f4xx_hal_timebase_tim.o(.bss)
    .bss                                     0x20000388   Section    15360  heap_4.o(.bss)
    ucHeap                                   0x20000388   Data       15360  heap_4.o(.bss)
    .bss                                     0x20003f88   Section      240  tasks.o(.bss)
    pxReadyTasksLists                        0x20003f88   Data         140  tasks.o(.bss)
    xDelayedTaskList1                        0x20004014   Data          20  tasks.o(.bss)
    xDelayedTaskList2                        0x20004028   Data          20  tasks.o(.bss)
    xPendingReadyList                        0x2000403c   Data          20  tasks.o(.bss)
    xTasksWaitingTermination                 0x20004050   Data          20  tasks.o(.bss)
    xSuspendedTaskList                       0x20004064   Data          20  tasks.o(.bss)
    .bss                                     0x20004078   Section       62  dbus.o(.bss)
    .bss                                     0x200040b8   Section      116  bsp_imu.o(.bss)
    STACK                                    0x20004130   Section     1024  startup_stm32f427xx.o(STACK)

    Global Symbols

    Symbol Name                              Value     Ov Type        Size  Object(Section)

    BuildAttributes$$THM_ISAv4$E$P$D$K$B$S$7EM$VFPi3$EXTD16$VFPS$VFMA$PE$A:L22UL41UL21$X:L11$S22US41US21$IEEE1$IW$USESV6$~STKCKD$USESV7$~SHL$OTIME$ROPI$IEEEX$EBA8$MICROLIB$REQ8$PRES8$EABIv2 0x00000000   Number         0  anon$$obj.o ABSOLUTE
    __ARM_use_no_argv                        0x00000000   Number         0  main.o ABSOLUTE
    __cpp_initialize__aeabi_                  - Undefined Weak Reference
    __cxa_finalize                            - Undefined Weak Reference
    __decompress                              - Undefined Weak Reference
    _clock_init                               - Undefined Weak Reference
    _microlib_exit                            - Undefined Weak Reference
    __Vectors_Size                           0x000001ac   Number         0  startup_stm32f427xx.o ABSOLUTE
    __Vectors                                0x08000000   Data           4  startup_stm32f427xx.o(RESET)
    __Vectors_End                            0x080001ac   Data           0  startup_stm32f427xx.o(RESET)
    __main                                   0x080001ad   Thumb Code     0  entry.o(.ARM.Collect$$$$00000000)
    _main_stk                                0x080001ad   Thumb Code     0  entry2.o(.ARM.Collect$$$$00000001)
    _main_scatterload                        0x080001b1   Thumb Code     0  entry5.o(.ARM.Collect$$$$00000004)
    __main_after_scatterload                 0x080001b5   Thumb Code     0  entry5.o(.ARM.Collect$$$$00000004)
    _main_clock                              0x080001b5   Thumb Code     0  entry7b.o(.ARM.Collect$$$$00000008)
    _main_cpp_init                           0x080001b5   Thumb Code     0  entry8b.o(.ARM.Collect$$$$0000000A)
    _main_init                               0x080001b5   Thumb Code     0  entry9a.o(.ARM.Collect$$$$0000000B)
    __rt_final_cpp                           0x080001bd   Thumb Code     0  entry10a.o(.ARM.Collect$$$$0000000D)
    __rt_final_exit                          0x080001bd   Thumb Code     0  entry11a.o(.ARM.Collect$$$$0000000F)
    SVC_Handler                              0x080001c1   Thumb Code    28  port.o(.emb_text)
    __asm___6_port_c_39a90d8d__prvStartFirstTask 0x080001e1   Thumb Code    28  port.o(.emb_text)
    __asm___6_port_c_39a90d8d__prvEnableVFP  0x08000201   Thumb Code    16  port.o(.emb_text)
    PendSV_Handler                           0x08000215   Thumb Code    92  port.o(.emb_text)
    vPortGetIPSR                             0x08000275   Thumb Code     6  port.o(.emb_text)
    Reset_Handler                            0x0800027d   Thumb Code     8  startup_stm32f427xx.o(.text)
    ADC_IRQHandler                           0x08000297   Thumb Code     0  startup_stm32f427xx.o(.text)
    CAN1_RX0_IRQHandler                      0x08000297   Thumb Code     0  startup_stm32f427xx.o(.text)
    CAN1_RX1_IRQHandler                      0x08000297   Thumb Code     0  startup_stm32f427xx.o(.text)
    CAN1_SCE_IRQHandler                      0x08000297   Thumb Code     0  startup_stm32f427xx.o(.text)
    CAN1_TX_IRQHandler                       0x08000297   Thumb Code     0  startup_stm32f427xx.o(.text)
    CAN2_RX0_IRQHandler                      0x08000297   Thumb Code     0  startup_stm32f427xx.o(.text)
    CAN2_RX1_IRQHandler                      0x08000297   Thumb Code     0  startup_stm32f427xx.o(.text)
    CAN2_SCE_IRQHandler                      0x08000297   Thumb Code     0  startup_stm32f427xx.o(.text)
    CAN2_TX_IRQHandler                       0x08000297   Thumb Code     0  startup_stm32f427xx.o(.text)
    DCMI_IRQHandler                          0x08000297   Thumb Code     0  startup_stm32f427xx.o(.text)
    DMA1_Stream0_IRQHandler                  0x08000297   Thumb Code     0  startup_stm32f427xx.o(.text)
    DMA1_Stream1_IRQHandler                  0x08000297   Thumb Code     0  startup_stm32f427xx.o(.text)
    DMA1_Stream2_IRQHandler                  0x08000297   Thumb Code     0  startup_stm32f427xx.o(.text)
    DMA1_Stream3_IRQHandler                  0x08000297   Thumb Code     0  startup_stm32f427xx.o(.text)
    DMA1_Stream4_IRQHandler                  0x08000297   Thumb Code     0  startup_stm32f427xx.o(.text)
    DMA1_Stream5_IRQHandler                  0x08000297   Thumb Code     0  startup_stm32f427xx.o(.text)
    DMA1_Stream6_IRQHandler                  0x08000297   Thumb Code     0  startup_stm32f427xx.o(.text)
    DMA1_Stream7_IRQHandler                  0x08000297   Thumb Code     0  startup_stm32f427xx.o(.text)
    DMA2D_IRQHandler                         0x08000297   Thumb Code     0  startup_stm32f427xx.o(.text)
    DMA2_Stream0_IRQHandler                  0x08000297   Thumb Code     0  startup_stm32f427xx.o(.text)
    DMA2_Stream1_IRQHandler                  0x08000297   Thumb Code     0  startup_stm32f427xx.o(.text)
    DMA2_Stream3_IRQHandler                  0x08000297   Thumb Code     0  startup_stm32f427xx.o(.text)
    DMA2_Stream4_IRQHandler                  0x08000297   Thumb Code     0  startup_stm32f427xx.o(.text)
    DMA2_Stream5_IRQHandler                  0x08000297   Thumb Code     0  startup_stm32f427xx.o(.text)
    DMA2_Stream6_IRQHandler                  0x08000297   Thumb Code     0  startup_stm32f427xx.o(.text)
    DMA2_Stream7_IRQHandler                  0x08000297   Thumb Code     0  startup_stm32f427xx.o(.text)
    ETH_IRQHandler                           0x08000297   Thumb Code     0  startup_stm32f427xx.o(.text)
    ETH_WKUP_IRQHandler                      0x08000297   Thumb Code     0  startup_stm32f427xx.o(.text)
    EXTI0_IRQHandler                         0x08000297   Thumb Code     0  startup_stm32f427xx.o(.text)
    EXTI15_10_IRQHandler                     0x08000297   Thumb Code     0  startup_stm32f427xx.o(.text)
    EXTI1_IRQHandler                         0x08000297   Thumb Code     0  startup_stm32f427xx.o(.text)
    EXTI2_IRQHandler                         0x08000297   Thumb Code     0  startup_stm32f427xx.o(.text)
    EXTI3_IRQHandler                         0x08000297   Thumb Code     0  startup_stm32f427xx.o(.text)
    EXTI4_IRQHandler                         0x08000297   Thumb Code     0  startup_stm32f427xx.o(.text)
    EXTI9_5_IRQHandler                       0x08000297   Thumb Code     0  startup_stm32f427xx.o(.text)
    FLASH_IRQHandler                         0x08000297   Thumb Code     0  startup_stm32f427xx.o(.text)
    FMC_IRQHandler                           0x08000297   Thumb Code     0  startup_stm32f427xx.o(.text)
    FPU_IRQHandler                           0x08000297   Thumb Code     0  startup_stm32f427xx.o(.text)
    HASH_RNG_IRQHandler                      0x08000297   Thumb Code     0  startup_stm32f427xx.o(.text)
    I2C1_ER_IRQHandler                       0x08000297   Thumb Code     0  startup_stm32f427xx.o(.text)
    I2C1_EV_IRQHandler                       0x08000297   Thumb Code     0  startup_stm32f427xx.o(.text)
    I2C2_ER_IRQHandler                       0x08000297   Thumb Code     0  startup_stm32f427xx.o(.text)
    I2C2_EV_IRQHandler                       0x08000297   Thumb Code     0  startup_stm32f427xx.o(.text)
    I2C3_ER_IRQHandler                       0x08000297   Thumb Code     0  startup_stm32f427xx.o(.text)
    I2C3_EV_IRQHandler                       0x08000297   Thumb Code     0  startup_stm32f427xx.o(.text)
    OTG_FS_IRQHandler                        0x08000297   Thumb Code     0  startup_stm32f427xx.o(.text)
    OTG_FS_WKUP_IRQHandler                   0x08000297   Thumb Code     0  startup_stm32f427xx.o(.text)
    OTG_HS_EP1_IN_IRQHandler                 0x08000297   Thumb Code     0  startup_stm32f427xx.o(.text)
    OTG_HS_EP1_OUT_IRQHandler                0x08000297   Thumb Code     0  startup_stm32f427xx.o(.text)
    OTG_HS_IRQHandler                        0x08000297   Thumb Code     0  startup_stm32f427xx.o(.text)
    OTG_HS_WKUP_IRQHandler                   0x08000297   Thumb Code     0  startup_stm32f427xx.o(.text)
    PVD_IRQHandler                           0x08000297   Thumb Code     0  startup_stm32f427xx.o(.text)
    RCC_IRQHandler                           0x08000297   Thumb Code     0  startup_stm32f427xx.o(.text)
    RTC_Alarm_IRQHandler                     0x08000297   Thumb Code     0  startup_stm32f427xx.o(.text)
    RTC_WKUP_IRQHandler                      0x08000297   Thumb Code     0  startup_stm32f427xx.o(.text)
    SAI1_IRQHandler                          0x08000297   Thumb Code     0  startup_stm32f427xx.o(.text)
    SDIO_IRQHandler                          0x08000297   Thumb Code     0  startup_stm32f427xx.o(.text)
    SPI1_IRQHandler                          0x08000297   Thumb Code     0  startup_stm32f427xx.o(.text)
    SPI2_IRQHandler                          0x08000297   Thumb Code     0  startup_stm32f427xx.o(.text)
    SPI3_IRQHandler                          0x08000297   Thumb Code     0  startup_stm32f427xx.o(.text)
    SPI4_IRQHandler                          0x08000297   Thumb Code     0  startup_stm32f427xx.o(.text)
    SPI5_IRQHandler                          0x08000297   Thumb Code     0  startup_stm32f427xx.o(.text)
    SPI6_IRQHandler                          0x08000297   Thumb Code     0  startup_stm32f427xx.o(.text)
    TAMP_STAMP_IRQHandler                    0x08000297   Thumb Code     0  startup_stm32f427xx.o(.text)
    TIM1_BRK_TIM9_IRQHandler                 0x08000297   Thumb Code     0  startup_stm32f427xx.o(.text)
    TIM1_CC_IRQHandler                       0x08000297   Thumb Code     0  startup_stm32f427xx.o(.text)
    TIM1_TRG_COM_TIM11_IRQHandler            0x08000297   Thumb Code     0  startup_stm32f427xx.o(.text)
    TIM2_IRQHandler                          0x08000297   Thumb Code     0  startup_stm32f427xx.o(.text)
    TIM3_IRQHandler                          0x08000297   Thumb Code     0  startup_stm32f427xx.o(.text)
    TIM4_IRQHandler                          0x08000297   Thumb Code     0  startup_stm32f427xx.o(.text)
    TIM5_IRQHandler                          0x08000297   Thumb Code     0  startup_stm32f427xx.o(.text)
    TIM6_DAC_IRQHandler                      0x08000297   Thumb Code     0  startup_stm32f427xx.o(.text)
    TIM7_IRQHandler                          0x08000297   Thumb Code     0  startup_stm32f427xx.o(.text)
    TIM8_BRK_TIM12_IRQHandler                0x08000297   Thumb Code     0  startup_stm32f427xx.o(.text)
    TIM8_CC_IRQHandler                       0x08000297   Thumb Code     0  startup_stm32f427xx.o(.text)
    TIM8_TRG_COM_TIM14_IRQHandler            0x08000297   Thumb Code     0  startup_stm32f427xx.o(.text)
    TIM8_UP_TIM13_IRQHandler                 0x08000297   Thumb Code     0  startup_stm32f427xx.o(.text)
    UART4_IRQHandler                         0x08000297   Thumb Code     0  startup_stm32f427xx.o(.text)
    UART5_IRQHandler                         0x08000297   Thumb Code     0  startup_stm32f427xx.o(.text)
    UART7_IRQHandler                         0x08000297   Thumb Code     0  startup_stm32f427xx.o(.text)
    UART8_IRQHandler                         0x08000297   Thumb Code     0  startup_stm32f427xx.o(.text)
    USART2_IRQHandler                        0x08000297   Thumb Code     0  startup_stm32f427xx.o(.text)
    USART3_IRQHandler                        0x08000297   Thumb Code     0  startup_stm32f427xx.o(.text)
    USART6_IRQHandler                        0x08000297   Thumb Code     0  startup_stm32f427xx.o(.text)
    WWDG_IRQHandler                          0x08000297   Thumb Code     0  startup_stm32f427xx.o(.text)
    __aeabi_uldivmod                         0x080002a1   Thumb Code    98  uldiv.o(.text)
    __aeabi_memcpy                           0x08000303   Thumb Code    36  memcpya.o(.text)
    __aeabi_memcpy4                          0x08000303   Thumb Code     0  memcpya.o(.text)
    __aeabi_memcpy8                          0x08000303   Thumb Code     0  memcpya.o(.text)
    __aeabi_dmul                             0x08000327   Thumb Code   228  dmul.o(.text)
    __aeabi_i2d                              0x0800040b   Thumb Code    34  dflti.o(.text)
    __aeabi_f2d                              0x0800042d   Thumb Code    38  f2d.o(.text)
    __aeabi_cdrcmple                         0x08000455   Thumb Code    48  cdrcmple.o(.text)
    __aeabi_d2f                              0x08000485   Thumb Code    56  d2f.o(.text)
    __aeabi_llsl                             0x080004bd   Thumb Code    30  llshl.o(.text)
    _ll_shift_l                              0x080004bd   Thumb Code     0  llshl.o(.text)
    __aeabi_llsr                             0x080004db   Thumb Code    32  llushr.o(.text)
    _ll_ushift_r                             0x080004db   Thumb Code     0  llushr.o(.text)
    __I$use$fp                               0x080004fb   Thumb Code     0  iusefp.o(.text)
    _float_round                             0x080004fb   Thumb Code    18  fepilogue.o(.text)
    _float_epilogue                          0x0800050d   Thumb Code    92  fepilogue.o(.text)
    _double_round                            0x08000569   Thumb Code    30  depilogue.o(.text)
    _double_epilogue                         0x08000587   Thumb Code   156  depilogue.o(.text)
    __aeabi_dadd                             0x08000623   Thumb Code   322  dadd.o(.text)
    __aeabi_dsub                             0x08000765   Thumb Code     6  dadd.o(.text)
    __aeabi_drsub                            0x0800076b   Thumb Code     6  dadd.o(.text)
    __aeabi_ddiv                             0x08000771   Thumb Code   222  ddiv.o(.text)
    _dsqrt                                   0x0800084f   Thumb Code   162  dsqrt.o(.text)
    __scatterload                            0x080008f1   Thumb Code    28  init.o(.text)
    __scatterload_rt2                        0x080008f1   Thumb Code     0  init.o(.text)
    __aeabi_lasr                             0x08000915   Thumb Code    36  llsshr.o(.text)
    _ll_sshift_r                             0x08000915   Thumb Code     0  llsshr.o(.text)
    BusFault_Handler                         0x08000939   Thumb Code     2  stm32f4xx_it.o(i.BusFault_Handler)
    DBUS_IT                                  0x0800093d   Thumb Code    68  dbus.o(i.DBUS_IT)
    DBUS_Init                                0x08000991   Thumb Code    82  dbus.o(i.DBUS_Init)
    DMA2_Stream2_IRQHandler                  0x080009f5   Thumb Code     6  stm32f4xx_it.o(i.DMA2_Stream2_IRQHandler)
    DebugMon_Handler                         0x08000aa5   Thumb Code     2  stm32f4xx_it.o(i.DebugMon_Handler)
    HAL_DMA_Abort                            0x08000aa7   Thumb Code   142  stm32f4xx_hal_dma.o(i.HAL_DMA_Abort)
    HAL_DMA_Abort_IT                         0x08000b35   Thumb Code    36  stm32f4xx_hal_dma.o(i.HAL_DMA_Abort_IT)
    HAL_DMA_IRQHandler                       0x08000b59   Thumb Code   412  stm32f4xx_hal_dma.o(i.HAL_DMA_IRQHandler)
    HAL_DMA_Init                             0x08000cf9   Thumb Code   206  stm32f4xx_hal_dma.o(i.HAL_DMA_Init)
    HAL_DMA_Start_IT                         0x08000dcd   Thumb Code   120  stm32f4xx_hal_dma.o(i.HAL_DMA_Start_IT)
    HAL_Delay                                0x08000e45   Thumb Code    32  stm32f4xx_hal.o(i.HAL_Delay)
    HAL_GPIO_Init                            0x08000e69   Thumb Code   408  stm32f4xx_hal_gpio.o(i.HAL_GPIO_Init)
    HAL_GPIO_WritePin                        0x08001035   Thumb Code    10  stm32f4xx_hal_gpio.o(i.HAL_GPIO_WritePin)
    HAL_GetTick                              0x08001041   Thumb Code     6  stm32f4xx_hal.o(i.HAL_GetTick)
    HAL_IncTick                              0x0800104d   Thumb Code    12  stm32f4xx_hal.o(i.HAL_IncTick)
    HAL_Init                                 0x0800105d   Thumb Code    48  stm32f4xx_hal.o(i.HAL_Init)
    HAL_InitTick                             0x08001091   Thumb Code   100  stm32f4xx_hal_timebase_tim.o(i.HAL_InitTick)
    HAL_MspInit                              0x08001105   Thumb Code   126  stm32f4xx_hal_msp.o(i.HAL_MspInit)
    HAL_NVIC_EnableIRQ                       0x08001189   Thumb Code    22  stm32f4xx_hal_cortex.o(i.HAL_NVIC_EnableIRQ)
    HAL_NVIC_SetPriority                     0x080011a1   Thumb Code    60  stm32f4xx_hal_cortex.o(i.HAL_NVIC_SetPriority)
    HAL_NVIC_SetPriorityGrouping             0x080011e1   Thumb Code    26  stm32f4xx_hal_cortex.o(i.HAL_NVIC_SetPriorityGrouping)
    HAL_PWREx_EnableOverDrive                0x08001205   Thumb Code    98  stm32f4xx_hal_pwr_ex.o(i.HAL_PWREx_EnableOverDrive)
    HAL_RCC_ClockConfig                      0x08001275   Thumb Code   286  stm32f4xx_hal_rcc.o(i.HAL_RCC_ClockConfig)
    HAL_RCC_GetClockConfig                   0x080013a5   Thumb Code    54  stm32f4xx_hal_rcc.o(i.HAL_RCC_GetClockConfig)
    HAL_RCC_GetHCLKFreq                      0x080013e5   Thumb Code     6  stm32f4xx_hal_rcc.o(i.HAL_RCC_GetHCLKFreq)
    HAL_RCC_GetPCLK1Freq                     0x080013f1   Thumb Code    20  stm32f4xx_hal_rcc.o(i.HAL_RCC_GetPCLK1Freq)
    HAL_RCC_GetPCLK2Freq                     0x08001411   Thumb Code    20  stm32f4xx_hal_rcc.o(i.HAL_RCC_GetPCLK2Freq)
    HAL_RCC_GetSysClockFreq                  0x08001431   Thumb Code    88  stm32f4xx_hal_rcc.o(i.HAL_RCC_GetSysClockFreq)
    HAL_RCC_OscConfig                        0x08001495   Thumb Code   770  stm32f4xx_hal_rcc.o(i.HAL_RCC_OscConfig)
    HAL_SPI_Init                             0x080017b1   Thumb Code   128  stm32f4xx_hal_spi.o(i.HAL_SPI_Init)
    HAL_SPI_MspInit                          0x08001831   Thumb Code    64  spi.o(i.HAL_SPI_MspInit)
    HAL_SPI_TransmitReceive                  0x0800187d   Thumb Code   472  stm32f4xx_hal_spi.o(i.HAL_SPI_TransmitReceive)
    HAL_SYSTICK_CLKSourceConfig              0x08001a55   Thumb Code    24  stm32f4xx_hal_cortex.o(i.HAL_SYSTICK_CLKSourceConfig)
    HAL_SYSTICK_Config                       0x08001a6d   Thumb Code    40  stm32f4xx_hal_cortex.o(i.HAL_SYSTICK_Config)
    HAL_TIMEx_BreakCallback                  0x08001a95   Thumb Code     2  stm32f4xx_hal_tim_ex.o(i.HAL_TIMEx_BreakCallback)
    HAL_TIMEx_CommutationCallback            0x08001a97   Thumb Code     2  stm32f4xx_hal_tim_ex.o(i.HAL_TIMEx_CommutationCallback)
    HAL_TIMEx_ConfigBreakDeadTime            0x08001a99   Thumb Code    90  stm32f4xx_hal_tim_ex.o(i.HAL_TIMEx_ConfigBreakDeadTime)
    HAL_TIMEx_MasterConfigSynchronization    0x08001af3   Thumb Code    80  stm32f4xx_hal_tim_ex.o(i.HAL_TIMEx_MasterConfigSynchronization)
    HAL_TIM_Base_Init                        0x08001b43   Thumb Code    54  stm32f4xx_hal_tim.o(i.HAL_TIM_Base_Init)
    HAL_TIM_Base_MspInit                     0x08001b79   Thumb Code     2  stm32f4xx_hal_tim.o(i.HAL_TIM_Base_MspInit)
    HAL_TIM_Base_Start_IT                    0x08001b7b   Thumb Code    24  stm32f4xx_hal_tim.o(i.HAL_TIM_Base_Start_IT)
    HAL_TIM_IC_CaptureCallback               0x08001b93   Thumb Code     2  stm32f4xx_hal_tim.o(i.HAL_TIM_IC_CaptureCallback)
    HAL_TIM_IRQHandler                       0x08001b95   Thumb Code   358  stm32f4xx_hal_tim.o(i.HAL_TIM_IRQHandler)
    HAL_TIM_MspPostInit                      0x08001cfd   Thumb Code   186  tim.o(i.HAL_TIM_MspPostInit)
    HAL_TIM_OC_DelayElapsedCallback          0x08001de1   Thumb Code     2  stm32f4xx_hal_tim.o(i.HAL_TIM_OC_DelayElapsedCallback)
    HAL_TIM_PWM_ConfigChannel                0x08001de3   Thumb Code   208  stm32f4xx_hal_tim.o(i.HAL_TIM_PWM_ConfigChannel)
    HAL_TIM_PWM_Init                         0x08001eb3   Thumb Code    54  stm32f4xx_hal_tim.o(i.HAL_TIM_PWM_Init)
    HAL_TIM_PWM_MspInit                      0x08001ee9   Thumb Code   130  tim.o(i.HAL_TIM_PWM_MspInit)
    HAL_TIM_PWM_PulseFinishedCallback        0x08001f85   Thumb Code     2  stm32f4xx_hal_tim.o(i.HAL_TIM_PWM_PulseFinishedCallback)
    HAL_TIM_PWM_Start                        0x08001f89   Thumb Code    48  stm32f4xx_hal_tim.o(i.HAL_TIM_PWM_Start)
    HAL_TIM_PeriodElapsedCallback            0x08001fc1   Thumb Code    14  main.o(i.HAL_TIM_PeriodElapsedCallback)
    HAL_TIM_TriggerCallback                  0x08001fd5   Thumb Code     2  stm32f4xx_hal_tim.o(i.HAL_TIM_TriggerCallback)
    HAL_UART_DMAStop                         0x08001fd7   Thumb Code    88  stm32f4xx_hal_uart.o(i.HAL_UART_DMAStop)
    HAL_UART_ErrorCallback                   0x0800202f   Thumb Code     2  stm32f4xx_hal_uart.o(i.HAL_UART_ErrorCallback)
    HAL_UART_IRQHandler                      0x08002031   Thumb Code   266  stm32f4xx_hal_uart.o(i.HAL_UART_IRQHandler)
    HAL_UART_Init                            0x08002141   Thumb Code    98  stm32f4xx_hal_uart.o(i.HAL_UART_Init)
    HAL_UART_MspInit                         0x080021a5   Thumb Code   132  usart.o(i.HAL_UART_MspInit)
    HAL_UART_Receive_DMA                     0x0800224d   Thumb Code   138  stm32f4xx_hal_uart.o(i.HAL_UART_Receive_DMA)
    HAL_UART_RxCpltCallback                  0x080022e5   Thumb Code     2  stm32f4xx_hal_uart.o(i.HAL_UART_RxCpltCallback)
    HAL_UART_RxHalfCpltCallback              0x080022e7   Thumb Code     2  stm32f4xx_hal_uart.o(i.HAL_UART_RxHalfCpltCallback)
    HAL_UART_TxCpltCallback                  0x080022e9   Thumb Code     2  stm32f4xx_hal_uart.o(i.HAL_UART_TxCpltCallback)
    HardFault_Handler                        0x080022eb   Thumb Code     2  stm32f4xx_it.o(i.HardFault_Handler)
    IMU_INIT                                 0x080022ed   Thumb Code    14  bsp_imu.o(i.IMU_INIT)
    IMU_UPDATE                               0x080022fb   Thumb Code    18  bsp_imu.o(i.IMU_UPDATE)
    MX_DMA_Init                              0x0800230d   Thumb Code    40  dma.o(i.MX_DMA_Init)
    MX_FREERTOS_Init                         0x08002339   Thumb Code    52  freertos.o(i.MX_FREERTOS_Init)
    MX_GPIO_Init                             0x08002375   Thumb Code   484  gpio.o(i.MX_GPIO_Init)
    MX_SPI5_Init                             0x08002581   Thumb Code    64  spi.o(i.MX_SPI5_Init)
    MX_TIM12_Init                            0x080025d9   Thumb Code    80  tim.o(i.MX_TIM12_Init)
    MX_TIM2_Init                             0x08002641   Thumb Code   144  tim.o(i.MX_TIM2_Init)
    MX_TIM3_Init                             0x080026e5   Thumb Code   102  tim.o(i.MX_TIM3_Init)
    MX_TIM4_Init                             0x08002765   Thumb Code   142  tim.o(i.MX_TIM4_Init)
    MX_TIM5_Init                             0x0800280d   Thumb Code   142  tim.o(i.MX_TIM5_Init)
    MX_TIM8_Init                             0x080028b5   Thumb Code   196  tim.o(i.MX_TIM8_Init)
    MX_USART1_UART_Init                      0x08002991   Thumb Code    58  usart.o(i.MX_USART1_UART_Init)
    MemManage_Handler                        0x080029e9   Thumb Code     2  stm32f4xx_it.o(i.MemManage_Handler)
    NMI_Handler                              0x080029eb   Thumb Code     2  stm32f4xx_it.o(i.NMI_Handler)
    StartDBUSTask                            0x08002ac5   Thumb Code   332  dbus.o(i.StartDBUSTask)
    StartDefaultTask                         0x08002c19   Thumb Code     8  freertos.o(i.StartDefaultTask)
    StartInitTask                            0x08002c21   Thumb Code   218  inittask.o(i.StartInitTask)
    StartMainTask                            0x08002d15   Thumb Code    12  maintask.o(i.StartMainTask)
    SysTick_Handler                          0x08002d21   Thumb Code     4  stm32f4xx_it.o(i.SysTick_Handler)
    SystemClock_Config                       0x08002d25   Thumb Code   154  main.o(i.SystemClock_Config)
    SystemInit                               0x08002dc9   Thumb Code    66  system_stm32f4xx.o(i.SystemInit)
    TIM1_UP_TIM10_IRQHandler                 0x08002e1d   Thumb Code     6  stm32f4xx_it.o(i.TIM1_UP_TIM10_IRQHandler)
    TIM_Base_SetConfig                       0x08002e29   Thumb Code   148  stm32f4xx_hal_tim.o(i.TIM_Base_SetConfig)
    TIM_CCxChannelCmd                        0x08002ee9   Thumb Code    22  stm32f4xx_hal_tim.o(i.TIM_CCxChannelCmd)
    TIM_OC2_SetConfig                        0x08002f59   Thumb Code    90  stm32f4xx_hal_tim.o(i.TIM_OC2_SetConfig)
    USART1_IRQHandler                        0x080034d9   Thumb Code    16  stm32f4xx_it.o(i.USART1_IRQHandler)
    UsageFault_Handler                       0x080034ed   Thumb Code     2  stm32f4xx_it.o(i.UsageFault_Handler)
    _Error_Handler                           0x080034ef   Thumb Code     2  main.o(i._Error_Handler)
    __ARM_fpclassify                         0x080034f1   Thumb Code    48  fpclassify.o(i.__ARM_fpclassify)
    __hardfp_asin                            0x08003521   Thumb Code   770  asin.o(i.__hardfp_asin)
    __hardfp_atan                            0x08003881   Thumb Code   622  atan.o(i.__hardfp_atan)
    __hardfp_atan2                           0x08003b59   Thumb Code   432  atan2.o(i.__hardfp_atan2)
    __hardfp_fabs                            0x08003d49   Thumb Code    20  fabs.o(i.__hardfp_fabs)
    __hardfp_sqrt                            0x08003d5d   Thumb Code   122  sqrt.o(i.__hardfp_sqrt)
    __kernel_poly                            0x08003dd7   Thumb Code   248  poly.o(i.__kernel_poly)
    __mathlib_dbl_infnan                     0x08003ecf   Thumb Code    20  dunder.o(i.__mathlib_dbl_infnan)
    __mathlib_dbl_infnan2                    0x08003ee3   Thumb Code    20  dunder.o(i.__mathlib_dbl_infnan2)
    __mathlib_dbl_invalid                    0x08003ef9   Thumb Code    24  dunder.o(i.__mathlib_dbl_invalid)
    __mathlib_dbl_underflow                  0x08003f19   Thumb Code    24  dunder.o(i.__mathlib_dbl_underflow)
    __scatterload_copy                       0x08003f39   Thumb Code    14  handlers.o(i.__scatterload_copy)
    __scatterload_null                       0x08003f47   Thumb Code     2  handlers.o(i.__scatterload_null)
    __scatterload_zeroinit                   0x08003f49   Thumb Code    14  handlers.o(i.__scatterload_zeroinit)
    __set_errno                              0x08003f59   Thumb Code     6  errno.o(i.__set_errno)
    atan                                     0x08003f65   Thumb Code    16  atan.o(i.atan)
    fabs                                     0x08003f75   Thumb Code    24  fabs.o(i.fabs)
    imu_ahrs_update                          0x08003f8d   Thumb Code  1194  bsp_imu.o(i.imu_ahrs_update)
    imu_attitude_update                      0x08004439   Thumb Code   346  bsp_imu.o(i.imu_attitude_update)
    init_quaternion                          0x080045ad   Thumb Code   360  bsp_imu.o(i.init_quaternion)
    inv_sqrt                                 0x08004779   Thumb Code    40  bsp_imu.o(i.inv_sqrt)
    ist8310_get_data                         0x080047a5   Thumb Code    10  bsp_imu.o(i.ist8310_get_data)
    ist8310_init                             0x080047af   Thumb Code   256  bsp_imu.o(i.ist8310_init)
    main                                     0x08004929   Thumb Code    88  main.o(i.main)
    mpu_device_init                          0x080049a1   Thumb Code    90  bsp_imu.o(i.mpu_device_init)
    mpu_get_data                             0x08004a05   Thumb Code   252  bsp_imu.o(i.mpu_get_data)
    mpu_offset_call                          0x08004ba5   Thumb Code   220  bsp_imu.o(i.mpu_offset_call)
    mpu_read_byte                            0x08004c89   Thumb Code    68  bsp_imu.o(i.mpu_read_byte)
    mpu_read_bytes                           0x08004cd9   Thumb Code    80  bsp_imu.o(i.mpu_read_bytes)
    mpu_set_accel_fsr                        0x08004d35   Thumb Code    10  bsp_imu.o(i.mpu_set_accel_fsr)
    mpu_set_gyro_fsr                         0x08004d3f   Thumb Code    10  bsp_imu.o(i.mpu_set_gyro_fsr)
    mpu_write_byte                           0x08004d49   Thumb Code    72  bsp_imu.o(i.mpu_write_byte)
    osDelay                                  0x08004d9d   Thumb Code    14  cmsis_os.o(i.osDelay)
    osKernelStart                            0x08004dab   Thumb Code    10  cmsis_os.o(i.osKernelStart)
    osSystickHandler                         0x08004db5   Thumb Code    20  cmsis_os.o(i.osSystickHandler)
    osThreadCreate                           0x08004dc9   Thumb Code    46  cmsis_os.o(i.osThreadCreate)
    osThreadTerminate                        0x08004df7   Thumb Code    10  cmsis_os.o(i.osThreadTerminate)
    pvPortMalloc                             0x08005259   Thumb Code   210  heap_4.o(i.pvPortMalloc)
    pvTaskIncrementMutexHeldCount            0x08005331   Thumb Code    18  tasks.o(i.pvTaskIncrementMutexHeldCount)
    pxPortInitialiseStack                    0x08005349   Thumb Code    40  port.o(i.pxPortInitialiseStack)
    sqrt                                     0x08005375   Thumb Code   110  sqrt.o(i.sqrt)
    uxListRemove                             0x080053e3   Thumb Code    36  list.o(i.uxListRemove)
    vListInitialise                          0x08005407   Thumb Code    22  list.o(i.vListInitialise)
    vListInitialiseItem                      0x0800541d   Thumb Code     6  list.o(i.vListInitialiseItem)
    vListInsert                              0x08005423   Thumb Code    48  list.o(i.vListInsert)
    vListInsertEnd                           0x08005453   Thumb Code    24  list.o(i.vListInsertEnd)
    vPortEnterCritical                       0x0800546d   Thumb Code    54  port.o(i.vPortEnterCritical)
    vPortExitCritical                        0x080054ad   Thumb Code    34  port.o(i.vPortExitCritical)
    vPortFree                                0x080054d5   Thumb Code    88  heap_4.o(i.vPortFree)
    vPortSetupTimerInterrupt                 0x08005531   Thumb Code    26  port.o(i.vPortSetupTimerInterrupt)
    vPortValidateInterruptPriority           0x08005551   Thumb Code    74  port.o(i.vPortValidateInterruptPriority)
    vTaskDelay                               0x080055a5   Thumb Code    66  tasks.o(i.vTaskDelay)
    vTaskDelete                              0x080055f1   Thumb Code   158  tasks.o(i.vTaskDelete)
    vTaskMissedYield                         0x0800569d   Thumb Code     8  tasks.o(i.vTaskMissedYield)
    vTaskPlaceOnEventList                    0x080056a9   Thumb Code    44  tasks.o(i.vTaskPlaceOnEventList)
    vTaskPriorityInherit                     0x080056d9   Thumb Code   124  tasks.o(i.vTaskPriorityInherit)
    vTaskSetTimeOutState                     0x0800575d   Thumb Code    30  tasks.o(i.vTaskSetTimeOutState)
    vTaskStartScheduler                      0x08005781   Thumb Code    86  tasks.o(i.vTaskStartScheduler)
    vTaskSuspendAll                          0x080057e9   Thumb Code    10  tasks.o(i.vTaskSuspendAll)
    vTaskSwitchContext                       0x080057f9   Thumb Code    82  tasks.o(i.vTaskSwitchContext)
    xPortStartScheduler                      0x08005855   Thumb Code   202  port.o(i.xPortStartScheduler)
    xPortSysTickHandler                      0x08005935   Thumb Code    38  port.o(i.xPortSysTickHandler)
    xQueueGenericCreate                      0x08005961   Thumb Code    72  queue.o(i.xQueueGenericCreate)
    xQueueGenericReceive                     0x080059a9   Thumb Code   360  queue.o(i.xQueueGenericReceive)
    xQueueGenericReset                       0x08005b15   Thumb Code   132  queue.o(i.xQueueGenericReset)
    xQueueGenericSend                        0x08005b9d   Thumb Code   346  queue.o(i.xQueueGenericSend)
    xQueueGiveFromISR                        0x08005cfd   Thumb Code   156  queue.o(i.xQueueGiveFromISR)
    xTaskCheckForTimeOut                     0x08005d99   Thumb Code   102  tasks.o(i.xTaskCheckForTimeOut)
    xTaskCreate                              0x08005e05   Thumb Code    86  tasks.o(i.xTaskCreate)
    xTaskGetSchedulerState                   0x08005e5d   Thumb Code    22  tasks.o(i.xTaskGetSchedulerState)
    xTaskIncrementTick                       0x08005e79   Thumb Code   192  tasks.o(i.xTaskIncrementTick)
    xTaskPriorityDisinherit                  0x08005f41   Thumb Code   144  tasks.o(i.xTaskPriorityDisinherit)
    xTaskRemoveFromEventList                 0x08005fd9   Thumb Code   108  tasks.o(i.xTaskRemoveFromEventList)
    xTaskResumeAll                           0x0800604d   Thumb Code   182  tasks.o(i.xTaskResumeAll)
    AHBPrescTable                            0x08006140   Data          16  system_stm32f4xx.o(.constdata)
    APBPrescTable                            0x08006150   Data           8  system_stm32f4xx.o(.constdata)
    __mathlib_zero                           0x08006280   Data           8  qnan.o(.constdata)
    Region$$Table$$Base                      0x080062b8   Number         0  anon$$obj.o(Region$$Table)
    Region$$Table$$Limit                     0x080062d8   Number         0  anon$$obj.o(Region$$Table)
    defaultTaskHandle                        0x20000000   Data           4  freertos.o(.data)
    InitTaskHandle                           0x20000004   Data           4  freertos.o(.data)
    uwTickFreq                               0x20000008   Data           1  stm32f4xx_hal.o(.data)
    uwTickPrio                               0x2000000c   Data           4  stm32f4xx_hal.o(.data)
    uwTick                                   0x20000010   Data           4  stm32f4xx_hal.o(.data)
    SystemCoreClock                          0x20000014   Data           4  system_stm32f4xx.o(.data)
    pxCurrentTCB                             0x2000003c   Data           4  tasks.o(.data)
    xDBUSSemaphore                           0x2000007c   Data           4  dbus.o(.data)
    DBUSHandle                               0x20000080   Data           4  dbus.o(.data)
    MainHandle                               0x20000084   Data           4  inittask.o(.data)
    id                                       0x2000008a   Data           1  bsp_imu.o(.data)
    q0                                       0x2000008c   Data           4  bsp_imu.o(.data)
    q1                                       0x20000090   Data           4  bsp_imu.o(.data)
    q2                                       0x20000094   Data           4  bsp_imu.o(.data)
    q3                                       0x20000098   Data           4  bsp_imu.o(.data)
    exInt                                    0x2000009c   Data           4  bsp_imu.o(.data)
    eyInt                                    0x200000a0   Data           4  bsp_imu.o(.data)
    ezInt                                    0x200000a4   Data           4  bsp_imu.o(.data)
    last_update                              0x200000cc   Data           4  bsp_imu.o(.data)
    now_update                               0x200000d0   Data           4  bsp_imu.o(.data)
    ist_buff                                 0x200000d4   Data           6  bsp_imu.o(.data)
    hspi5                                    0x200000ec   Data          88  spi.o(.bss)
    htim2                                    0x20000144   Data          60  tim.o(.bss)
    htim3                                    0x20000180   Data          60  tim.o(.bss)
    htim4                                    0x200001bc   Data          60  tim.o(.bss)
    htim5                                    0x200001f8   Data          60  tim.o(.bss)
    htim8                                    0x20000234   Data          60  tim.o(.bss)
    htim12                                   0x20000270   Data          60  tim.o(.bss)
    huart1                                   0x200002ac   Data          64  usart.o(.bss)
    hdma_usart1_rx                           0x200002ec   Data          96  usart.o(.bss)
    htim1                                    0x2000034c   Data          60  stm32f4xx_hal_timebase_tim.o(.bss)
    DBUS_rx_buffer                           0x20004078   Data          25  dbus.o(.bss)
    RC_Ctl                                   0x20004092   Data          36  dbus.o(.bss)
    imu                                      0x200040b8   Data          52  bsp_imu.o(.bss)
    mpu_buff                                 0x200040ec   Data          14  bsp_imu.o(.bss)
    mpu_data                                 0x200040fc   Data          48  bsp_imu.o(.bss)
    __initial_sp                             0x20004530   Data           0  startup_stm32f427xx.o(STACK)



==============================================================================

Memory Map of the image

  Image Entry point : 0x080001ad

  Load Region LR_IROM1 (Base: 0x08000000, Size: 0x000063c4, Max: 0x00200000, ABSOLUTE)

    Execution Region ER_IROM1 (Base: 0x08000000, Size: 0x000062d8, Max: 0x00200000, ABSOLUTE)

    Base Addr    Size         Type   Attr      Idx    E Section Name        Object

    0x08000000   0x000001ac   Data   RO            3    RESET               startup_stm32f427xx.o
    0x080001ac   0x00000000   Code   RO         4723  * .ARM.Collect$$$$00000000  mc_w.l(entry.o)
    0x080001ac   0x00000004   Code   RO         4775    .ARM.Collect$$$$00000001  mc_w.l(entry2.o)
    0x080001b0   0x00000004   Code   RO         4778    .ARM.Collect$$$$00000004  mc_w.l(entry5.o)
    0x080001b4   0x00000000   Code   RO         4780    .ARM.Collect$$$$00000008  mc_w.l(entry7b.o)
    0x080001b4   0x00000000   Code   RO         4782    .ARM.Collect$$$$0000000A  mc_w.l(entry8b.o)
    0x080001b4   0x00000008   Code   RO         4783    .ARM.Collect$$$$0000000B  mc_w.l(entry9a.o)
    0x080001bc   0x00000000   Code   RO         4785    .ARM.Collect$$$$0000000D  mc_w.l(entry10a.o)
    0x080001bc   0x00000000   Code   RO         4787    .ARM.Collect$$$$0000000F  mc_w.l(entry11a.o)
    0x080001bc   0x00000004   Code   RO         4776    .ARM.Collect$$$$00002712  mc_w.l(entry2.o)
    0x080001c0   0x000000ba   Code   RO         3359    .emb_text           port.o
    0x0800027a   0x00000002   PAD
    0x0800027c   0x00000024   Code   RO            4    .text               startup_stm32f427xx.o
    0x080002a0   0x00000062   Code   RO         4726    .text               mc_w.l(uldiv.o)
    0x08000302   0x00000024   Code   RO         4728    .text               mc_w.l(memcpya.o)
    0x08000326   0x000000e4   Code   RO         4732    .text               mf_w.l(dmul.o)
    0x0800040a   0x00000022   Code   RO         4734    .text               mf_w.l(dflti.o)
    0x0800042c   0x00000026   Code   RO         4736    .text               mf_w.l(f2d.o)
    0x08000452   0x00000002   PAD
    0x08000454   0x00000030   Code   RO         4738    .text               mf_w.l(cdrcmple.o)
    0x08000484   0x00000038   Code   RO         4740    .text               mf_w.l(d2f.o)
    0x080004bc   0x0000001e   Code   RO         4789    .text               mc_w.l(llshl.o)
    0x080004da   0x00000020   Code   RO         4791    .text               mc_w.l(llushr.o)
    0x080004fa   0x00000000   Code   RO         4800    .text               mc_w.l(iusefp.o)
    0x080004fa   0x0000006e   Code   RO         4801    .text               mf_w.l(fepilogue.o)
    0x08000568   0x000000ba   Code   RO         4803    .text               mf_w.l(depilogue.o)
    0x08000622   0x0000014e   Code   RO         4805    .text               mf_w.l(dadd.o)
    0x08000770   0x000000de   Code   RO         4807    .text               mf_w.l(ddiv.o)
    0x0800084e   0x000000a2   Code   RO         4811    .text               mf_w.l(dsqrt.o)
    0x080008f0   0x00000024   Code   RO         4815    .text               mc_w.l(init.o)
    0x08000914   0x00000024   Code   RO         4817    .text               mc_w.l(llsshr.o)
    0x08000938   0x00000002   Code   RO          464    i.BusFault_Handler  stm32f4xx_it.o
    0x0800093a   0x00000002   PAD
    0x0800093c   0x00000054   Code   RO         4367    i.DBUS_IT           dbus.o
    0x08000990   0x00000064   Code   RO         4368    i.DBUS_Init         dbus.o
    0x080009f4   0x0000000c   Code   RO          465    i.DMA2_Stream2_IRQHandler  stm32f4xx_it.o
    0x08000a00   0x00000028   Code   RO         2638    i.DMA_CalcBaseAndBitshift  stm32f4xx_hal_dma.o
    0x08000a28   0x00000054   Code   RO         2639    i.DMA_CheckFifoParam  stm32f4xx_hal_dma.o
    0x08000a7c   0x00000028   Code   RO         2640    i.DMA_SetConfig     stm32f4xx_hal_dma.o
    0x08000aa4   0x00000002   Code   RO          466    i.DebugMon_Handler  stm32f4xx_it.o
    0x08000aa6   0x0000008e   Code   RO         2641    i.HAL_DMA_Abort     stm32f4xx_hal_dma.o
    0x08000b34   0x00000024   Code   RO         2642    i.HAL_DMA_Abort_IT  stm32f4xx_hal_dma.o
    0x08000b58   0x000001a0   Code   RO         2646    i.HAL_DMA_IRQHandler  stm32f4xx_hal_dma.o
    0x08000cf8   0x000000d4   Code   RO         2647    i.HAL_DMA_Init      stm32f4xx_hal_dma.o
    0x08000dcc   0x00000078   Code   RO         2651    i.HAL_DMA_Start_IT  stm32f4xx_hal_dma.o
    0x08000e44   0x00000024   Code   RO         3078    i.HAL_Delay         stm32f4xx_hal.o
    0x08000e68   0x000001cc   Code   RO         2534    i.HAL_GPIO_Init     stm32f4xx_hal_gpio.o
    0x08001034   0x0000000a   Code   RO         2538    i.HAL_GPIO_WritePin  stm32f4xx_hal_gpio.o
    0x0800103e   0x00000002   PAD
    0x08001040   0x0000000c   Code   RO         3086    i.HAL_GetTick       stm32f4xx_hal.o
    0x0800104c   0x00000010   Code   RO         3090    i.HAL_IncTick       stm32f4xx_hal.o
    0x0800105c   0x00000034   Code   RO         3091    i.HAL_Init          stm32f4xx_hal.o
    0x08001090   0x00000074   Code   RO          574    i.HAL_InitTick      stm32f4xx_hal_timebase_tim.o
    0x08001104   0x00000084   Code   RO          550    i.HAL_MspInit       stm32f4xx_hal_msp.o
    0x08001188   0x00000016   Code   RO         2941    i.HAL_NVIC_EnableIRQ  stm32f4xx_hal_cortex.o
    0x0800119e   0x00000002   PAD
    0x080011a0   0x00000040   Code   RO         2947    i.HAL_NVIC_SetPriority  stm32f4xx_hal_cortex.o
    0x080011e0   0x00000024   Code   RO         2948    i.HAL_NVIC_SetPriorityGrouping  stm32f4xx_hal_cortex.o
    0x08001204   0x00000070   Code   RO         2870    i.HAL_PWREx_EnableOverDrive  stm32f4xx_hal_pwr_ex.o
    0x08001274   0x00000130   Code   RO         2128    i.HAL_RCC_ClockConfig  stm32f4xx_hal_rcc.o
    0x080013a4   0x00000040   Code   RO         2132    i.HAL_RCC_GetClockConfig  stm32f4xx_hal_rcc.o
    0x080013e4   0x0000000c   Code   RO         2133    i.HAL_RCC_GetHCLKFreq  stm32f4xx_hal_rcc.o
    0x080013f0   0x00000020   Code   RO         2135    i.HAL_RCC_GetPCLK1Freq  stm32f4xx_hal_rcc.o
    0x08001410   0x00000020   Code   RO         2136    i.HAL_RCC_GetPCLK2Freq  stm32f4xx_hal_rcc.o
    0x08001430   0x00000064   Code   RO         2137    i.HAL_RCC_GetSysClockFreq  stm32f4xx_hal_rcc.o
    0x08001494   0x0000031c   Code   RO         2140    i.HAL_RCC_OscConfig  stm32f4xx_hal_rcc.o
    0x080017b0   0x00000080   Code   RO          625    i.HAL_SPI_Init      stm32f4xx_hal_spi.o
    0x08001830   0x0000004c   Code   RO          303    i.HAL_SPI_MspInit   spi.o
    0x0800187c   0x000001d8   Code   RO          634    i.HAL_SPI_TransmitReceive  stm32f4xx_hal_spi.o
    0x08001a54   0x00000018   Code   RO         2950    i.HAL_SYSTICK_CLKSourceConfig  stm32f4xx_hal_cortex.o
    0x08001a6c   0x00000028   Code   RO         2952    i.HAL_SYSTICK_Config  stm32f4xx_hal_cortex.o
    0x08001a94   0x00000002   Code   RO         1562    i.HAL_TIMEx_BreakCallback  stm32f4xx_hal_tim_ex.o
    0x08001a96   0x00000002   Code   RO         1563    i.HAL_TIMEx_CommutationCallback  stm32f4xx_hal_tim_ex.o
    0x08001a98   0x0000005a   Code   RO         1564    i.HAL_TIMEx_ConfigBreakDeadTime  stm32f4xx_hal_tim_ex.o
    0x08001af2   0x00000050   Code   RO         1579    i.HAL_TIMEx_MasterConfigSynchronization  stm32f4xx_hal_tim_ex.o
    0x08001b42   0x00000036   Code   RO          933    i.HAL_TIM_Base_Init  stm32f4xx_hal_tim.o
    0x08001b78   0x00000002   Code   RO          935    i.HAL_TIM_Base_MspInit  stm32f4xx_hal_tim.o
    0x08001b7a   0x00000018   Code   RO          938    i.HAL_TIM_Base_Start_IT  stm32f4xx_hal_tim.o
    0x08001b92   0x00000002   Code   RO          962    i.HAL_TIM_IC_CaptureCallback  stm32f4xx_hal_tim.o
    0x08001b94   0x00000166   Code   RO          975    i.HAL_TIM_IRQHandler  stm32f4xx_hal_tim.o
    0x08001cfa   0x00000002   PAD
    0x08001cfc   0x000000e4   Code   RO          344    i.HAL_TIM_MspPostInit  tim.o
    0x08001de0   0x00000002   Code   RO          978    i.HAL_TIM_OC_DelayElapsedCallback  stm32f4xx_hal_tim.o
    0x08001de2   0x000000d0   Code   RO          999    i.HAL_TIM_PWM_ConfigChannel  stm32f4xx_hal_tim.o
    0x08001eb2   0x00000036   Code   RO         1002    i.HAL_TIM_PWM_Init  stm32f4xx_hal_tim.o
    0x08001ee8   0x0000009c   Code   RO          346    i.HAL_TIM_PWM_MspInit  tim.o
    0x08001f84   0x00000002   Code   RO         1005    i.HAL_TIM_PWM_PulseFinishedCallback  stm32f4xx_hal_tim.o
    0x08001f86   0x00000002   PAD
    0x08001f88   0x00000038   Code   RO         1006    i.HAL_TIM_PWM_Start  stm32f4xx_hal_tim.o
    0x08001fc0   0x00000014   Code   RO           13    i.HAL_TIM_PeriodElapsedCallback  main.o
    0x08001fd4   0x00000002   Code   RO         1016    i.HAL_TIM_TriggerCallback  stm32f4xx_hal_tim.o
    0x08001fd6   0x00000058   Code   RO         1820    i.HAL_UART_DMAStop  stm32f4xx_hal_uart.o
    0x0800202e   0x00000002   Code   RO         1822    i.HAL_UART_ErrorCallback  stm32f4xx_hal_uart.o
    0x08002030   0x00000110   Code   RO         1825    i.HAL_UART_IRQHandler  stm32f4xx_hal_uart.o
    0x08002140   0x00000062   Code   RO         1826    i.HAL_UART_Init     stm32f4xx_hal_uart.o
    0x080021a2   0x00000002   PAD
    0x080021a4   0x000000a8   Code   RO          423    i.HAL_UART_MspInit  usart.o
    0x0800224c   0x00000098   Code   RO         1830    i.HAL_UART_Receive_DMA  stm32f4xx_hal_uart.o
    0x080022e4   0x00000002   Code   RO         1832    i.HAL_UART_RxCpltCallback  stm32f4xx_hal_uart.o
    0x080022e6   0x00000002   Code   RO         1833    i.HAL_UART_RxHalfCpltCallback  stm32f4xx_hal_uart.o
    0x080022e8   0x00000002   Code   RO         1837    i.HAL_UART_TxCpltCallback  stm32f4xx_hal_uart.o
    0x080022ea   0x00000002   Code   RO          467    i.HardFault_Handler  stm32f4xx_it.o
    0x080022ec   0x0000000e   Code   RO         4527    i.IMU_INIT          bsp_imu.o
    0x080022fa   0x00000012   Code   RO         4528    i.IMU_UPDATE        bsp_imu.o
    0x0800230c   0x0000002c   Code   RO          239    i.MX_DMA_Init       dma.o
    0x08002338   0x0000003c   Code   RO          260    i.MX_FREERTOS_Init  freertos.o
    0x08002374   0x0000020c   Code   RO          215    i.MX_GPIO_Init      gpio.o
    0x08002580   0x00000058   Code   RO          304    i.MX_SPI5_Init      spi.o
    0x080025d8   0x00000068   Code   RO          347    i.MX_TIM12_Init     tim.o
    0x08002640   0x000000a4   Code   RO          348    i.MX_TIM2_Init      tim.o
    0x080026e4   0x00000080   Code   RO          349    i.MX_TIM3_Init      tim.o
    0x08002764   0x000000a8   Code   RO          350    i.MX_TIM4_Init      tim.o
    0x0800280c   0x000000a8   Code   RO          351    i.MX_TIM5_Init      tim.o
    0x080028b4   0x000000dc   Code   RO          352    i.MX_TIM8_Init      tim.o
    0x08002990   0x00000058   Code   RO          424    i.MX_USART1_UART_Init  usart.o
    0x080029e8   0x00000002   Code   RO          468    i.MemManage_Handler  stm32f4xx_it.o
    0x080029ea   0x00000002   Code   RO          469    i.NMI_Handler       stm32f4xx_it.o
    0x080029ec   0x00000020   Code   RO         2954    i.NVIC_SetPriority  stm32f4xx_hal_cortex.o
    0x08002a0c   0x00000020   Code   RO          649    i.SPI_CheckFlag_BSY  stm32f4xx_hal_spi.o
    0x08002a2c   0x00000096   Code   RO          667    i.SPI_WaitFlagStateUntilTimeout  stm32f4xx_hal_spi.o
    0x08002ac2   0x00000002   PAD
    0x08002ac4   0x00000154   Code   RO         4372    i.StartDBUSTask     dbus.o
    0x08002c18   0x00000008   Code   RO          261    i.StartDefaultTask  freertos.o
    0x08002c20   0x000000f4   Code   RO         4430    i.StartInitTask     inittask.o
    0x08002d14   0x0000000c   Code   RO         4494    i.StartMainTask     maintask.o
    0x08002d20   0x00000004   Code   RO          470    i.SysTick_Handler   stm32f4xx_it.o
    0x08002d24   0x000000a4   Code   RO           14    i.SystemClock_Config  main.o
    0x08002dc8   0x00000054   Code   RO         3255    i.SystemInit        system_stm32f4xx.o
    0x08002e1c   0x0000000c   Code   RO          471    i.TIM1_UP_TIM10_IRQHandler  stm32f4xx_it.o
    0x08002e28   0x000000c0   Code   RO         1017    i.TIM_Base_SetConfig  stm32f4xx_hal_tim.o
    0x08002ee8   0x00000016   Code   RO         1018    i.TIM_CCxChannelCmd  stm32f4xx_hal_tim.o
    0x08002efe   0x00000002   PAD
    0x08002f00   0x00000058   Code   RO         1026    i.TIM_OC1_SetConfig  stm32f4xx_hal_tim.o
    0x08002f58   0x00000064   Code   RO         1027    i.TIM_OC2_SetConfig  stm32f4xx_hal_tim.o
    0x08002fbc   0x00000060   Code   RO         1028    i.TIM_OC3_SetConfig  stm32f4xx_hal_tim.o
    0x0800301c   0x00000050   Code   RO         1029    i.TIM_OC4_SetConfig  stm32f4xx_hal_tim.o
    0x0800306c   0x00000010   Code   RO         1839    i.UART_DMAAbortOnError  stm32f4xx_hal_uart.o
    0x0800307c   0x0000004a   Code   RO         1840    i.UART_DMAError     stm32f4xx_hal_uart.o
    0x080030c6   0x0000003c   Code   RO         1841    i.UART_DMAReceiveCplt  stm32f4xx_hal_uart.o
    0x08003102   0x0000000a   Code   RO         1843    i.UART_DMARxHalfCplt  stm32f4xx_hal_uart.o
    0x0800310c   0x0000001c   Code   RO         1849    i.UART_EndRxTransfer  stm32f4xx_hal_uart.o
    0x08003128   0x00000012   Code   RO         1850    i.UART_EndTxTransfer  stm32f4xx_hal_uart.o
    0x0800313a   0x0000008c   Code   RO         1851    i.UART_Receive_IT   stm32f4xx_hal_uart.o
    0x080031c6   0x00000002   PAD
    0x080031c8   0x000002ac   Code   RO         1852    i.UART_SetConfig    stm32f4xx_hal_uart.o
    0x08003474   0x00000062   Code   RO         1853    i.UART_Transmit_IT  stm32f4xx_hal_uart.o
    0x080034d6   0x00000002   PAD
    0x080034d8   0x00000014   Code   RO          472    i.USART1_IRQHandler  stm32f4xx_it.o
    0x080034ec   0x00000002   Code   RO          473    i.UsageFault_Handler  stm32f4xx_it.o
    0x080034ee   0x00000002   Code   RO           15    i._Error_Handler    main.o
    0x080034f0   0x00000030   Code   RO         4770    i.__ARM_fpclassify  m_wm.l(fpclassify.o)
    0x08003520   0x00000360   Code   RO         4679    i.__hardfp_asin     m_wm.l(asin.o)
    0x08003880   0x000002d8   Code   RO         4742    i.__hardfp_atan     m_wm.l(atan.o)
    0x08003b58   0x000001f0   Code   RO         4693    i.__hardfp_atan2    m_wm.l(atan2.o)
    0x08003d48   0x00000014   Code   RO         4705    i.__hardfp_fabs     m_wm.l(fabs.o)
    0x08003d5c   0x0000007a   Code   RO         4711    i.__hardfp_sqrt     m_wm.l(sqrt.o)
    0x08003dd6   0x000000f8   Code   RO         4772    i.__kernel_poly     m_wm.l(poly.o)
    0x08003ece   0x00000014   Code   RO         4757    i.__mathlib_dbl_infnan  m_wm.l(dunder.o)
    0x08003ee2   0x00000014   Code   RO         4758    i.__mathlib_dbl_infnan2  m_wm.l(dunder.o)
    0x08003ef6   0x00000002   PAD
    0x08003ef8   0x00000020   Code   RO         4759    i.__mathlib_dbl_invalid  m_wm.l(dunder.o)
    0x08003f18   0x00000020   Code   RO         4762    i.__mathlib_dbl_underflow  m_wm.l(dunder.o)
    0x08003f38   0x0000000e   Code   RO         4821    i.__scatterload_copy  mc_w.l(handlers.o)
    0x08003f46   0x00000002   Code   RO         4822    i.__scatterload_null  mc_w.l(handlers.o)
    0x08003f48   0x0000000e   Code   RO         4823    i.__scatterload_zeroinit  mc_w.l(handlers.o)
    0x08003f56   0x00000002   PAD
    0x08003f58   0x0000000c   Code   RO         4795    i.__set_errno       mc_w.l(errno.o)
    0x08003f64   0x00000010   Code   RO         4744    i.atan              m_wm.l(atan.o)
    0x08003f74   0x00000018   Code   RO         4707    i.fabs              m_wm.l(fabs.o)
    0x08003f8c   0x000004aa   Code   RO         4529    i.imu_ahrs_update   bsp_imu.o
    0x08004436   0x00000002   PAD
    0x08004438   0x00000174   Code   RO         4530    i.imu_attitude_update  bsp_imu.o
    0x080045ac   0x000001cc   Code   RO         4531    i.init_quaternion   bsp_imu.o
    0x08004778   0x0000002c   Code   RO         4532    i.inv_sqrt          bsp_imu.o
    0x080047a4   0x0000000a   Code   RO         4533    i.ist8310_get_data  bsp_imu.o
    0x080047ae   0x00000100   Code   RO         4534    i.ist8310_init      bsp_imu.o
    0x080048ae   0x00000038   Code   RO         4535    i.ist_reg_read_by_mpu  bsp_imu.o
    0x080048e6   0x00000042   Code   RO         4536    i.ist_reg_write_by_mpu  bsp_imu.o
    0x08004928   0x0000006c   Code   RO           16    i.main              main.o
    0x08004994   0x0000000c   Code   RO         3991    i.makeFreeRtosPriority  cmsis_os.o
    0x080049a0   0x00000064   Code   RO         4537    i.mpu_device_init   bsp_imu.o
    0x08004a04   0x00000110   Code   RO         4538    i.mpu_get_data      bsp_imu.o
    0x08004b14   0x0000008e   Code   RO         4539    i.mpu_master_i2c_auto_read_config  bsp_imu.o
    0x08004ba2   0x00000002   PAD
    0x08004ba4   0x000000e4   Code   RO         4540    i.mpu_offset_call   bsp_imu.o
    0x08004c88   0x00000050   Code   RO         4541    i.mpu_read_byte     bsp_imu.o
    0x08004cd8   0x0000005c   Code   RO         4542    i.mpu_read_bytes    bsp_imu.o
    0x08004d34   0x0000000a   Code   RO         4543    i.mpu_set_accel_fsr  bsp_imu.o
    0x08004d3e   0x0000000a   Code   RO         4544    i.mpu_set_gyro_fsr  bsp_imu.o
    0x08004d48   0x00000054   Code   RO         4545    i.mpu_write_byte    bsp_imu.o
    0x08004d9c   0x0000000e   Code   RO         3993    i.osDelay           cmsis_os.o
    0x08004daa   0x0000000a   Code   RO         3996    i.osKernelStart     cmsis_os.o
    0x08004db4   0x00000014   Code   RO         4029    i.osSystickHandler  cmsis_os.o
    0x08004dc8   0x0000002e   Code   RO         4030    i.osThreadCreate    cmsis_os.o
    0x08004df6   0x0000000a   Code   RO         4039    i.osThreadTerminate  cmsis_os.o
    0x08004e00   0x00000070   Code   RO         3702    i.prvAddCurrentTaskToDelayedList  tasks.o
    0x08004e70   0x000000d0   Code   RO         3703    i.prvAddNewTaskToReadyList  tasks.o
    0x08004f40   0x00000050   Code   RO         3704    i.prvCheckTasksWaitingTermination  tasks.o
    0x08004f90   0x00000026   Code   RO         3562    i.prvCopyDataFromQueue  queue.o
    0x08004fb6   0x0000006c   Code   RO         3563    i.prvCopyDataToQueue  queue.o
    0x08005022   0x00000014   Code   RO         3705    i.prvDeleteTCB      tasks.o
    0x08005036   0x00000002   PAD
    0x08005038   0x0000004c   Code   RO         3289    i.prvHeapInit       heap_4.o
    0x08005084   0x00000028   Code   RO         3706    i.prvIdleTask       tasks.o
    0x080050ac   0x0000008e   Code   RO         3707    i.prvInitialiseNewTask  tasks.o
    0x0800513a   0x00000002   PAD
    0x0800513c   0x0000004c   Code   RO         3290    i.prvInsertBlockIntoFreeList  heap_4.o
    0x08005188   0x0000001c   Code   RO         3564    i.prvIsQueueEmpty   queue.o
    0x080051a4   0x00000020   Code   RO         3708    i.prvResetNextTaskUnblockTime  tasks.o
    0x080051c4   0x00000028   Code   RO         3360    i.prvTaskExitError  port.o
    0x080051ec   0x0000006a   Code   RO         3565    i.prvUnlockQueue    queue.o
    0x08005256   0x00000002   PAD
    0x08005258   0x000000d8   Code   RO         3291    i.pvPortMalloc      heap_4.o
    0x08005330   0x00000018   Code   RO         3710    i.pvTaskIncrementMutexHeldCount  tasks.o
    0x08005348   0x0000002c   Code   RO         3361    i.pxPortInitialiseStack  port.o
    0x08005374   0x0000006e   Code   RO         4713    i.sqrt              m_wm.l(sqrt.o)
    0x080053e2   0x00000024   Code   RO         3525    i.uxListRemove      list.o
    0x08005406   0x00000016   Code   RO         3526    i.vListInitialise   list.o
    0x0800541c   0x00000006   Code   RO         3527    i.vListInitialiseItem  list.o
    0x08005422   0x00000030   Code   RO         3528    i.vListInsert       list.o
    0x08005452   0x00000018   Code   RO         3529    i.vListInsertEnd    list.o
    0x0800546a   0x00000002   PAD
    0x0800546c   0x00000040   Code   RO         3363    i.vPortEnterCritical  port.o
    0x080054ac   0x00000028   Code   RO         3364    i.vPortExitCritical  port.o
    0x080054d4   0x0000005c   Code   RO         3292    i.vPortFree         heap_4.o
    0x08005530   0x00000020   Code   RO         3365    i.vPortSetupTimerInterrupt  port.o
    0x08005550   0x00000054   Code   RO         3366    i.vPortValidateInterruptPriority  port.o
    0x080055a4   0x0000004c   Code   RO         3716    i.vTaskDelay        tasks.o
    0x080055f0   0x000000ac   Code   RO         3717    i.vTaskDelete       tasks.o
    0x0800569c   0x0000000c   Code   RO         3719    i.vTaskMissedYield  tasks.o
    0x080056a8   0x00000030   Code   RO         3721    i.vTaskPlaceOnEventList  tasks.o
    0x080056d8   0x00000084   Code   RO         3723    i.vTaskPriorityInherit  tasks.o
    0x0800575c   0x00000024   Code   RO         3726    i.vTaskSetTimeOutState  tasks.o
    0x08005780   0x00000068   Code   RO         3727    i.vTaskStartScheduler  tasks.o
    0x080057e8   0x00000010   Code   RO         3729    i.vTaskSuspendAll   tasks.o
    0x080057f8   0x0000005c   Code   RO         3730    i.vTaskSwitchContext  tasks.o
    0x08005854   0x000000e0   Code   RO         3367    i.xPortStartScheduler  port.o
    0x08005934   0x0000002c   Code   RO         3368    i.xPortSysTickHandler  port.o
    0x08005960   0x00000048   Code   RO         3573    i.xQueueGenericCreate  queue.o
    0x080059a8   0x0000016c   Code   RO         3574    i.xQueueGenericReceive  queue.o
    0x08005b14   0x00000088   Code   RO         3575    i.xQueueGenericReset  queue.o
    0x08005b9c   0x00000160   Code   RO         3576    i.xQueueGenericSend  queue.o
    0x08005cfc   0x0000009c   Code   RO         3578    i.xQueueGiveFromISR  queue.o
    0x08005d98   0x0000006c   Code   RO         3731    i.xTaskCheckForTimeOut  tasks.o
    0x08005e04   0x00000056   Code   RO         3732    i.xTaskCreate       tasks.o
    0x08005e5a   0x00000002   PAD
    0x08005e5c   0x0000001c   Code   RO         3736    i.xTaskGetSchedulerState  tasks.o
    0x08005e78   0x000000c8   Code   RO         3739    i.xTaskIncrementTick  tasks.o
    0x08005f40   0x00000098   Code   RO         3742    i.xTaskPriorityDisinherit  tasks.o
    0x08005fd8   0x00000074   Code   RO         3743    i.xTaskRemoveFromEventList  tasks.o
    0x0800604c   0x000000c4   Code   RO         3745    i.xTaskResumeAll    tasks.o
    0x08006110   0x00000028   Data   RO          263    .constdata          freertos.o
    0x08006138   0x00000008   Data   RO         2653    .constdata          stm32f4xx_hal_dma.o
    0x08006140   0x00000010   Data   RO         3256    .constdata          system_stm32f4xx.o
    0x08006150   0x00000008   Data   RO         3257    .constdata          system_stm32f4xx.o
    0x08006158   0x00000014   Data   RO         4374    .constdata          dbus.o
    0x0800616c   0x00000014   Data   RO         4431    .constdata          inittask.o
    0x08006180   0x00000014   Data   RO         4547    .constdata          bsp_imu.o
    0x08006194   0x00000004   PAD
    0x08006198   0x00000050   Data   RO         4682    .constdata          m_wm.l(asin.o)
    0x080061e8   0x00000098   Data   RO         4745    .constdata          m_wm.l(atan.o)
    0x08006280   0x00000008   Data   RO         4774    .constdata          m_wm.l(qnan.o)
    0x08006288   0x00000018   Data   RO          264    .conststring        freertos.o
    0x080062a0   0x00000009   Data   RO         4375    .conststring        dbus.o
    0x080062a9   0x00000003   PAD
    0x080062ac   0x00000009   Data   RO         4432    .conststring        inittask.o
    0x080062b5   0x00000003   PAD
    0x080062b8   0x00000020   Data   RO         4819    Region$$Table       anon$$obj.o


    Execution Region RW_IRAM1 (Base: 0x20000000, Size: 0x00004530, Max: 0x00030000, ABSOLUTE)

    Base Addr    Size         Type   Attr      Idx    E Section Name        Object

    0x20000000   0x00000008   Data   RW          265    .data               freertos.o
    0x20000008   0x0000000c   Data   RW         3098    .data               stm32f4xx_hal.o
    0x20000014   0x00000004   Data   RW         3258    .data               system_stm32f4xx.o
    0x20000018   0x00000018   Data   RW         3297    .data               heap_4.o
    0x20000030   0x0000000c   Data   RW         3369    .data               port.o
    0x2000003c   0x0000003c   Data   RW         3748    .data               tasks.o
    0x20000078   0x0000000c   Data   RW         4376    .data               dbus.o
    0x20000084   0x00000004   Data   RW         4433    .data               inittask.o
    0x20000088   0x00000060   Data   RW         4548    .data               bsp_imu.o
    0x200000e8   0x00000004   Data   RW         4796    .data               mc_w.l(errno.o)
    0x200000ec   0x00000058   Zero   RW          305    .bss                spi.o
    0x20000144   0x00000168   Zero   RW          353    .bss                tim.o
    0x200002ac   0x000000a0   Zero   RW          425    .bss                usart.o
    0x2000034c   0x0000003c   Zero   RW          577    .bss                stm32f4xx_hal_timebase_tim.o
    0x20000388   0x00003c00   Zero   RW         3296    .bss                heap_4.o
    0x20003f88   0x000000f0   Zero   RW         3747    .bss                tasks.o
    0x20004078   0x0000003e   Zero   RW         4373    .bss                dbus.o
    0x200040b6   0x00000002   PAD
    0x200040b8   0x00000074   Zero   RW         4546    .bss                bsp_imu.o
    0x2000412c   0x00000004   PAD
    0x20004130   0x00000400   Zero   RW            1    STACK               startup_stm32f427xx.o


==============================================================================

Image component sizes


      Code (inc. data)   RO Data    RW Data    ZI Data      Debug   Object Name

      3508        222         20         96        116      15880   bsp_imu.o
       112          0          0          0          0      14392   cmsis_os.o
       524         42         29         12         62       4040   dbus.o
        44          4          0          0          0        842   dma.o
         0          0          0          0          0       8184   event_groups.o
        68          8         64          8          0       1941   freertos.o
       524         40          0          0          0       1355   gpio.o
       460         24          0         24      15360       9139   heap_4.o
       244         26         29          4          0       1726   inittask.o
       136          0          0          0          0       3814   list.o
       294         36          0          0          0     758485   main.o
        12          0          0          0          0        548   maintask.o
       758         84          0         12          0      12425   port.o
      1360         14          0          0          0      12602   queue.o
       164         36          0          0         88       1785   spi.o
        36          8        428          0       1024        880   startup_stm32f427xx.o
       116         18          0         12          0       4150   stm32f4xx_hal.o
       218         14          0          0          0      31353   stm32f4xx_hal_cortex.o
      1090         16          8          0          0       7750   stm32f4xx_hal_dma.o
       470         52          0          0          0       2572   stm32f4xx_hal_gpio.o
       132          6          0          0          0        998   stm32f4xx_hal_msp.o
       112         14          0          0          0       1376   stm32f4xx_hal_pwr_ex.o
      1340         96          0          0          0       6637   stm32f4xx_hal_rcc.o
       782          0          0          0          0       4629   stm32f4xx_hal_spi.o
      1342         88          0          0          0      13697   stm32f4xx_hal_tim.o
       174          0          0          0          0       3458   stm32f4xx_hal_tim_ex.o
       116         16          0          0         60       1584   stm32f4xx_hal_timebase_tim.o
      1746         28          0          0          0      12807   stm32f4xx_hal_uart.o
        60         16          0          0          0       5064   stm32f4xx_it.o
        84         18         24          4          0       1291   system_stm32f4xx.o
      2232        186          0         60        240      24423   tasks.o
      1336        214          0          0        360       6286   tim.o
       256         66          0          0        160       1937   usart.o

    ----------------------------------------------------------------------
     19886       1392        644        232      17476     978050   Object Totals
         0          0         32          0          0          0   (incl. Generated)
        36          0         10          0          6          0   (incl. Padding)

    ----------------------------------------------------------------------

      Code (inc. data)   RO Data    RW Data    ZI Data      Debug   Library Member Name

       864         94         80          0          0        280   asin.o
       744        106        152          0          0        352   atan.o
       496         64          0          0          0        192   atan2.o
       104         16          0          0          0        496   dunder.o
        44          0          0          0          0        248   fabs.o
        48          0          0          0          0        124   fpclassify.o
       248          0          0          0          0        152   poly.o
         0          0          8          0          0          0   qnan.o
       232          0          0          0          0        296   sqrt.o
         0          0          0          0          0          0   entry.o
         0          0          0          0          0          0   entry10a.o
         0          0          0          0          0          0   entry11a.o
         8          4          0          0          0          0   entry2.o
         4          0          0          0          0          0   entry5.o
         0          0          0          0          0          0   entry7b.o
         0          0          0          0          0          0   entry8b.o
         8          4          0          0          0          0   entry9a.o
        12          6          0          4          0         68   errno.o
        30          0          0          0          0          0   handlers.o
        36          8          0          0          0         68   init.o
         0          0          0          0          0          0   iusefp.o
        30          0          0          0          0         68   llshl.o
        36          0          0          0          0         68   llsshr.o
        32          0          0          0          0         68   llushr.o
        36          0          0          0          0         68   memcpya.o
        98          0          0          0          0         92   uldiv.o
        48          0          0          0          0         68   cdrcmple.o
        56          0          0          0          0         88   d2f.o
       334          0          0          0          0        148   dadd.o
       222          0          0          0          0        100   ddiv.o
       186          0          0          0          0        176   depilogue.o
        34          0          0          0          0         76   dflti.o
       228          0          0          0          0         96   dmul.o
       162          0          0          0          0        100   dsqrt.o
        38          0          0          0          0         68   f2d.o
       110          0          0          0          0        168   fepilogue.o

    ----------------------------------------------------------------------
      4534        302        240          4          0       3728   Library Totals
         6          0          0          0          0          0   (incl. Padding)

    ----------------------------------------------------------------------

      Code (inc. data)   RO Data    RW Data    ZI Data      Debug   Library Name

      2780        280        240          0          0       2140   m_wm.l
       330         22          0          4          0        500   mc_w.l
      1418          0          0          0          0       1088   mf_w.l

    ----------------------------------------------------------------------
      4534        302        240          4          0       3728   Library Totals

    ----------------------------------------------------------------------

==============================================================================


      Code (inc. data)   RO Data    RW Data    ZI Data      Debug   

     24420       1694        884        236      17476     962254   Grand Totals
     24420       1694        884        236      17476     962254   ELF Image Totals
     24420       1694        884        236          0          0   ROM Totals

==============================================================================

    Total RO  Size (Code + RO Data)                25304 (  24.71kB)
    Total RW  Size (RW Data + ZI Data)             17712 (  17.30kB)
    Total ROM Size (Code + RO Data + RW Data)      25540 (  24.94kB)

==============================================================================

