<!doctype html public "-//w3c//dtd html 4.0 transitional//en">
<html><head>
<title>Static Call Graph - [Quadruped Robot\Quadruped Robot.axf]</title></head>
<body><HR>
<H1>Static Call Graph for image Quadruped Robot\Quadruped Robot.axf</H1><HR>
<BR><P>#&#060CALLGRAPH&#062# ARM Linker, 5060061: Last Updated: Sun Mar 22 23:17:46 2020
<BR><P>
<H3>Maximum Stack Usage =        400 bytes + Unknown(Cycles, Untraceable Function Pointers)</H3><H3>
Call chain for Maximum Stack Depth:</H3>
StartMainTask &rArr;  StartMainTask (Cycle)
<P>
<H3>
Mutually Recursive functions
</H3> <LI><a href="#[1d]">ADC_IRQHandler</a>&nbsp;&nbsp;&nbsp;&rArr;&nbsp;&nbsp;&nbsp;<a href="#[1d]">ADC_IRQHandler</a><BR>
 <LI><a href="#[5]">BusFault_Handler</a>&nbsp;&nbsp;&nbsp;&rArr;&nbsp;&nbsp;&nbsp;<a href="#[5]">BusFault_Handler</a><BR>
 <LI><a href="#[3]">HardFault_Handler</a>&nbsp;&nbsp;&nbsp;&rArr;&nbsp;&nbsp;&nbsp;<a href="#[3]">HardFault_Handler</a><BR>
 <LI><a href="#[4]">MemManage_Handler</a>&nbsp;&nbsp;&nbsp;&rArr;&nbsp;&nbsp;&nbsp;<a href="#[4]">MemManage_Handler</a><BR>
 <LI><a href="#[6c]">StartDefaultTask</a>&nbsp;&nbsp;&nbsp;&rArr;&nbsp;&nbsp;&nbsp;<a href="#[6c]">StartDefaultTask</a><BR>
 <LI><a href="#[6f]">StartMainTask</a>&nbsp;&nbsp;&nbsp;&rArr;&nbsp;&nbsp;&nbsp;<a href="#[6f]">StartMainTask</a><BR>
 <LI><a href="#[70]">StartShowTask</a>&nbsp;&nbsp;&nbsp;&rArr;&nbsp;&nbsp;&nbsp;<a href="#[70]">StartShowTask</a><BR>
 <LI><a href="#[6]">UsageFault_Handler</a>&nbsp;&nbsp;&nbsp;&rArr;&nbsp;&nbsp;&nbsp;<a href="#[6]">UsageFault_Handler</a><BR>
 <LI><a href="#[d2]">_Error_Handler</a>&nbsp;&nbsp;&nbsp;&rArr;&nbsp;&nbsp;&nbsp;<a href="#[d2]">_Error_Handler</a><BR>
</UL>
<P>
<H3>
Function Pointers
</H3><UL>
 <LI><a href="#[1d]">ADC_IRQHandler</a> from startup_stm32f427xx.o(.text) referenced from startup_stm32f427xx.o(RESET)
 <LI><a href="#[5]">BusFault_Handler</a> from stm32f4xx_it.o(i.BusFault_Handler) referenced from startup_stm32f427xx.o(RESET)
 <LI><a href="#[1f]">CAN1_RX0_IRQHandler</a> from startup_stm32f427xx.o(.text) referenced from startup_stm32f427xx.o(RESET)
 <LI><a href="#[20]">CAN1_RX1_IRQHandler</a> from startup_stm32f427xx.o(.text) referenced from startup_stm32f427xx.o(RESET)
 <LI><a href="#[21]">CAN1_SCE_IRQHandler</a> from startup_stm32f427xx.o(.text) referenced from startup_stm32f427xx.o(RESET)
 <LI><a href="#[1e]">CAN1_TX_IRQHandler</a> from startup_stm32f427xx.o(.text) referenced from startup_stm32f427xx.o(RESET)
 <LI><a href="#[4b]">CAN2_RX0_IRQHandler</a> from startup_stm32f427xx.o(.text) referenced from startup_stm32f427xx.o(RESET)
 <LI><a href="#[4c]">CAN2_RX1_IRQHandler</a> from startup_stm32f427xx.o(.text) referenced from startup_stm32f427xx.o(RESET)
 <LI><a href="#[4d]">CAN2_SCE_IRQHandler</a> from startup_stm32f427xx.o(.text) referenced from startup_stm32f427xx.o(RESET)
 <LI><a href="#[4a]">CAN2_TX_IRQHandler</a> from startup_stm32f427xx.o(.text) referenced from startup_stm32f427xx.o(RESET)
 <LI><a href="#[59]">DCMI_IRQHandler</a> from startup_stm32f427xx.o(.text) referenced from startup_stm32f427xx.o(RESET)
 <LI><a href="#[16]">DMA1_Stream0_IRQHandler</a> from startup_stm32f427xx.o(.text) referenced from startup_stm32f427xx.o(RESET)
 <LI><a href="#[17]">DMA1_Stream1_IRQHandler</a> from startup_stm32f427xx.o(.text) referenced from startup_stm32f427xx.o(RESET)
 <LI><a href="#[18]">DMA1_Stream2_IRQHandler</a> from startup_stm32f427xx.o(.text) referenced from startup_stm32f427xx.o(RESET)
 <LI><a href="#[19]">DMA1_Stream3_IRQHandler</a> from startup_stm32f427xx.o(.text) referenced from startup_stm32f427xx.o(RESET)
 <LI><a href="#[1a]">DMA1_Stream4_IRQHandler</a> from startup_stm32f427xx.o(.text) referenced from startup_stm32f427xx.o(RESET)
 <LI><a href="#[1b]">DMA1_Stream5_IRQHandler</a> from startup_stm32f427xx.o(.text) referenced from startup_stm32f427xx.o(RESET)
 <LI><a href="#[1c]">DMA1_Stream6_IRQHandler</a> from startup_stm32f427xx.o(.text) referenced from startup_stm32f427xx.o(RESET)
 <LI><a href="#[3a]">DMA1_Stream7_IRQHandler</a> from startup_stm32f427xx.o(.text) referenced from startup_stm32f427xx.o(RESET)
 <LI><a href="#[62]">DMA2D_IRQHandler</a> from startup_stm32f427xx.o(.text) referenced from startup_stm32f427xx.o(RESET)
 <LI><a href="#[43]">DMA2_Stream0_IRQHandler</a> from startup_stm32f427xx.o(.text) referenced from startup_stm32f427xx.o(RESET)
 <LI><a href="#[44]">DMA2_Stream1_IRQHandler</a> from startup_stm32f427xx.o(.text) referenced from startup_stm32f427xx.o(RESET)
 <LI><a href="#[45]">DMA2_Stream2_IRQHandler</a> from stm32f4xx_it.o(i.DMA2_Stream2_IRQHandler) referenced from startup_stm32f427xx.o(RESET)
 <LI><a href="#[46]">DMA2_Stream3_IRQHandler</a> from startup_stm32f427xx.o(.text) referenced from startup_stm32f427xx.o(RESET)
 <LI><a href="#[47]">DMA2_Stream4_IRQHandler</a> from startup_stm32f427xx.o(.text) referenced from startup_stm32f427xx.o(RESET)
 <LI><a href="#[4f]">DMA2_Stream5_IRQHandler</a> from startup_stm32f427xx.o(.text) referenced from startup_stm32f427xx.o(RESET)
 <LI><a href="#[50]">DMA2_Stream6_IRQHandler</a> from startup_stm32f427xx.o(.text) referenced from startup_stm32f427xx.o(RESET)
 <LI><a href="#[51]">DMA2_Stream7_IRQHandler</a> from startup_stm32f427xx.o(.text) referenced from startup_stm32f427xx.o(RESET)
 <LI><a href="#[8]">DebugMon_Handler</a> from stm32f4xx_it.o(i.DebugMon_Handler) referenced from startup_stm32f427xx.o(RESET)
 <LI><a href="#[48]">ETH_IRQHandler</a> from startup_stm32f427xx.o(.text) referenced from startup_stm32f427xx.o(RESET)
 <LI><a href="#[49]">ETH_WKUP_IRQHandler</a> from startup_stm32f427xx.o(.text) referenced from startup_stm32f427xx.o(RESET)
 <LI><a href="#[11]">EXTI0_IRQHandler</a> from startup_stm32f427xx.o(.text) referenced from startup_stm32f427xx.o(RESET)
 <LI><a href="#[33]">EXTI15_10_IRQHandler</a> from startup_stm32f427xx.o(.text) referenced from startup_stm32f427xx.o(RESET)
 <LI><a href="#[12]">EXTI1_IRQHandler</a> from startup_stm32f427xx.o(.text) referenced from startup_stm32f427xx.o(RESET)
 <LI><a href="#[13]">EXTI2_IRQHandler</a> from startup_stm32f427xx.o(.text) referenced from startup_stm32f427xx.o(RESET)
 <LI><a href="#[14]">EXTI3_IRQHandler</a> from startup_stm32f427xx.o(.text) referenced from startup_stm32f427xx.o(RESET)
 <LI><a href="#[15]">EXTI4_IRQHandler</a> from startup_stm32f427xx.o(.text) referenced from startup_stm32f427xx.o(RESET)
 <LI><a href="#[22]">EXTI9_5_IRQHandler</a> from startup_stm32f427xx.o(.text) referenced from startup_stm32f427xx.o(RESET)
 <LI><a href="#[f]">FLASH_IRQHandler</a> from startup_stm32f427xx.o(.text) referenced from startup_stm32f427xx.o(RESET)
 <LI><a href="#[3b]">FMC_IRQHandler</a> from startup_stm32f427xx.o(.text) referenced from startup_stm32f427xx.o(RESET)
 <LI><a href="#[5b]">FPU_IRQHandler</a> from startup_stm32f427xx.o(.text) referenced from startup_stm32f427xx.o(RESET)
 <LI><a href="#[5a]">HASH_RNG_IRQHandler</a> from startup_stm32f427xx.o(.text) referenced from startup_stm32f427xx.o(RESET)
 <LI><a href="#[3]">HardFault_Handler</a> from stm32f4xx_it.o(i.HardFault_Handler) referenced from startup_stm32f427xx.o(RESET)
 <LI><a href="#[2b]">I2C1_ER_IRQHandler</a> from startup_stm32f427xx.o(.text) referenced from startup_stm32f427xx.o(RESET)
 <LI><a href="#[2a]">I2C1_EV_IRQHandler</a> from startup_stm32f427xx.o(.text) referenced from startup_stm32f427xx.o(RESET)
 <LI><a href="#[2d]">I2C2_ER_IRQHandler</a> from startup_stm32f427xx.o(.text) referenced from startup_stm32f427xx.o(RESET)
 <LI><a href="#[2c]">I2C2_EV_IRQHandler</a> from startup_stm32f427xx.o(.text) referenced from startup_stm32f427xx.o(RESET)
 <LI><a href="#[54]">I2C3_ER_IRQHandler</a> from startup_stm32f427xx.o(.text) referenced from startup_stm32f427xx.o(RESET)
 <LI><a href="#[53]">I2C3_EV_IRQHandler</a> from startup_stm32f427xx.o(.text) referenced from startup_stm32f427xx.o(RESET)
 <LI><a href="#[4]">MemManage_Handler</a> from stm32f4xx_it.o(i.MemManage_Handler) referenced from startup_stm32f427xx.o(RESET)
 <LI><a href="#[2]">NMI_Handler</a> from stm32f4xx_it.o(i.NMI_Handler) referenced from startup_stm32f427xx.o(RESET)
 <LI><a href="#[4e]">OTG_FS_IRQHandler</a> from startup_stm32f427xx.o(.text) referenced from startup_stm32f427xx.o(RESET)
 <LI><a href="#[35]">OTG_FS_WKUP_IRQHandler</a> from startup_stm32f427xx.o(.text) referenced from startup_stm32f427xx.o(RESET)
 <LI><a href="#[56]">OTG_HS_EP1_IN_IRQHandler</a> from startup_stm32f427xx.o(.text) referenced from startup_stm32f427xx.o(RESET)
 <LI><a href="#[55]">OTG_HS_EP1_OUT_IRQHandler</a> from startup_stm32f427xx.o(.text) referenced from startup_stm32f427xx.o(RESET)
 <LI><a href="#[58]">OTG_HS_IRQHandler</a> from startup_stm32f427xx.o(.text) referenced from startup_stm32f427xx.o(RESET)
 <LI><a href="#[57]">OTG_HS_WKUP_IRQHandler</a> from startup_stm32f427xx.o(.text) referenced from startup_stm32f427xx.o(RESET)
 <LI><a href="#[c]">PVD_IRQHandler</a> from startup_stm32f427xx.o(.text) referenced from startup_stm32f427xx.o(RESET)
 <LI><a href="#[9]">PendSV_Handler</a> from port.o(.emb_text) referenced from startup_stm32f427xx.o(RESET)
 <LI><a href="#[10]">RCC_IRQHandler</a> from startup_stm32f427xx.o(.text) referenced from startup_stm32f427xx.o(RESET)
 <LI><a href="#[34]">RTC_Alarm_IRQHandler</a> from startup_stm32f427xx.o(.text) referenced from startup_stm32f427xx.o(RESET)
 <LI><a href="#[e]">RTC_WKUP_IRQHandler</a> from startup_stm32f427xx.o(.text) referenced from startup_stm32f427xx.o(RESET)
 <LI><a href="#[1]">Reset_Handler</a> from startup_stm32f427xx.o(.text) referenced from startup_stm32f427xx.o(RESET)
 <LI><a href="#[61]">SAI1_IRQHandler</a> from startup_stm32f427xx.o(.text) referenced from startup_stm32f427xx.o(RESET)
 <LI><a href="#[3c]">SDIO_IRQHandler</a> from startup_stm32f427xx.o(.text) referenced from startup_stm32f427xx.o(RESET)
 <LI><a href="#[2e]">SPI1_IRQHandler</a> from startup_stm32f427xx.o(.text) referenced from startup_stm32f427xx.o(RESET)
 <LI><a href="#[2f]">SPI2_IRQHandler</a> from startup_stm32f427xx.o(.text) referenced from startup_stm32f427xx.o(RESET)
 <LI><a href="#[3e]">SPI3_IRQHandler</a> from startup_stm32f427xx.o(.text) referenced from startup_stm32f427xx.o(RESET)
 <LI><a href="#[5e]">SPI4_IRQHandler</a> from startup_stm32f427xx.o(.text) referenced from startup_stm32f427xx.o(RESET)
 <LI><a href="#[5f]">SPI5_IRQHandler</a> from startup_stm32f427xx.o(.text) referenced from startup_stm32f427xx.o(RESET)
 <LI><a href="#[60]">SPI6_IRQHandler</a> from startup_stm32f427xx.o(.text) referenced from startup_stm32f427xx.o(RESET)
 <LI><a href="#[7]">SVC_Handler</a> from port.o(.emb_text) referenced from startup_stm32f427xx.o(RESET)
 <LI><a href="#[6e]">StartDBUSTask</a> from dbus.o(i.StartDBUSTask) referenced from dbus.o(.constdata)
 <LI><a href="#[6c]">StartDefaultTask</a> from freertos.o(i.StartDefaultTask) referenced from freertos.o(.constdata)
 <LI><a href="#[6d]">StartInitTask</a> from inittask.o(i.StartInitTask) referenced from freertos.o(.constdata)
 <LI><a href="#[6f]">StartMainTask</a> from maintask.o(i.StartMainTask) referenced from inittask.o(.constdata)
 <LI><a href="#[70]">StartShowTask</a> from maintask.o(i.StartShowTask) referenced from inittask.o(.constdata)
 <LI><a href="#[a]">SysTick_Handler</a> from stm32f4xx_it.o(i.SysTick_Handler) referenced from startup_stm32f427xx.o(RESET)
 <LI><a href="#[64]">SystemInit</a> from system_stm32f4xx.o(i.SystemInit) referenced from startup_stm32f427xx.o(.text)
 <LI><a href="#[d]">TAMP_STAMP_IRQHandler</a> from startup_stm32f427xx.o(.text) referenced from startup_stm32f427xx.o(RESET)
 <LI><a href="#[23]">TIM1_BRK_TIM9_IRQHandler</a> from startup_stm32f427xx.o(.text) referenced from startup_stm32f427xx.o(RESET)
 <LI><a href="#[26]">TIM1_CC_IRQHandler</a> from startup_stm32f427xx.o(.text) referenced from startup_stm32f427xx.o(RESET)
 <LI><a href="#[25]">TIM1_TRG_COM_TIM11_IRQHandler</a> from startup_stm32f427xx.o(.text) referenced from startup_stm32f427xx.o(RESET)
 <LI><a href="#[24]">TIM1_UP_TIM10_IRQHandler</a> from stm32f4xx_it.o(i.TIM1_UP_TIM10_IRQHandler) referenced from startup_stm32f427xx.o(RESET)
 <LI><a href="#[27]">TIM2_IRQHandler</a> from startup_stm32f427xx.o(.text) referenced from startup_stm32f427xx.o(RESET)
 <LI><a href="#[28]">TIM3_IRQHandler</a> from startup_stm32f427xx.o(.text) referenced from startup_stm32f427xx.o(RESET)
 <LI><a href="#[29]">TIM4_IRQHandler</a> from startup_stm32f427xx.o(.text) referenced from startup_stm32f427xx.o(RESET)
 <LI><a href="#[3d]">TIM5_IRQHandler</a> from startup_stm32f427xx.o(.text) referenced from startup_stm32f427xx.o(RESET)
 <LI><a href="#[41]">TIM6_DAC_IRQHandler</a> from startup_stm32f427xx.o(.text) referenced from startup_stm32f427xx.o(RESET)
 <LI><a href="#[42]">TIM7_IRQHandler</a> from startup_stm32f427xx.o(.text) referenced from startup_stm32f427xx.o(RESET)
 <LI><a href="#[36]">TIM8_BRK_TIM12_IRQHandler</a> from startup_stm32f427xx.o(.text) referenced from startup_stm32f427xx.o(RESET)
 <LI><a href="#[39]">TIM8_CC_IRQHandler</a> from startup_stm32f427xx.o(.text) referenced from startup_stm32f427xx.o(RESET)
 <LI><a href="#[38]">TIM8_TRG_COM_TIM14_IRQHandler</a> from startup_stm32f427xx.o(.text) referenced from startup_stm32f427xx.o(RESET)
 <LI><a href="#[37]">TIM8_UP_TIM13_IRQHandler</a> from startup_stm32f427xx.o(.text) referenced from startup_stm32f427xx.o(RESET)
 <LI><a href="#[3f]">UART4_IRQHandler</a> from startup_stm32f427xx.o(.text) referenced from startup_stm32f427xx.o(RESET)
 <LI><a href="#[40]">UART5_IRQHandler</a> from startup_stm32f427xx.o(.text) referenced from startup_stm32f427xx.o(RESET)
 <LI><a href="#[5c]">UART7_IRQHandler</a> from startup_stm32f427xx.o(.text) referenced from startup_stm32f427xx.o(RESET)
 <LI><a href="#[5d]">UART8_IRQHandler</a> from startup_stm32f427xx.o(.text) referenced from startup_stm32f427xx.o(RESET)
 <LI><a href="#[66]">UART_DMAAbortOnError</a> from stm32f4xx_hal_uart.o(i.UART_DMAAbortOnError) referenced from stm32f4xx_hal_uart.o(i.HAL_UART_IRQHandler)
 <LI><a href="#[69]">UART_DMAError</a> from stm32f4xx_hal_uart.o(i.UART_DMAError) referenced from stm32f4xx_hal_uart.o(i.HAL_UART_Receive_DMA)
 <LI><a href="#[67]">UART_DMAReceiveCplt</a> from stm32f4xx_hal_uart.o(i.UART_DMAReceiveCplt) referenced from stm32f4xx_hal_uart.o(i.HAL_UART_Receive_DMA)
 <LI><a href="#[68]">UART_DMARxHalfCplt</a> from stm32f4xx_hal_uart.o(i.UART_DMARxHalfCplt) referenced from stm32f4xx_hal_uart.o(i.HAL_UART_Receive_DMA)
 <LI><a href="#[30]">USART1_IRQHandler</a> from stm32f4xx_it.o(i.USART1_IRQHandler) referenced from startup_stm32f427xx.o(RESET)
 <LI><a href="#[31]">USART2_IRQHandler</a> from startup_stm32f427xx.o(.text) referenced from startup_stm32f427xx.o(RESET)
 <LI><a href="#[32]">USART3_IRQHandler</a> from startup_stm32f427xx.o(.text) referenced from startup_stm32f427xx.o(RESET)
 <LI><a href="#[52]">USART6_IRQHandler</a> from startup_stm32f427xx.o(.text) referenced from startup_stm32f427xx.o(RESET)
 <LI><a href="#[6]">UsageFault_Handler</a> from stm32f4xx_it.o(i.UsageFault_Handler) referenced from startup_stm32f427xx.o(RESET)
 <LI><a href="#[b]">WWDG_IRQHandler</a> from startup_stm32f427xx.o(.text) referenced from startup_stm32f427xx.o(RESET)
 <LI><a href="#[65]">__main</a> from entry.o(.ARM.Collect$$$$00000000) referenced from startup_stm32f427xx.o(.text)
 <LI><a href="#[63]">main</a> from main.o(i.main) referenced from entry9a.o(.ARM.Collect$$$$0000000B)
 <LI><a href="#[6b]">prvIdleTask</a> from tasks.o(i.prvIdleTask) referenced from tasks.o(i.vTaskStartScheduler)
 <LI><a href="#[6a]">prvTaskExitError</a> from port.o(i.prvTaskExitError) referenced from port.o(i.pxPortInitialiseStack)
</UL>
<P>
<H3>
Global Symbols
</H3>
<P><STRONG><a name="[65]"></a>__main</STRONG> (Thumb, 0 bytes, Stack size unknown bytes, entry.o(.ARM.Collect$$$$00000000))
<BR>[Address Reference Count : 1]<UL><LI> startup_stm32f427xx.o(.text)
</UL>
<P><STRONG><a name="[15d]"></a>_main_stk</STRONG> (Thumb, 0 bytes, Stack size unknown bytes, entry2.o(.ARM.Collect$$$$00000001))

<P><STRONG><a name="[71]"></a>_main_scatterload</STRONG> (Thumb, 0 bytes, Stack size unknown bytes, entry5.o(.ARM.Collect$$$$00000004))
<BR><BR>[Calls]<UL><LI><a href="#[72]">&gt;&gt;</a>&nbsp;&nbsp;&nbsp;__scatterload
</UL>

<P><STRONG><a name="[85]"></a>__main_after_scatterload</STRONG> (Thumb, 0 bytes, Stack size unknown bytes, entry5.o(.ARM.Collect$$$$00000004))
<BR><BR>[Called By]<UL><LI><a href="#[72]">&gt;&gt;</a>&nbsp;&nbsp;&nbsp;__scatterload
</UL>

<P><STRONG><a name="[15e]"></a>_main_clock</STRONG> (Thumb, 0 bytes, Stack size unknown bytes, entry7b.o(.ARM.Collect$$$$00000008))

<P><STRONG><a name="[15f]"></a>_main_cpp_init</STRONG> (Thumb, 0 bytes, Stack size unknown bytes, entry8b.o(.ARM.Collect$$$$0000000A))

<P><STRONG><a name="[160]"></a>_main_init</STRONG> (Thumb, 0 bytes, Stack size unknown bytes, entry9a.o(.ARM.Collect$$$$0000000B))

<P><STRONG><a name="[161]"></a>__rt_final_cpp</STRONG> (Thumb, 0 bytes, Stack size unknown bytes, entry10a.o(.ARM.Collect$$$$0000000D))

<P><STRONG><a name="[162]"></a>__rt_final_exit</STRONG> (Thumb, 0 bytes, Stack size unknown bytes, entry11a.o(.ARM.Collect$$$$0000000F))

<P><STRONG><a name="[7]"></a>SVC_Handler</STRONG> (Thumb, 28 bytes, Stack size 0 bytes, port.o(.emb_text))
<BR>[Address Reference Count : 1]<UL><LI> startup_stm32f427xx.o(RESET)
</UL>
<P><STRONG><a name="[157]"></a>__asm___6_port_c_39a90d8d__prvStartFirstTask</STRONG> (Thumb, 28 bytes, Stack size 0 bytes, port.o(.emb_text))
<BR><BR>[Called By]<UL><LI><a href="#[154]">&gt;&gt;</a>&nbsp;&nbsp;&nbsp;xPortStartScheduler
</UL>

<P><STRONG><a name="[156]"></a>__asm___6_port_c_39a90d8d__prvEnableVFP</STRONG> (Thumb, 16 bytes, Stack size 0 bytes, port.o(.emb_text))
<BR><BR>[Called By]<UL><LI><a href="#[154]">&gt;&gt;</a>&nbsp;&nbsp;&nbsp;xPortStartScheduler
</UL>

<P><STRONG><a name="[9]"></a>PendSV_Handler</STRONG> (Thumb, 92 bytes, Stack size 0 bytes, port.o(.emb_text))
<BR><BR>[Calls]<UL><LI><a href="#[73]">&gt;&gt;</a>&nbsp;&nbsp;&nbsp;vTaskSwitchContext
</UL>
<BR>[Address Reference Count : 1]<UL><LI> startup_stm32f427xx.o(RESET)
</UL>
<P><STRONG><a name="[150]"></a>vPortGetIPSR</STRONG> (Thumb, 6 bytes, Stack size 0 bytes, port.o(.emb_text))
<BR><BR>[Called By]<UL><LI><a href="#[14f]">&gt;&gt;</a>&nbsp;&nbsp;&nbsp;vPortValidateInterruptPriority
</UL>

<P><STRONG><a name="[1]"></a>Reset_Handler</STRONG> (Thumb, 8 bytes, Stack size 0 bytes, startup_stm32f427xx.o(.text))
<BR>[Address Reference Count : 1]<UL><LI> startup_stm32f427xx.o(RESET)
</UL>
<P><STRONG><a name="[1d]"></a>ADC_IRQHandler</STRONG> (Thumb, 0 bytes, Stack size 0 bytes, startup_stm32f427xx.o(.text))
<BR><BR>[Calls]<UL><LI><a href="#[1d]">&gt;&gt;</a>&nbsp;&nbsp;&nbsp;ADC_IRQHandler
</UL>
<BR>[Called By]<UL><LI><a href="#[1d]">&gt;&gt;</a>&nbsp;&nbsp;&nbsp;ADC_IRQHandler
</UL>
<BR>[Address Reference Count : 1]<UL><LI> startup_stm32f427xx.o(RESET)
</UL>
<P><STRONG><a name="[1f]"></a>CAN1_RX0_IRQHandler</STRONG> (Thumb, 0 bytes, Stack size 0 bytes, startup_stm32f427xx.o(.text))
<BR>[Address Reference Count : 1]<UL><LI> startup_stm32f427xx.o(RESET)
</UL>
<P><STRONG><a name="[20]"></a>CAN1_RX1_IRQHandler</STRONG> (Thumb, 0 bytes, Stack size 0 bytes, startup_stm32f427xx.o(.text))
<BR>[Address Reference Count : 1]<UL><LI> startup_stm32f427xx.o(RESET)
</UL>
<P><STRONG><a name="[21]"></a>CAN1_SCE_IRQHandler</STRONG> (Thumb, 0 bytes, Stack size 0 bytes, startup_stm32f427xx.o(.text))
<BR>[Address Reference Count : 1]<UL><LI> startup_stm32f427xx.o(RESET)
</UL>
<P><STRONG><a name="[1e]"></a>CAN1_TX_IRQHandler</STRONG> (Thumb, 0 bytes, Stack size 0 bytes, startup_stm32f427xx.o(.text))
<BR>[Address Reference Count : 1]<UL><LI> startup_stm32f427xx.o(RESET)
</UL>
<P><STRONG><a name="[4b]"></a>CAN2_RX0_IRQHandler</STRONG> (Thumb, 0 bytes, Stack size 0 bytes, startup_stm32f427xx.o(.text))
<BR>[Address Reference Count : 1]<UL><LI> startup_stm32f427xx.o(RESET)
</UL>
<P><STRONG><a name="[4c]"></a>CAN2_RX1_IRQHandler</STRONG> (Thumb, 0 bytes, Stack size 0 bytes, startup_stm32f427xx.o(.text))
<BR>[Address Reference Count : 1]<UL><LI> startup_stm32f427xx.o(RESET)
</UL>
<P><STRONG><a name="[4d]"></a>CAN2_SCE_IRQHandler</STRONG> (Thumb, 0 bytes, Stack size 0 bytes, startup_stm32f427xx.o(.text))
<BR>[Address Reference Count : 1]<UL><LI> startup_stm32f427xx.o(RESET)
</UL>
<P><STRONG><a name="[4a]"></a>CAN2_TX_IRQHandler</STRONG> (Thumb, 0 bytes, Stack size 0 bytes, startup_stm32f427xx.o(.text))
<BR>[Address Reference Count : 1]<UL><LI> startup_stm32f427xx.o(RESET)
</UL>
<P><STRONG><a name="[59]"></a>DCMI_IRQHandler</STRONG> (Thumb, 0 bytes, Stack size 0 bytes, startup_stm32f427xx.o(.text))
<BR>[Address Reference Count : 1]<UL><LI> startup_stm32f427xx.o(RESET)
</UL>
<P><STRONG><a name="[16]"></a>DMA1_Stream0_IRQHandler</STRONG> (Thumb, 0 bytes, Stack size 0 bytes, startup_stm32f427xx.o(.text))
<BR>[Address Reference Count : 1]<UL><LI> startup_stm32f427xx.o(RESET)
</UL>
<P><STRONG><a name="[17]"></a>DMA1_Stream1_IRQHandler</STRONG> (Thumb, 0 bytes, Stack size 0 bytes, startup_stm32f427xx.o(.text))
<BR>[Address Reference Count : 1]<UL><LI> startup_stm32f427xx.o(RESET)
</UL>
<P><STRONG><a name="[18]"></a>DMA1_Stream2_IRQHandler</STRONG> (Thumb, 0 bytes, Stack size 0 bytes, startup_stm32f427xx.o(.text))
<BR>[Address Reference Count : 1]<UL><LI> startup_stm32f427xx.o(RESET)
</UL>
<P><STRONG><a name="[19]"></a>DMA1_Stream3_IRQHandler</STRONG> (Thumb, 0 bytes, Stack size 0 bytes, startup_stm32f427xx.o(.text))
<BR>[Address Reference Count : 1]<UL><LI> startup_stm32f427xx.o(RESET)
</UL>
<P><STRONG><a name="[1a]"></a>DMA1_Stream4_IRQHandler</STRONG> (Thumb, 0 bytes, Stack size 0 bytes, startup_stm32f427xx.o(.text))
<BR>[Address Reference Count : 1]<UL><LI> startup_stm32f427xx.o(RESET)
</UL>
<P><STRONG><a name="[1b]"></a>DMA1_Stream5_IRQHandler</STRONG> (Thumb, 0 bytes, Stack size 0 bytes, startup_stm32f427xx.o(.text))
<BR>[Address Reference Count : 1]<UL><LI> startup_stm32f427xx.o(RESET)
</UL>
<P><STRONG><a name="[1c]"></a>DMA1_Stream6_IRQHandler</STRONG> (Thumb, 0 bytes, Stack size 0 bytes, startup_stm32f427xx.o(.text))
<BR>[Address Reference Count : 1]<UL><LI> startup_stm32f427xx.o(RESET)
</UL>
<P><STRONG><a name="[3a]"></a>DMA1_Stream7_IRQHandler</STRONG> (Thumb, 0 bytes, Stack size 0 bytes, startup_stm32f427xx.o(.text))
<BR>[Address Reference Count : 1]<UL><LI> startup_stm32f427xx.o(RESET)
</UL>
<P><STRONG><a name="[62]"></a>DMA2D_IRQHandler</STRONG> (Thumb, 0 bytes, Stack size 0 bytes, startup_stm32f427xx.o(.text))
<BR>[Address Reference Count : 1]<UL><LI> startup_stm32f427xx.o(RESET)
</UL>
<P><STRONG><a name="[43]"></a>DMA2_Stream0_IRQHandler</STRONG> (Thumb, 0 bytes, Stack size 0 bytes, startup_stm32f427xx.o(.text))
<BR>[Address Reference Count : 1]<UL><LI> startup_stm32f427xx.o(RESET)
</UL>
<P><STRONG><a name="[44]"></a>DMA2_Stream1_IRQHandler</STRONG> (Thumb, 0 bytes, Stack size 0 bytes, startup_stm32f427xx.o(.text))
<BR>[Address Reference Count : 1]<UL><LI> startup_stm32f427xx.o(RESET)
</UL>
<P><STRONG><a name="[46]"></a>DMA2_Stream3_IRQHandler</STRONG> (Thumb, 0 bytes, Stack size 0 bytes, startup_stm32f427xx.o(.text))
<BR>[Address Reference Count : 1]<UL><LI> startup_stm32f427xx.o(RESET)
</UL>
<P><STRONG><a name="[47]"></a>DMA2_Stream4_IRQHandler</STRONG> (Thumb, 0 bytes, Stack size 0 bytes, startup_stm32f427xx.o(.text))
<BR>[Address Reference Count : 1]<UL><LI> startup_stm32f427xx.o(RESET)
</UL>
<P><STRONG><a name="[4f]"></a>DMA2_Stream5_IRQHandler</STRONG> (Thumb, 0 bytes, Stack size 0 bytes, startup_stm32f427xx.o(.text))
<BR>[Address Reference Count : 1]<UL><LI> startup_stm32f427xx.o(RESET)
</UL>
<P><STRONG><a name="[50]"></a>DMA2_Stream6_IRQHandler</STRONG> (Thumb, 0 bytes, Stack size 0 bytes, startup_stm32f427xx.o(.text))
<BR>[Address Reference Count : 1]<UL><LI> startup_stm32f427xx.o(RESET)
</UL>
<P><STRONG><a name="[51]"></a>DMA2_Stream7_IRQHandler</STRONG> (Thumb, 0 bytes, Stack size 0 bytes, startup_stm32f427xx.o(.text))
<BR>[Address Reference Count : 1]<UL><LI> startup_stm32f427xx.o(RESET)
</UL>
<P><STRONG><a name="[48]"></a>ETH_IRQHandler</STRONG> (Thumb, 0 bytes, Stack size 0 bytes, startup_stm32f427xx.o(.text))
<BR>[Address Reference Count : 1]<UL><LI> startup_stm32f427xx.o(RESET)
</UL>
<P><STRONG><a name="[49]"></a>ETH_WKUP_IRQHandler</STRONG> (Thumb, 0 bytes, Stack size 0 bytes, startup_stm32f427xx.o(.text))
<BR>[Address Reference Count : 1]<UL><LI> startup_stm32f427xx.o(RESET)
</UL>
<P><STRONG><a name="[11]"></a>EXTI0_IRQHandler</STRONG> (Thumb, 0 bytes, Stack size 0 bytes, startup_stm32f427xx.o(.text))
<BR>[Address Reference Count : 1]<UL><LI> startup_stm32f427xx.o(RESET)
</UL>
<P><STRONG><a name="[33]"></a>EXTI15_10_IRQHandler</STRONG> (Thumb, 0 bytes, Stack size 0 bytes, startup_stm32f427xx.o(.text))
<BR>[Address Reference Count : 1]<UL><LI> startup_stm32f427xx.o(RESET)
</UL>
<P><STRONG><a name="[12]"></a>EXTI1_IRQHandler</STRONG> (Thumb, 0 bytes, Stack size 0 bytes, startup_stm32f427xx.o(.text))
<BR>[Address Reference Count : 1]<UL><LI> startup_stm32f427xx.o(RESET)
</UL>
<P><STRONG><a name="[13]"></a>EXTI2_IRQHandler</STRONG> (Thumb, 0 bytes, Stack size 0 bytes, startup_stm32f427xx.o(.text))
<BR>[Address Reference Count : 1]<UL><LI> startup_stm32f427xx.o(RESET)
</UL>
<P><STRONG><a name="[14]"></a>EXTI3_IRQHandler</STRONG> (Thumb, 0 bytes, Stack size 0 bytes, startup_stm32f427xx.o(.text))
<BR>[Address Reference Count : 1]<UL><LI> startup_stm32f427xx.o(RESET)
</UL>
<P><STRONG><a name="[15]"></a>EXTI4_IRQHandler</STRONG> (Thumb, 0 bytes, Stack size 0 bytes, startup_stm32f427xx.o(.text))
<BR>[Address Reference Count : 1]<UL><LI> startup_stm32f427xx.o(RESET)
</UL>
<P><STRONG><a name="[22]"></a>EXTI9_5_IRQHandler</STRONG> (Thumb, 0 bytes, Stack size 0 bytes, startup_stm32f427xx.o(.text))
<BR>[Address Reference Count : 1]<UL><LI> startup_stm32f427xx.o(RESET)
</UL>
<P><STRONG><a name="[f]"></a>FLASH_IRQHandler</STRONG> (Thumb, 0 bytes, Stack size 0 bytes, startup_stm32f427xx.o(.text))
<BR>[Address Reference Count : 1]<UL><LI> startup_stm32f427xx.o(RESET)
</UL>
<P><STRONG><a name="[3b]"></a>FMC_IRQHandler</STRONG> (Thumb, 0 bytes, Stack size 0 bytes, startup_stm32f427xx.o(.text))
<BR>[Address Reference Count : 1]<UL><LI> startup_stm32f427xx.o(RESET)
</UL>
<P><STRONG><a name="[5b]"></a>FPU_IRQHandler</STRONG> (Thumb, 0 bytes, Stack size 0 bytes, startup_stm32f427xx.o(.text))
<BR>[Address Reference Count : 1]<UL><LI> startup_stm32f427xx.o(RESET)
</UL>
<P><STRONG><a name="[5a]"></a>HASH_RNG_IRQHandler</STRONG> (Thumb, 0 bytes, Stack size 0 bytes, startup_stm32f427xx.o(.text))
<BR>[Address Reference Count : 1]<UL><LI> startup_stm32f427xx.o(RESET)
</UL>
<P><STRONG><a name="[2b]"></a>I2C1_ER_IRQHandler</STRONG> (Thumb, 0 bytes, Stack size 0 bytes, startup_stm32f427xx.o(.text))
<BR>[Address Reference Count : 1]<UL><LI> startup_stm32f427xx.o(RESET)
</UL>
<P><STRONG><a name="[2a]"></a>I2C1_EV_IRQHandler</STRONG> (Thumb, 0 bytes, Stack size 0 bytes, startup_stm32f427xx.o(.text))
<BR>[Address Reference Count : 1]<UL><LI> startup_stm32f427xx.o(RESET)
</UL>
<P><STRONG><a name="[2d]"></a>I2C2_ER_IRQHandler</STRONG> (Thumb, 0 bytes, Stack size 0 bytes, startup_stm32f427xx.o(.text))
<BR>[Address Reference Count : 1]<UL><LI> startup_stm32f427xx.o(RESET)
</UL>
<P><STRONG><a name="[2c]"></a>I2C2_EV_IRQHandler</STRONG> (Thumb, 0 bytes, Stack size 0 bytes, startup_stm32f427xx.o(.text))
<BR>[Address Reference Count : 1]<UL><LI> startup_stm32f427xx.o(RESET)
</UL>
<P><STRONG><a name="[54]"></a>I2C3_ER_IRQHandler</STRONG> (Thumb, 0 bytes, Stack size 0 bytes, startup_stm32f427xx.o(.text))
<BR>[Address Reference Count : 1]<UL><LI> startup_stm32f427xx.o(RESET)
</UL>
<P><STRONG><a name="[53]"></a>I2C3_EV_IRQHandler</STRONG> (Thumb, 0 bytes, Stack size 0 bytes, startup_stm32f427xx.o(.text))
<BR>[Address Reference Count : 1]<UL><LI> startup_stm32f427xx.o(RESET)
</UL>
<P><STRONG><a name="[4e]"></a>OTG_FS_IRQHandler</STRONG> (Thumb, 0 bytes, Stack size 0 bytes, startup_stm32f427xx.o(.text))
<BR>[Address Reference Count : 1]<UL><LI> startup_stm32f427xx.o(RESET)
</UL>
<P><STRONG><a name="[35]"></a>OTG_FS_WKUP_IRQHandler</STRONG> (Thumb, 0 bytes, Stack size 0 bytes, startup_stm32f427xx.o(.text))
<BR>[Address Reference Count : 1]<UL><LI> startup_stm32f427xx.o(RESET)
</UL>
<P><STRONG><a name="[56]"></a>OTG_HS_EP1_IN_IRQHandler</STRONG> (Thumb, 0 bytes, Stack size 0 bytes, startup_stm32f427xx.o(.text))
<BR>[Address Reference Count : 1]<UL><LI> startup_stm32f427xx.o(RESET)
</UL>
<P><STRONG><a name="[55]"></a>OTG_HS_EP1_OUT_IRQHandler</STRONG> (Thumb, 0 bytes, Stack size 0 bytes, startup_stm32f427xx.o(.text))
<BR>[Address Reference Count : 1]<UL><LI> startup_stm32f427xx.o(RESET)
</UL>
<P><STRONG><a name="[58]"></a>OTG_HS_IRQHandler</STRONG> (Thumb, 0 bytes, Stack size 0 bytes, startup_stm32f427xx.o(.text))
<BR>[Address Reference Count : 1]<UL><LI> startup_stm32f427xx.o(RESET)
</UL>
<P><STRONG><a name="[57]"></a>OTG_HS_WKUP_IRQHandler</STRONG> (Thumb, 0 bytes, Stack size 0 bytes, startup_stm32f427xx.o(.text))
<BR>[Address Reference Count : 1]<UL><LI> startup_stm32f427xx.o(RESET)
</UL>
<P><STRONG><a name="[c]"></a>PVD_IRQHandler</STRONG> (Thumb, 0 bytes, Stack size 0 bytes, startup_stm32f427xx.o(.text))
<BR>[Address Reference Count : 1]<UL><LI> startup_stm32f427xx.o(RESET)
</UL>
<P><STRONG><a name="[10]"></a>RCC_IRQHandler</STRONG> (Thumb, 0 bytes, Stack size 0 bytes, startup_stm32f427xx.o(.text))
<BR>[Address Reference Count : 1]<UL><LI> startup_stm32f427xx.o(RESET)
</UL>
<P><STRONG><a name="[34]"></a>RTC_Alarm_IRQHandler</STRONG> (Thumb, 0 bytes, Stack size 0 bytes, startup_stm32f427xx.o(.text))
<BR>[Address Reference Count : 1]<UL><LI> startup_stm32f427xx.o(RESET)
</UL>
<P><STRONG><a name="[e]"></a>RTC_WKUP_IRQHandler</STRONG> (Thumb, 0 bytes, Stack size 0 bytes, startup_stm32f427xx.o(.text))
<BR>[Address Reference Count : 1]<UL><LI> startup_stm32f427xx.o(RESET)
</UL>
<P><STRONG><a name="[61]"></a>SAI1_IRQHandler</STRONG> (Thumb, 0 bytes, Stack size 0 bytes, startup_stm32f427xx.o(.text))
<BR>[Address Reference Count : 1]<UL><LI> startup_stm32f427xx.o(RESET)
</UL>
<P><STRONG><a name="[3c]"></a>SDIO_IRQHandler</STRONG> (Thumb, 0 bytes, Stack size 0 bytes, startup_stm32f427xx.o(.text))
<BR>[Address Reference Count : 1]<UL><LI> startup_stm32f427xx.o(RESET)
</UL>
<P><STRONG><a name="[2e]"></a>SPI1_IRQHandler</STRONG> (Thumb, 0 bytes, Stack size 0 bytes, startup_stm32f427xx.o(.text))
<BR>[Address Reference Count : 1]<UL><LI> startup_stm32f427xx.o(RESET)
</UL>
<P><STRONG><a name="[2f]"></a>SPI2_IRQHandler</STRONG> (Thumb, 0 bytes, Stack size 0 bytes, startup_stm32f427xx.o(.text))
<BR>[Address Reference Count : 1]<UL><LI> startup_stm32f427xx.o(RESET)
</UL>
<P><STRONG><a name="[3e]"></a>SPI3_IRQHandler</STRONG> (Thumb, 0 bytes, Stack size 0 bytes, startup_stm32f427xx.o(.text))
<BR>[Address Reference Count : 1]<UL><LI> startup_stm32f427xx.o(RESET)
</UL>
<P><STRONG><a name="[5e]"></a>SPI4_IRQHandler</STRONG> (Thumb, 0 bytes, Stack size 0 bytes, startup_stm32f427xx.o(.text))
<BR>[Address Reference Count : 1]<UL><LI> startup_stm32f427xx.o(RESET)
</UL>
<P><STRONG><a name="[5f]"></a>SPI5_IRQHandler</STRONG> (Thumb, 0 bytes, Stack size 0 bytes, startup_stm32f427xx.o(.text))
<BR>[Address Reference Count : 1]<UL><LI> startup_stm32f427xx.o(RESET)
</UL>
<P><STRONG><a name="[60]"></a>SPI6_IRQHandler</STRONG> (Thumb, 0 bytes, Stack size 0 bytes, startup_stm32f427xx.o(.text))
<BR>[Address Reference Count : 1]<UL><LI> startup_stm32f427xx.o(RESET)
</UL>
<P><STRONG><a name="[d]"></a>TAMP_STAMP_IRQHandler</STRONG> (Thumb, 0 bytes, Stack size 0 bytes, startup_stm32f427xx.o(.text))
<BR>[Address Reference Count : 1]<UL><LI> startup_stm32f427xx.o(RESET)
</UL>
<P><STRONG><a name="[23]"></a>TIM1_BRK_TIM9_IRQHandler</STRONG> (Thumb, 0 bytes, Stack size 0 bytes, startup_stm32f427xx.o(.text))
<BR>[Address Reference Count : 1]<UL><LI> startup_stm32f427xx.o(RESET)
</UL>
<P><STRONG><a name="[26]"></a>TIM1_CC_IRQHandler</STRONG> (Thumb, 0 bytes, Stack size 0 bytes, startup_stm32f427xx.o(.text))
<BR>[Address Reference Count : 1]<UL><LI> startup_stm32f427xx.o(RESET)
</UL>
<P><STRONG><a name="[25]"></a>TIM1_TRG_COM_TIM11_IRQHandler</STRONG> (Thumb, 0 bytes, Stack size 0 bytes, startup_stm32f427xx.o(.text))
<BR>[Address Reference Count : 1]<UL><LI> startup_stm32f427xx.o(RESET)
</UL>
<P><STRONG><a name="[27]"></a>TIM2_IRQHandler</STRONG> (Thumb, 0 bytes, Stack size 0 bytes, startup_stm32f427xx.o(.text))
<BR>[Address Reference Count : 1]<UL><LI> startup_stm32f427xx.o(RESET)
</UL>
<P><STRONG><a name="[28]"></a>TIM3_IRQHandler</STRONG> (Thumb, 0 bytes, Stack size 0 bytes, startup_stm32f427xx.o(.text))
<BR>[Address Reference Count : 1]<UL><LI> startup_stm32f427xx.o(RESET)
</UL>
<P><STRONG><a name="[29]"></a>TIM4_IRQHandler</STRONG> (Thumb, 0 bytes, Stack size 0 bytes, startup_stm32f427xx.o(.text))
<BR>[Address Reference Count : 1]<UL><LI> startup_stm32f427xx.o(RESET)
</UL>
<P><STRONG><a name="[3d]"></a>TIM5_IRQHandler</STRONG> (Thumb, 0 bytes, Stack size 0 bytes, startup_stm32f427xx.o(.text))
<BR>[Address Reference Count : 1]<UL><LI> startup_stm32f427xx.o(RESET)
</UL>
<P><STRONG><a name="[41]"></a>TIM6_DAC_IRQHandler</STRONG> (Thumb, 0 bytes, Stack size 0 bytes, startup_stm32f427xx.o(.text))
<BR>[Address Reference Count : 1]<UL><LI> startup_stm32f427xx.o(RESET)
</UL>
<P><STRONG><a name="[42]"></a>TIM7_IRQHandler</STRONG> (Thumb, 0 bytes, Stack size 0 bytes, startup_stm32f427xx.o(.text))
<BR>[Address Reference Count : 1]<UL><LI> startup_stm32f427xx.o(RESET)
</UL>
<P><STRONG><a name="[36]"></a>TIM8_BRK_TIM12_IRQHandler</STRONG> (Thumb, 0 bytes, Stack size 0 bytes, startup_stm32f427xx.o(.text))
<BR>[Address Reference Count : 1]<UL><LI> startup_stm32f427xx.o(RESET)
</UL>
<P><STRONG><a name="[39]"></a>TIM8_CC_IRQHandler</STRONG> (Thumb, 0 bytes, Stack size 0 bytes, startup_stm32f427xx.o(.text))
<BR>[Address Reference Count : 1]<UL><LI> startup_stm32f427xx.o(RESET)
</UL>
<P><STRONG><a name="[38]"></a>TIM8_TRG_COM_TIM14_IRQHandler</STRONG> (Thumb, 0 bytes, Stack size 0 bytes, startup_stm32f427xx.o(.text))
<BR>[Address Reference Count : 1]<UL><LI> startup_stm32f427xx.o(RESET)
</UL>
<P><STRONG><a name="[37]"></a>TIM8_UP_TIM13_IRQHandler</STRONG> (Thumb, 0 bytes, Stack size 0 bytes, startup_stm32f427xx.o(.text))
<BR>[Address Reference Count : 1]<UL><LI> startup_stm32f427xx.o(RESET)
</UL>
<P><STRONG><a name="[3f]"></a>UART4_IRQHandler</STRONG> (Thumb, 0 bytes, Stack size 0 bytes, startup_stm32f427xx.o(.text))
<BR>[Address Reference Count : 1]<UL><LI> startup_stm32f427xx.o(RESET)
</UL>
<P><STRONG><a name="[40]"></a>UART5_IRQHandler</STRONG> (Thumb, 0 bytes, Stack size 0 bytes, startup_stm32f427xx.o(.text))
<BR>[Address Reference Count : 1]<UL><LI> startup_stm32f427xx.o(RESET)
</UL>
<P><STRONG><a name="[5c]"></a>UART7_IRQHandler</STRONG> (Thumb, 0 bytes, Stack size 0 bytes, startup_stm32f427xx.o(.text))
<BR>[Address Reference Count : 1]<UL><LI> startup_stm32f427xx.o(RESET)
</UL>
<P><STRONG><a name="[5d]"></a>UART8_IRQHandler</STRONG> (Thumb, 0 bytes, Stack size 0 bytes, startup_stm32f427xx.o(.text))
<BR>[Address Reference Count : 1]<UL><LI> startup_stm32f427xx.o(RESET)
</UL>
<P><STRONG><a name="[31]"></a>USART2_IRQHandler</STRONG> (Thumb, 0 bytes, Stack size 0 bytes, startup_stm32f427xx.o(.text))
<BR>[Address Reference Count : 1]<UL><LI> startup_stm32f427xx.o(RESET)
</UL>
<P><STRONG><a name="[32]"></a>USART3_IRQHandler</STRONG> (Thumb, 0 bytes, Stack size 0 bytes, startup_stm32f427xx.o(.text))
<BR>[Address Reference Count : 1]<UL><LI> startup_stm32f427xx.o(RESET)
</UL>
<P><STRONG><a name="[52]"></a>USART6_IRQHandler</STRONG> (Thumb, 0 bytes, Stack size 0 bytes, startup_stm32f427xx.o(.text))
<BR>[Address Reference Count : 1]<UL><LI> startup_stm32f427xx.o(RESET)
</UL>
<P><STRONG><a name="[b]"></a>WWDG_IRQHandler</STRONG> (Thumb, 0 bytes, Stack size 0 bytes, startup_stm32f427xx.o(.text))
<BR>[Address Reference Count : 1]<UL><LI> startup_stm32f427xx.o(RESET)
</UL>
<P><STRONG><a name="[74]"></a>__aeabi_uldivmod</STRONG> (Thumb, 98 bytes, Stack size 40 bytes, uldiv.o(.text))
<BR><BR>[Stack]<UL><LI>Max Depth = 40<LI>Call Chain = __aeabi_uldivmod
</UL>
<BR>[Calls]<UL><LI><a href="#[75]">&gt;&gt;</a>&nbsp;&nbsp;&nbsp;__aeabi_llsr
<LI><a href="#[76]">&gt;&gt;</a>&nbsp;&nbsp;&nbsp;__aeabi_llsl
</UL>
<BR>[Called By]<UL><LI><a href="#[a9]">&gt;&gt;</a>&nbsp;&nbsp;&nbsp;HAL_RCC_GetSysClockFreq
</UL>

<P><STRONG><a name="[13e]"></a>__aeabi_memcpy</STRONG> (Thumb, 36 bytes, Stack size 0 bytes, memcpya.o(.text))
<BR><BR>[Called By]<UL><LI><a href="#[13f]">&gt;&gt;</a>&nbsp;&nbsp;&nbsp;prvCopyDataToQueue
<LI><a href="#[13d]">&gt;&gt;</a>&nbsp;&nbsp;&nbsp;prvCopyDataFromQueue
</UL>

<P><STRONG><a name="[91]"></a>__aeabi_memcpy4</STRONG> (Thumb, 0 bytes, Stack size 0 bytes, memcpya.o(.text))
<BR><BR>[Called By]<UL><LI><a href="#[db]">&gt;&gt;</a>&nbsp;&nbsp;&nbsp;MX_FREERTOS_Init
<LI><a href="#[d4]">&gt;&gt;</a>&nbsp;&nbsp;&nbsp;mpu_device_init
<LI><a href="#[6d]">&gt;&gt;</a>&nbsp;&nbsp;&nbsp;StartInitTask
<LI><a href="#[8e]">&gt;&gt;</a>&nbsp;&nbsp;&nbsp;DBUS_Init
</UL>

<P><STRONG><a name="[163]"></a>__aeabi_memcpy8</STRONG> (Thumb, 0 bytes, Stack size 0 bytes, memcpya.o(.text), UNUSED)

<P><STRONG><a name="[77]"></a>__aeabi_dadd</STRONG> (Thumb, 322 bytes, Stack size 48 bytes, dadd.o(.text))
<BR><BR>[Stack]<UL><LI>Max Depth = 88<LI>Call Chain = __aeabi_dadd &rArr; _double_epilogue &rArr; _double_round
</UL>
<BR>[Calls]<UL><LI><a href="#[78]">&gt;&gt;</a>&nbsp;&nbsp;&nbsp;__aeabi_lasr
<LI><a href="#[76]">&gt;&gt;</a>&nbsp;&nbsp;&nbsp;__aeabi_llsl
<LI><a href="#[7a]">&gt;&gt;</a>&nbsp;&nbsp;&nbsp;_double_round
<LI><a href="#[79]">&gt;&gt;</a>&nbsp;&nbsp;&nbsp;_double_epilogue
</UL>
<BR>[Called By]<UL><LI><a href="#[d7]">&gt;&gt;</a>&nbsp;&nbsp;&nbsp;mpu_get_data
<LI><a href="#[114]">&gt;&gt;</a>&nbsp;&nbsp;&nbsp;__kernel_tan
<LI><a href="#[10b]">&gt;&gt;</a>&nbsp;&nbsp;&nbsp;__kernel_sin
<LI><a href="#[10a]">&gt;&gt;</a>&nbsp;&nbsp;&nbsp;__ieee754_rem_pio2
<LI><a href="#[102]">&gt;&gt;</a>&nbsp;&nbsp;&nbsp;__kernel_poly
<LI><a href="#[107]">&gt;&gt;</a>&nbsp;&nbsp;&nbsp;__mathlib_dbl_infnan2
<LI><a href="#[fd]">&gt;&gt;</a>&nbsp;&nbsp;&nbsp;__mathlib_dbl_infnan
<LI><a href="#[105]">&gt;&gt;</a>&nbsp;&nbsp;&nbsp;__hardfp_atan
<LI><a href="#[10d]">&gt;&gt;</a>&nbsp;&nbsp;&nbsp;__hardfp_exp
<LI><a href="#[fc]">&gt;&gt;</a>&nbsp;&nbsp;&nbsp;__hardfp_asin
<LI><a href="#[7b]">&gt;&gt;</a>&nbsp;&nbsp;&nbsp;__aeabi_dsub
<LI><a href="#[7c]">&gt;&gt;</a>&nbsp;&nbsp;&nbsp;__aeabi_drsub
<LI><a href="#[11b]">&gt;&gt;</a>&nbsp;&nbsp;&nbsp;inverse_kinematics
<LI><a href="#[f8]">&gt;&gt;</a>&nbsp;&nbsp;&nbsp;trot
</UL>

<P><STRONG><a name="[7b]"></a>__aeabi_dsub</STRONG> (Thumb, 6 bytes, Stack size 0 bytes, dadd.o(.text))
<BR><BR>[Stack]<UL><LI>Max Depth = 88<LI>Call Chain = __aeabi_dsub &rArr; __aeabi_dadd &rArr; _double_epilogue &rArr; _double_round
</UL>
<BR>[Calls]<UL><LI><a href="#[77]">&gt;&gt;</a>&nbsp;&nbsp;&nbsp;__aeabi_dadd
</UL>
<BR>[Called By]<UL><LI><a href="#[114]">&gt;&gt;</a>&nbsp;&nbsp;&nbsp;__kernel_tan
<LI><a href="#[10b]">&gt;&gt;</a>&nbsp;&nbsp;&nbsp;__kernel_sin
<LI><a href="#[10a]">&gt;&gt;</a>&nbsp;&nbsp;&nbsp;__ieee754_rem_pio2
<LI><a href="#[10c]">&gt;&gt;</a>&nbsp;&nbsp;&nbsp;__kernel_cos
<LI><a href="#[105]">&gt;&gt;</a>&nbsp;&nbsp;&nbsp;__hardfp_atan
<LI><a href="#[10d]">&gt;&gt;</a>&nbsp;&nbsp;&nbsp;__hardfp_exp
<LI><a href="#[106]">&gt;&gt;</a>&nbsp;&nbsp;&nbsp;__hardfp_atan2
<LI><a href="#[fc]">&gt;&gt;</a>&nbsp;&nbsp;&nbsp;__hardfp_asin
<LI><a href="#[11b]">&gt;&gt;</a>&nbsp;&nbsp;&nbsp;inverse_kinematics
<LI><a href="#[f8]">&gt;&gt;</a>&nbsp;&nbsp;&nbsp;trot
</UL>

<P><STRONG><a name="[7c]"></a>__aeabi_drsub</STRONG> (Thumb, 6 bytes, Stack size 0 bytes, dadd.o(.text))
<BR><BR>[Stack]<UL><LI>Max Depth = 88<LI>Call Chain = __aeabi_drsub &rArr; __aeabi_dadd &rArr; _double_epilogue &rArr; _double_round
</UL>
<BR>[Calls]<UL><LI><a href="#[77]">&gt;&gt;</a>&nbsp;&nbsp;&nbsp;__aeabi_dadd
</UL>
<BR>[Called By]<UL><LI><a href="#[114]">&gt;&gt;</a>&nbsp;&nbsp;&nbsp;__kernel_tan
<LI><a href="#[10b]">&gt;&gt;</a>&nbsp;&nbsp;&nbsp;__kernel_sin
<LI><a href="#[10a]">&gt;&gt;</a>&nbsp;&nbsp;&nbsp;__ieee754_rem_pio2
<LI><a href="#[10c]">&gt;&gt;</a>&nbsp;&nbsp;&nbsp;__kernel_cos
<LI><a href="#[105]">&gt;&gt;</a>&nbsp;&nbsp;&nbsp;__hardfp_atan
<LI><a href="#[10d]">&gt;&gt;</a>&nbsp;&nbsp;&nbsp;__hardfp_exp
<LI><a href="#[106]">&gt;&gt;</a>&nbsp;&nbsp;&nbsp;__hardfp_atan2
<LI><a href="#[fc]">&gt;&gt;</a>&nbsp;&nbsp;&nbsp;__hardfp_asin
<LI><a href="#[f8]">&gt;&gt;</a>&nbsp;&nbsp;&nbsp;trot
</UL>

<P><STRONG><a name="[7d]"></a>__aeabi_dmul</STRONG> (Thumb, 228 bytes, Stack size 48 bytes, dmul.o(.text))
<BR><BR>[Stack]<UL><LI>Max Depth = 88<LI>Call Chain = __aeabi_dmul &rArr; _double_epilogue &rArr; _double_round
</UL>
<BR>[Calls]<UL><LI><a href="#[79]">&gt;&gt;</a>&nbsp;&nbsp;&nbsp;_double_epilogue
</UL>
<BR>[Called By]<UL><LI><a href="#[d7]">&gt;&gt;</a>&nbsp;&nbsp;&nbsp;mpu_get_data
<LI><a href="#[d9]">&gt;&gt;</a>&nbsp;&nbsp;&nbsp;imu_attitude_update
<LI><a href="#[114]">&gt;&gt;</a>&nbsp;&nbsp;&nbsp;__kernel_tan
<LI><a href="#[10b]">&gt;&gt;</a>&nbsp;&nbsp;&nbsp;__kernel_sin
<LI><a href="#[10a]">&gt;&gt;</a>&nbsp;&nbsp;&nbsp;__ieee754_rem_pio2
<LI><a href="#[102]">&gt;&gt;</a>&nbsp;&nbsp;&nbsp;__kernel_poly
<LI><a href="#[101]">&gt;&gt;</a>&nbsp;&nbsp;&nbsp;__mathlib_dbl_underflow
<LI><a href="#[10f]">&gt;&gt;</a>&nbsp;&nbsp;&nbsp;__mathlib_dbl_overflow
<LI><a href="#[10c]">&gt;&gt;</a>&nbsp;&nbsp;&nbsp;__kernel_cos
<LI><a href="#[105]">&gt;&gt;</a>&nbsp;&nbsp;&nbsp;__hardfp_atan
<LI><a href="#[10d]">&gt;&gt;</a>&nbsp;&nbsp;&nbsp;__hardfp_exp
<LI><a href="#[fc]">&gt;&gt;</a>&nbsp;&nbsp;&nbsp;__hardfp_asin
<LI><a href="#[11b]">&gt;&gt;</a>&nbsp;&nbsp;&nbsp;inverse_kinematics
<LI><a href="#[f8]">&gt;&gt;</a>&nbsp;&nbsp;&nbsp;trot
</UL>

<P><STRONG><a name="[7e]"></a>__aeabi_ddiv</STRONG> (Thumb, 222 bytes, Stack size 32 bytes, ddiv.o(.text))
<BR><BR>[Stack]<UL><LI>Max Depth = 40<LI>Call Chain = __aeabi_ddiv &rArr; _double_round
</UL>
<BR>[Calls]<UL><LI><a href="#[7a]">&gt;&gt;</a>&nbsp;&nbsp;&nbsp;_double_round
</UL>
<BR>[Called By]<UL><LI><a href="#[114]">&gt;&gt;</a>&nbsp;&nbsp;&nbsp;__kernel_tan
<LI><a href="#[ff]">&gt;&gt;</a>&nbsp;&nbsp;&nbsp;__mathlib_dbl_invalid
<LI><a href="#[105]">&gt;&gt;</a>&nbsp;&nbsp;&nbsp;__hardfp_atan
<LI><a href="#[10d]">&gt;&gt;</a>&nbsp;&nbsp;&nbsp;__hardfp_exp
<LI><a href="#[106]">&gt;&gt;</a>&nbsp;&nbsp;&nbsp;__hardfp_atan2
<LI><a href="#[fc]">&gt;&gt;</a>&nbsp;&nbsp;&nbsp;__hardfp_asin
<LI><a href="#[f8]">&gt;&gt;</a>&nbsp;&nbsp;&nbsp;trot
</UL>

<P><STRONG><a name="[7f]"></a>__aeabi_i2d</STRONG> (Thumb, 34 bytes, Stack size 16 bytes, dflti.o(.text))
<BR><BR>[Stack]<UL><LI>Max Depth = 56<LI>Call Chain = __aeabi_i2d &rArr; _double_epilogue &rArr; _double_round
</UL>
<BR>[Calls]<UL><LI><a href="#[79]">&gt;&gt;</a>&nbsp;&nbsp;&nbsp;_double_epilogue
</UL>
<BR>[Called By]<UL><LI><a href="#[d7]">&gt;&gt;</a>&nbsp;&nbsp;&nbsp;mpu_get_data
<LI><a href="#[d5]">&gt;&gt;</a>&nbsp;&nbsp;&nbsp;init_quaternion
<LI><a href="#[114]">&gt;&gt;</a>&nbsp;&nbsp;&nbsp;__kernel_tan
<LI><a href="#[10a]">&gt;&gt;</a>&nbsp;&nbsp;&nbsp;__ieee754_rem_pio2
<LI><a href="#[10d]">&gt;&gt;</a>&nbsp;&nbsp;&nbsp;__hardfp_exp
<LI><a href="#[f8]">&gt;&gt;</a>&nbsp;&nbsp;&nbsp;trot
</UL>

<P><STRONG><a name="[80]"></a>__aeabi_ui2d</STRONG> (Thumb, 26 bytes, Stack size 16 bytes, dfltui.o(.text))
<BR><BR>[Stack]<UL><LI>Max Depth = 56<LI>Call Chain = __aeabi_ui2d &rArr; _double_epilogue &rArr; _double_round
</UL>
<BR>[Calls]<UL><LI><a href="#[79]">&gt;&gt;</a>&nbsp;&nbsp;&nbsp;_double_epilogue
</UL>
<BR>[Called By]<UL><LI><a href="#[d7]">&gt;&gt;</a>&nbsp;&nbsp;&nbsp;mpu_get_data
<LI><a href="#[10a]">&gt;&gt;</a>&nbsp;&nbsp;&nbsp;__ieee754_rem_pio2
<LI><a href="#[f8]">&gt;&gt;</a>&nbsp;&nbsp;&nbsp;trot
</UL>

<P><STRONG><a name="[115]"></a>__aeabi_f2d</STRONG> (Thumb, 38 bytes, Stack size 0 bytes, f2d.o(.text))
<BR><BR>[Called By]<UL><LI><a href="#[d7]">&gt;&gt;</a>&nbsp;&nbsp;&nbsp;mpu_get_data
<LI><a href="#[d9]">&gt;&gt;</a>&nbsp;&nbsp;&nbsp;imu_attitude_update
<LI><a href="#[d8]">&gt;&gt;</a>&nbsp;&nbsp;&nbsp;imu_ahrs_update
<LI><a href="#[11b]">&gt;&gt;</a>&nbsp;&nbsp;&nbsp;inverse_kinematics
<LI><a href="#[f8]">&gt;&gt;</a>&nbsp;&nbsp;&nbsp;trot
<LI><a href="#[88]">&gt;&gt;</a>&nbsp;&nbsp;&nbsp;balance
</UL>

<P><STRONG><a name="[10e]"></a>__aeabi_cdrcmple</STRONG> (Thumb, 48 bytes, Stack size 0 bytes, cdrcmple.o(.text))
<BR><BR>[Called By]<UL><LI><a href="#[d5]">&gt;&gt;</a>&nbsp;&nbsp;&nbsp;init_quaternion
<LI><a href="#[10d]">&gt;&gt;</a>&nbsp;&nbsp;&nbsp;__hardfp_exp
</UL>

<P><STRONG><a name="[81]"></a>__aeabi_d2f</STRONG> (Thumb, 56 bytes, Stack size 8 bytes, d2f.o(.text))
<BR><BR>[Stack]<UL><LI>Max Depth = 8<LI>Call Chain = __aeabi_d2f
</UL>
<BR>[Calls]<UL><LI><a href="#[82]">&gt;&gt;</a>&nbsp;&nbsp;&nbsp;_float_round
</UL>
<BR>[Called By]<UL><LI><a href="#[d7]">&gt;&gt;</a>&nbsp;&nbsp;&nbsp;mpu_get_data
<LI><a href="#[d9]">&gt;&gt;</a>&nbsp;&nbsp;&nbsp;imu_attitude_update
<LI><a href="#[d8]">&gt;&gt;</a>&nbsp;&nbsp;&nbsp;imu_ahrs_update
<LI><a href="#[11b]">&gt;&gt;</a>&nbsp;&nbsp;&nbsp;inverse_kinematics
<LI><a href="#[118]">&gt;&gt;</a>&nbsp;&nbsp;&nbsp;chs_INIT
<LI><a href="#[f8]">&gt;&gt;</a>&nbsp;&nbsp;&nbsp;trot
<LI><a href="#[88]">&gt;&gt;</a>&nbsp;&nbsp;&nbsp;balance
</UL>

<P><STRONG><a name="[76]"></a>__aeabi_llsl</STRONG> (Thumb, 30 bytes, Stack size 0 bytes, llshl.o(.text))
<BR><BR>[Called By]<UL><LI><a href="#[77]">&gt;&gt;</a>&nbsp;&nbsp;&nbsp;__aeabi_dadd
<LI><a href="#[79]">&gt;&gt;</a>&nbsp;&nbsp;&nbsp;_double_epilogue
<LI><a href="#[74]">&gt;&gt;</a>&nbsp;&nbsp;&nbsp;__aeabi_uldivmod
</UL>

<P><STRONG><a name="[164]"></a>_ll_shift_l</STRONG> (Thumb, 0 bytes, Stack size 0 bytes, llshl.o(.text), UNUSED)

<P><STRONG><a name="[75]"></a>__aeabi_llsr</STRONG> (Thumb, 32 bytes, Stack size 0 bytes, llushr.o(.text))
<BR><BR>[Called By]<UL><LI><a href="#[79]">&gt;&gt;</a>&nbsp;&nbsp;&nbsp;_double_epilogue
<LI><a href="#[74]">&gt;&gt;</a>&nbsp;&nbsp;&nbsp;__aeabi_uldivmod
<LI><a href="#[83]">&gt;&gt;</a>&nbsp;&nbsp;&nbsp;_dsqrt
<LI><a href="#[84]">&gt;&gt;</a>&nbsp;&nbsp;&nbsp;__aeabi_d2iz
</UL>

<P><STRONG><a name="[165]"></a>_ll_ushift_r</STRONG> (Thumb, 0 bytes, Stack size 0 bytes, llushr.o(.text), UNUSED)

<P><STRONG><a name="[78]"></a>__aeabi_lasr</STRONG> (Thumb, 36 bytes, Stack size 0 bytes, llsshr.o(.text))
<BR><BR>[Called By]<UL><LI><a href="#[77]">&gt;&gt;</a>&nbsp;&nbsp;&nbsp;__aeabi_dadd
</UL>

<P><STRONG><a name="[166]"></a>_ll_sshift_r</STRONG> (Thumb, 0 bytes, Stack size 0 bytes, llsshr.o(.text), UNUSED)

<P><STRONG><a name="[167]"></a>__I$use$fp</STRONG> (Thumb, 0 bytes, Stack size 0 bytes, iusefp.o(.text), UNUSED)

<P><STRONG><a name="[82]"></a>_float_round</STRONG> (Thumb, 18 bytes, Stack size 0 bytes, fepilogue.o(.text))
<BR><BR>[Called By]<UL><LI><a href="#[81]">&gt;&gt;</a>&nbsp;&nbsp;&nbsp;__aeabi_d2f
</UL>

<P><STRONG><a name="[168]"></a>_float_epilogue</STRONG> (Thumb, 92 bytes, Stack size 4 bytes, fepilogue.o(.text), UNUSED)

<P><STRONG><a name="[7a]"></a>_double_round</STRONG> (Thumb, 30 bytes, Stack size 8 bytes, depilogue.o(.text))
<BR><BR>[Stack]<UL><LI>Max Depth = 8<LI>Call Chain = _double_round
</UL>
<BR>[Called By]<UL><LI><a href="#[77]">&gt;&gt;</a>&nbsp;&nbsp;&nbsp;__aeabi_dadd
<LI><a href="#[79]">&gt;&gt;</a>&nbsp;&nbsp;&nbsp;_double_epilogue
<LI><a href="#[83]">&gt;&gt;</a>&nbsp;&nbsp;&nbsp;_dsqrt
<LI><a href="#[7e]">&gt;&gt;</a>&nbsp;&nbsp;&nbsp;__aeabi_ddiv
</UL>

<P><STRONG><a name="[79]"></a>_double_epilogue</STRONG> (Thumb, 156 bytes, Stack size 32 bytes, depilogue.o(.text))
<BR><BR>[Stack]<UL><LI>Max Depth = 40<LI>Call Chain = _double_epilogue &rArr; _double_round
</UL>
<BR>[Calls]<UL><LI><a href="#[75]">&gt;&gt;</a>&nbsp;&nbsp;&nbsp;__aeabi_llsr
<LI><a href="#[76]">&gt;&gt;</a>&nbsp;&nbsp;&nbsp;__aeabi_llsl
<LI><a href="#[7a]">&gt;&gt;</a>&nbsp;&nbsp;&nbsp;_double_round
</UL>
<BR>[Called By]<UL><LI><a href="#[80]">&gt;&gt;</a>&nbsp;&nbsp;&nbsp;__aeabi_ui2d
<LI><a href="#[7f]">&gt;&gt;</a>&nbsp;&nbsp;&nbsp;__aeabi_i2d
<LI><a href="#[7d]">&gt;&gt;</a>&nbsp;&nbsp;&nbsp;__aeabi_dmul
<LI><a href="#[77]">&gt;&gt;</a>&nbsp;&nbsp;&nbsp;__aeabi_dadd
</UL>

<P><STRONG><a name="[83]"></a>_dsqrt</STRONG> (Thumb, 162 bytes, Stack size 32 bytes, dsqrt.o(.text))
<BR><BR>[Stack]<UL><LI>Max Depth = 40<LI>Call Chain = _dsqrt &rArr; _double_round
</UL>
<BR>[Calls]<UL><LI><a href="#[75]">&gt;&gt;</a>&nbsp;&nbsp;&nbsp;__aeabi_llsr
<LI><a href="#[7a]">&gt;&gt;</a>&nbsp;&nbsp;&nbsp;_double_round
</UL>
<BR>[Called By]<UL><LI><a href="#[104]">&gt;&gt;</a>&nbsp;&nbsp;&nbsp;sqrt
<LI><a href="#[112]">&gt;&gt;</a>&nbsp;&nbsp;&nbsp;__hardfp_sqrt
</UL>

<P><STRONG><a name="[84]"></a>__aeabi_d2iz</STRONG> (Thumb, 62 bytes, Stack size 16 bytes, dfixi.o(.text))
<BR><BR>[Stack]<UL><LI>Max Depth = 16<LI>Call Chain = __aeabi_d2iz
</UL>
<BR>[Calls]<UL><LI><a href="#[75]">&gt;&gt;</a>&nbsp;&nbsp;&nbsp;__aeabi_llsr
</UL>
<BR>[Called By]<UL><LI><a href="#[114]">&gt;&gt;</a>&nbsp;&nbsp;&nbsp;__kernel_tan
<LI><a href="#[10a]">&gt;&gt;</a>&nbsp;&nbsp;&nbsp;__ieee754_rem_pio2
<LI><a href="#[10c]">&gt;&gt;</a>&nbsp;&nbsp;&nbsp;__kernel_cos
<LI><a href="#[10d]">&gt;&gt;</a>&nbsp;&nbsp;&nbsp;__hardfp_exp
</UL>

<P><STRONG><a name="[169]"></a>__aeabi_cdcmpeq</STRONG> (Thumb, 0 bytes, Stack size 0 bytes, cdcmple.o(.text), UNUSED)

<P><STRONG><a name="[110]"></a>__aeabi_cdcmple</STRONG> (Thumb, 48 bytes, Stack size 0 bytes, cdcmple.o(.text))
<BR><BR>[Called By]<UL><LI><a href="#[10d]">&gt;&gt;</a>&nbsp;&nbsp;&nbsp;__hardfp_exp
</UL>

<P><STRONG><a name="[72]"></a>__scatterload</STRONG> (Thumb, 28 bytes, Stack size 0 bytes, init.o(.text))
<BR><BR>[Calls]<UL><LI><a href="#[85]">&gt;&gt;</a>&nbsp;&nbsp;&nbsp;__main_after_scatterload
</UL>
<BR>[Called By]<UL><LI><a href="#[71]">&gt;&gt;</a>&nbsp;&nbsp;&nbsp;_main_scatterload
</UL>

<P><STRONG><a name="[16a]"></a>__scatterload_rt2</STRONG> (Thumb, 0 bytes, Stack size 0 bytes, init.o(.text), UNUSED)

<P><STRONG><a name="[16b]"></a>__decompress</STRONG> (Thumb, 0 bytes, Stack size unknown bytes, __dczerorl.o(.text), UNUSED)

<P><STRONG><a name="[16c]"></a>__decompress0</STRONG> (Thumb, 58 bytes, Stack size unknown bytes, __dczerorl.o(.text), UNUSED)

<P><STRONG><a name="[5]"></a>BusFault_Handler</STRONG> (Thumb, 2 bytes, Stack size 0 bytes, stm32f4xx_it.o(i.BusFault_Handler))
<BR><BR>[Calls]<UL><LI><a href="#[5]">&gt;&gt;</a>&nbsp;&nbsp;&nbsp;BusFault_Handler
</UL>
<BR>[Called By]<UL><LI><a href="#[5]">&gt;&gt;</a>&nbsp;&nbsp;&nbsp;BusFault_Handler
</UL>
<BR>[Address Reference Count : 1]<UL><LI> startup_stm32f427xx.o(RESET)
</UL>
<P><STRONG><a name="[8a]"></a>DBUS_IT</STRONG> (Thumb, 68 bytes, Stack size 16 bytes, dbus.o(i.DBUS_IT))
<BR><BR>[Stack]<UL><LI>Max Depth = 76<LI>Call Chain = DBUS_IT &rArr; HAL_UART_Receive_DMA &rArr; HAL_DMA_Start_IT &rArr; DMA_SetConfig
</UL>
<BR>[Calls]<UL><LI><a href="#[8c]">&gt;&gt;</a>&nbsp;&nbsp;&nbsp;HAL_UART_Receive_DMA
<LI><a href="#[8b]">&gt;&gt;</a>&nbsp;&nbsp;&nbsp;HAL_UART_DMAStop
<LI><a href="#[8d]">&gt;&gt;</a>&nbsp;&nbsp;&nbsp;xQueueGiveFromISR
</UL>
<BR>[Called By]<UL><LI><a href="#[30]">&gt;&gt;</a>&nbsp;&nbsp;&nbsp;USART1_IRQHandler
</UL>

<P><STRONG><a name="[8e]"></a>DBUS_Init</STRONG> (Thumb, 82 bytes, Stack size 32 bytes, dbus.o(i.DBUS_Init))
<BR><BR>[Stack]<UL><LI>Max Depth = 192<LI>Call Chain = DBUS_Init &rArr; osThreadCreate &rArr; xTaskCreate &rArr; pvPortMalloc &rArr; xTaskResumeAll &rArr; xTaskIncrementTick
</UL>
<BR>[Calls]<UL><LI><a href="#[92]">&gt;&gt;</a>&nbsp;&nbsp;&nbsp;osThreadCreate
<LI><a href="#[8c]">&gt;&gt;</a>&nbsp;&nbsp;&nbsp;HAL_UART_Receive_DMA
<LI><a href="#[90]">&gt;&gt;</a>&nbsp;&nbsp;&nbsp;xQueueGenericSend
<LI><a href="#[8f]">&gt;&gt;</a>&nbsp;&nbsp;&nbsp;xQueueGenericCreate
<LI><a href="#[91]">&gt;&gt;</a>&nbsp;&nbsp;&nbsp;__aeabi_memcpy4
</UL>
<BR>[Called By]<UL><LI><a href="#[6d]">&gt;&gt;</a>&nbsp;&nbsp;&nbsp;StartInitTask
</UL>

<P><STRONG><a name="[45]"></a>DMA2_Stream2_IRQHandler</STRONG> (Thumb, 6 bytes, Stack size 0 bytes, stm32f4xx_it.o(i.DMA2_Stream2_IRQHandler))
<BR><BR>[Stack]<UL><LI>Max Depth = 32<LI>Call Chain = DMA2_Stream2_IRQHandler &rArr; HAL_DMA_IRQHandler
</UL>
<BR>[Calls]<UL><LI><a href="#[93]">&gt;&gt;</a>&nbsp;&nbsp;&nbsp;HAL_DMA_IRQHandler
</UL>
<BR>[Address Reference Count : 1]<UL><LI> startup_stm32f427xx.o(RESET)
</UL>
<P><STRONG><a name="[8]"></a>DebugMon_Handler</STRONG> (Thumb, 2 bytes, Stack size 0 bytes, stm32f4xx_it.o(i.DebugMon_Handler))
<BR>[Address Reference Count : 1]<UL><LI> startup_stm32f427xx.o(RESET)
</UL>
<P><STRONG><a name="[94]"></a>HAL_DMA_Abort</STRONG> (Thumb, 142 bytes, Stack size 24 bytes, stm32f4xx_hal_dma.o(i.HAL_DMA_Abort))
<BR><BR>[Stack]<UL><LI>Max Depth = 24<LI>Call Chain = HAL_DMA_Abort
</UL>
<BR>[Calls]<UL><LI><a href="#[95]">&gt;&gt;</a>&nbsp;&nbsp;&nbsp;HAL_GetTick
</UL>
<BR>[Called By]<UL><LI><a href="#[8b]">&gt;&gt;</a>&nbsp;&nbsp;&nbsp;HAL_UART_DMAStop
</UL>

<P><STRONG><a name="[cb]"></a>HAL_DMA_Abort_IT</STRONG> (Thumb, 36 bytes, Stack size 0 bytes, stm32f4xx_hal_dma.o(i.HAL_DMA_Abort_IT))
<BR><BR>[Called By]<UL><LI><a href="#[c9]">&gt;&gt;</a>&nbsp;&nbsp;&nbsp;HAL_UART_IRQHandler
</UL>

<P><STRONG><a name="[93]"></a>HAL_DMA_IRQHandler</STRONG> (Thumb, 412 bytes, Stack size 32 bytes, stm32f4xx_hal_dma.o(i.HAL_DMA_IRQHandler))
<BR><BR>[Stack]<UL><LI>Max Depth = 32<LI>Call Chain = HAL_DMA_IRQHandler
</UL>
<BR>[Called By]<UL><LI><a href="#[45]">&gt;&gt;</a>&nbsp;&nbsp;&nbsp;DMA2_Stream2_IRQHandler
</UL>

<P><STRONG><a name="[96]"></a>HAL_DMA_Init</STRONG> (Thumb, 206 bytes, Stack size 24 bytes, stm32f4xx_hal_dma.o(i.HAL_DMA_Init))
<BR><BR>[Stack]<UL><LI>Max Depth = 32<LI>Call Chain = HAL_DMA_Init &rArr; DMA_CheckFifoParam
</UL>
<BR>[Calls]<UL><LI><a href="#[95]">&gt;&gt;</a>&nbsp;&nbsp;&nbsp;HAL_GetTick
<LI><a href="#[97]">&gt;&gt;</a>&nbsp;&nbsp;&nbsp;DMA_CheckFifoParam
<LI><a href="#[98]">&gt;&gt;</a>&nbsp;&nbsp;&nbsp;DMA_CalcBaseAndBitshift
</UL>
<BR>[Called By]<UL><LI><a href="#[d0]">&gt;&gt;</a>&nbsp;&nbsp;&nbsp;HAL_UART_MspInit
</UL>

<P><STRONG><a name="[99]"></a>HAL_DMA_Start_IT</STRONG> (Thumb, 120 bytes, Stack size 24 bytes, stm32f4xx_hal_dma.o(i.HAL_DMA_Start_IT))
<BR><BR>[Stack]<UL><LI>Max Depth = 36<LI>Call Chain = HAL_DMA_Start_IT &rArr; DMA_SetConfig
</UL>
<BR>[Calls]<UL><LI><a href="#[9a]">&gt;&gt;</a>&nbsp;&nbsp;&nbsp;DMA_SetConfig
</UL>
<BR>[Called By]<UL><LI><a href="#[8c]">&gt;&gt;</a>&nbsp;&nbsp;&nbsp;HAL_UART_Receive_DMA
</UL>

<P><STRONG><a name="[9b]"></a>HAL_Delay</STRONG> (Thumb, 32 bytes, Stack size 16 bytes, stm32f4xx_hal.o(i.HAL_Delay))
<BR><BR>[Stack]<UL><LI>Max Depth = 16<LI>Call Chain = HAL_Delay
</UL>
<BR>[Calls]<UL><LI><a href="#[95]">&gt;&gt;</a>&nbsp;&nbsp;&nbsp;HAL_GetTick
</UL>
<BR>[Called By]<UL><LI><a href="#[127]">&gt;&gt;</a>&nbsp;&nbsp;&nbsp;mpu_offset_call
<LI><a href="#[d4]">&gt;&gt;</a>&nbsp;&nbsp;&nbsp;mpu_device_init
<LI><a href="#[11e]">&gt;&gt;</a>&nbsp;&nbsp;&nbsp;ist8310_init
<LI><a href="#[122]">&gt;&gt;</a>&nbsp;&nbsp;&nbsp;mpu_master_i2c_auto_read_config
<LI><a href="#[120]">&gt;&gt;</a>&nbsp;&nbsp;&nbsp;ist_reg_write_by_mpu
<LI><a href="#[121]">&gt;&gt;</a>&nbsp;&nbsp;&nbsp;ist_reg_read_by_mpu
</UL>

<P><STRONG><a name="[ad]"></a>HAL_GPIO_Init</STRONG> (Thumb, 408 bytes, Stack size 40 bytes, stm32f4xx_hal_gpio.o(i.HAL_GPIO_Init))
<BR><BR>[Stack]<UL><LI>Max Depth = 40<LI>Call Chain = HAL_GPIO_Init
</UL>
<BR>[Called By]<UL><LI><a href="#[d0]">&gt;&gt;</a>&nbsp;&nbsp;&nbsp;HAL_UART_MspInit
<LI><a href="#[bc]">&gt;&gt;</a>&nbsp;&nbsp;&nbsp;HAL_TIM_MspPostInit
<LI><a href="#[ac]">&gt;&gt;</a>&nbsp;&nbsp;&nbsp;HAL_SPI_MspInit
<LI><a href="#[dc]">&gt;&gt;</a>&nbsp;&nbsp;&nbsp;MX_GPIO_Init
</UL>

<P><STRONG><a name="[dd]"></a>HAL_GPIO_WritePin</STRONG> (Thumb, 10 bytes, Stack size 0 bytes, stm32f4xx_hal_gpio.o(i.HAL_GPIO_WritePin))
<BR><BR>[Called By]<UL><LI><a href="#[dc]">&gt;&gt;</a>&nbsp;&nbsp;&nbsp;MX_GPIO_Init
<LI><a href="#[11f]">&gt;&gt;</a>&nbsp;&nbsp;&nbsp;mpu_write_byte
<LI><a href="#[11d]">&gt;&gt;</a>&nbsp;&nbsp;&nbsp;mpu_read_bytes
<LI><a href="#[123]">&gt;&gt;</a>&nbsp;&nbsp;&nbsp;mpu_read_byte
<LI><a href="#[6d]">&gt;&gt;</a>&nbsp;&nbsp;&nbsp;StartInitTask
</UL>

<P><STRONG><a name="[95]"></a>HAL_GetTick</STRONG> (Thumb, 6 bytes, Stack size 0 bytes, stm32f4xx_hal.o(i.HAL_GetTick))
<BR><BR>[Called By]<UL><LI><a href="#[96]">&gt;&gt;</a>&nbsp;&nbsp;&nbsp;HAL_DMA_Init
<LI><a href="#[aa]">&gt;&gt;</a>&nbsp;&nbsp;&nbsp;HAL_RCC_OscConfig
<LI><a href="#[a8]">&gt;&gt;</a>&nbsp;&nbsp;&nbsp;HAL_RCC_ClockConfig
<LI><a href="#[a7]">&gt;&gt;</a>&nbsp;&nbsp;&nbsp;HAL_PWREx_EnableOverDrive
<LI><a href="#[94]">&gt;&gt;</a>&nbsp;&nbsp;&nbsp;HAL_DMA_Abort
<LI><a href="#[ae]">&gt;&gt;</a>&nbsp;&nbsp;&nbsp;HAL_SPI_TransmitReceive
<LI><a href="#[af]">&gt;&gt;</a>&nbsp;&nbsp;&nbsp;SPI_WaitFlagStateUntilTimeout
<LI><a href="#[9b]">&gt;&gt;</a>&nbsp;&nbsp;&nbsp;HAL_Delay
<LI><a href="#[d7]">&gt;&gt;</a>&nbsp;&nbsp;&nbsp;mpu_get_data
<LI><a href="#[d8]">&gt;&gt;</a>&nbsp;&nbsp;&nbsp;imu_ahrs_update
<LI><a href="#[f8]">&gt;&gt;</a>&nbsp;&nbsp;&nbsp;trot
</UL>

<P><STRONG><a name="[c6]"></a>HAL_IncTick</STRONG> (Thumb, 12 bytes, Stack size 0 bytes, stm32f4xx_hal.o(i.HAL_IncTick))
<BR><BR>[Called By]<UL><LI><a href="#[b8]">&gt;&gt;</a>&nbsp;&nbsp;&nbsp;HAL_TIM_PeriodElapsedCallback
</UL>

<P><STRONG><a name="[9c]"></a>HAL_Init</STRONG> (Thumb, 48 bytes, Stack size 8 bytes, stm32f4xx_hal.o(i.HAL_Init))
<BR><BR>[Stack]<UL><LI>Max Depth = 76<LI>Call Chain = HAL_Init &rArr; HAL_InitTick &rArr; HAL_TIM_Base_Init &rArr; TIM_Base_SetConfig
</UL>
<BR>[Calls]<UL><LI><a href="#[9e]">&gt;&gt;</a>&nbsp;&nbsp;&nbsp;HAL_InitTick
<LI><a href="#[9d]">&gt;&gt;</a>&nbsp;&nbsp;&nbsp;HAL_NVIC_SetPriorityGrouping
<LI><a href="#[9f]">&gt;&gt;</a>&nbsp;&nbsp;&nbsp;HAL_MspInit
</UL>
<BR>[Called By]<UL><LI><a href="#[63]">&gt;&gt;</a>&nbsp;&nbsp;&nbsp;main
</UL>

<P><STRONG><a name="[9e]"></a>HAL_InitTick</STRONG> (Thumb, 100 bytes, Stack size 40 bytes, stm32f4xx_hal_timebase_tim.o(i.HAL_InitTick))
<BR><BR>[Stack]<UL><LI>Max Depth = 68<LI>Call Chain = HAL_InitTick &rArr; HAL_TIM_Base_Init &rArr; TIM_Base_SetConfig
</UL>
<BR>[Calls]<UL><LI><a href="#[a5]">&gt;&gt;</a>&nbsp;&nbsp;&nbsp;HAL_TIM_Base_Start_IT
<LI><a href="#[a4]">&gt;&gt;</a>&nbsp;&nbsp;&nbsp;HAL_TIM_Base_Init
<LI><a href="#[a3]">&gt;&gt;</a>&nbsp;&nbsp;&nbsp;HAL_RCC_GetPCLK2Freq
<LI><a href="#[a2]">&gt;&gt;</a>&nbsp;&nbsp;&nbsp;HAL_RCC_GetClockConfig
<LI><a href="#[a1]">&gt;&gt;</a>&nbsp;&nbsp;&nbsp;HAL_NVIC_EnableIRQ
<LI><a href="#[a0]">&gt;&gt;</a>&nbsp;&nbsp;&nbsp;HAL_NVIC_SetPriority
</UL>
<BR>[Called By]<UL><LI><a href="#[a8]">&gt;&gt;</a>&nbsp;&nbsp;&nbsp;HAL_RCC_ClockConfig
<LI><a href="#[9c]">&gt;&gt;</a>&nbsp;&nbsp;&nbsp;HAL_Init
</UL>

<P><STRONG><a name="[9f]"></a>HAL_MspInit</STRONG> (Thumb, 126 bytes, Stack size 8 bytes, stm32f4xx_hal_msp.o(i.HAL_MspInit))
<BR><BR>[Stack]<UL><LI>Max Depth = 24<LI>Call Chain = HAL_MspInit &rArr; HAL_NVIC_SetPriority
</UL>
<BR>[Calls]<UL><LI><a href="#[9d]">&gt;&gt;</a>&nbsp;&nbsp;&nbsp;HAL_NVIC_SetPriorityGrouping
<LI><a href="#[a0]">&gt;&gt;</a>&nbsp;&nbsp;&nbsp;HAL_NVIC_SetPriority
</UL>
<BR>[Called By]<UL><LI><a href="#[9c]">&gt;&gt;</a>&nbsp;&nbsp;&nbsp;HAL_Init
</UL>

<P><STRONG><a name="[a1]"></a>HAL_NVIC_EnableIRQ</STRONG> (Thumb, 22 bytes, Stack size 0 bytes, stm32f4xx_hal_cortex.o(i.HAL_NVIC_EnableIRQ))
<BR><BR>[Called By]<UL><LI><a href="#[9e]">&gt;&gt;</a>&nbsp;&nbsp;&nbsp;HAL_InitTick
<LI><a href="#[d0]">&gt;&gt;</a>&nbsp;&nbsp;&nbsp;HAL_UART_MspInit
<LI><a href="#[da]">&gt;&gt;</a>&nbsp;&nbsp;&nbsp;MX_DMA_Init
</UL>

<P><STRONG><a name="[a0]"></a>HAL_NVIC_SetPriority</STRONG> (Thumb, 60 bytes, Stack size 16 bytes, stm32f4xx_hal_cortex.o(i.HAL_NVIC_SetPriority))
<BR><BR>[Stack]<UL><LI>Max Depth = 16<LI>Call Chain = HAL_NVIC_SetPriority
</UL>
<BR>[Calls]<UL><LI><a href="#[a6]">&gt;&gt;</a>&nbsp;&nbsp;&nbsp;NVIC_SetPriority
</UL>
<BR>[Called By]<UL><LI><a href="#[9e]">&gt;&gt;</a>&nbsp;&nbsp;&nbsp;HAL_InitTick
<LI><a href="#[9f]">&gt;&gt;</a>&nbsp;&nbsp;&nbsp;HAL_MspInit
<LI><a href="#[d0]">&gt;&gt;</a>&nbsp;&nbsp;&nbsp;HAL_UART_MspInit
<LI><a href="#[da]">&gt;&gt;</a>&nbsp;&nbsp;&nbsp;MX_DMA_Init
<LI><a href="#[f5]">&gt;&gt;</a>&nbsp;&nbsp;&nbsp;SystemClock_Config
</UL>

<P><STRONG><a name="[9d]"></a>HAL_NVIC_SetPriorityGrouping</STRONG> (Thumb, 26 bytes, Stack size 0 bytes, stm32f4xx_hal_cortex.o(i.HAL_NVIC_SetPriorityGrouping))
<BR><BR>[Called By]<UL><LI><a href="#[9f]">&gt;&gt;</a>&nbsp;&nbsp;&nbsp;HAL_MspInit
<LI><a href="#[9c]">&gt;&gt;</a>&nbsp;&nbsp;&nbsp;HAL_Init
</UL>

<P><STRONG><a name="[a7]"></a>HAL_PWREx_EnableOverDrive</STRONG> (Thumb, 98 bytes, Stack size 32 bytes, stm32f4xx_hal_pwr_ex.o(i.HAL_PWREx_EnableOverDrive))
<BR><BR>[Stack]<UL><LI>Max Depth = 32<LI>Call Chain = HAL_PWREx_EnableOverDrive
</UL>
<BR>[Calls]<UL><LI><a href="#[95]">&gt;&gt;</a>&nbsp;&nbsp;&nbsp;HAL_GetTick
</UL>
<BR>[Called By]<UL><LI><a href="#[f5]">&gt;&gt;</a>&nbsp;&nbsp;&nbsp;SystemClock_Config
</UL>

<P><STRONG><a name="[a8]"></a>HAL_RCC_ClockConfig</STRONG> (Thumb, 286 bytes, Stack size 32 bytes, stm32f4xx_hal_rcc.o(i.HAL_RCC_ClockConfig))
<BR><BR>[Stack]<UL><LI>Max Depth = 100<LI>Call Chain = HAL_RCC_ClockConfig &rArr; HAL_InitTick &rArr; HAL_TIM_Base_Init &rArr; TIM_Base_SetConfig
</UL>
<BR>[Calls]<UL><LI><a href="#[9e]">&gt;&gt;</a>&nbsp;&nbsp;&nbsp;HAL_InitTick
<LI><a href="#[95]">&gt;&gt;</a>&nbsp;&nbsp;&nbsp;HAL_GetTick
<LI><a href="#[a9]">&gt;&gt;</a>&nbsp;&nbsp;&nbsp;HAL_RCC_GetSysClockFreq
</UL>
<BR>[Called By]<UL><LI><a href="#[f5]">&gt;&gt;</a>&nbsp;&nbsp;&nbsp;SystemClock_Config
</UL>

<P><STRONG><a name="[a2]"></a>HAL_RCC_GetClockConfig</STRONG> (Thumb, 54 bytes, Stack size 0 bytes, stm32f4xx_hal_rcc.o(i.HAL_RCC_GetClockConfig))
<BR><BR>[Called By]<UL><LI><a href="#[9e]">&gt;&gt;</a>&nbsp;&nbsp;&nbsp;HAL_InitTick
</UL>

<P><STRONG><a name="[f6]"></a>HAL_RCC_GetHCLKFreq</STRONG> (Thumb, 6 bytes, Stack size 0 bytes, stm32f4xx_hal_rcc.o(i.HAL_RCC_GetHCLKFreq))
<BR><BR>[Called By]<UL><LI><a href="#[f5]">&gt;&gt;</a>&nbsp;&nbsp;&nbsp;SystemClock_Config
</UL>

<P><STRONG><a name="[fb]"></a>HAL_RCC_GetPCLK1Freq</STRONG> (Thumb, 20 bytes, Stack size 0 bytes, stm32f4xx_hal_rcc.o(i.HAL_RCC_GetPCLK1Freq))
<BR><BR>[Called By]<UL><LI><a href="#[d1]">&gt;&gt;</a>&nbsp;&nbsp;&nbsp;UART_SetConfig
</UL>

<P><STRONG><a name="[a3]"></a>HAL_RCC_GetPCLK2Freq</STRONG> (Thumb, 20 bytes, Stack size 0 bytes, stm32f4xx_hal_rcc.o(i.HAL_RCC_GetPCLK2Freq))
<BR><BR>[Called By]<UL><LI><a href="#[9e]">&gt;&gt;</a>&nbsp;&nbsp;&nbsp;HAL_InitTick
<LI><a href="#[d1]">&gt;&gt;</a>&nbsp;&nbsp;&nbsp;UART_SetConfig
</UL>

<P><STRONG><a name="[a9]"></a>HAL_RCC_GetSysClockFreq</STRONG> (Thumb, 88 bytes, Stack size 8 bytes, stm32f4xx_hal_rcc.o(i.HAL_RCC_GetSysClockFreq))
<BR><BR>[Stack]<UL><LI>Max Depth = 48<LI>Call Chain = HAL_RCC_GetSysClockFreq &rArr; __aeabi_uldivmod
</UL>
<BR>[Calls]<UL><LI><a href="#[74]">&gt;&gt;</a>&nbsp;&nbsp;&nbsp;__aeabi_uldivmod
</UL>
<BR>[Called By]<UL><LI><a href="#[a8]">&gt;&gt;</a>&nbsp;&nbsp;&nbsp;HAL_RCC_ClockConfig
</UL>

<P><STRONG><a name="[aa]"></a>HAL_RCC_OscConfig</STRONG> (Thumb, 770 bytes, Stack size 40 bytes, stm32f4xx_hal_rcc.o(i.HAL_RCC_OscConfig))
<BR><BR>[Stack]<UL><LI>Max Depth = 40<LI>Call Chain = HAL_RCC_OscConfig
</UL>
<BR>[Calls]<UL><LI><a href="#[95]">&gt;&gt;</a>&nbsp;&nbsp;&nbsp;HAL_GetTick
</UL>
<BR>[Called By]<UL><LI><a href="#[f5]">&gt;&gt;</a>&nbsp;&nbsp;&nbsp;SystemClock_Config
</UL>

<P><STRONG><a name="[ab]"></a>HAL_SPI_Init</STRONG> (Thumb, 128 bytes, Stack size 16 bytes, stm32f4xx_hal_spi.o(i.HAL_SPI_Init))
<BR><BR>[Stack]<UL><LI>Max Depth = 88<LI>Call Chain = HAL_SPI_Init &rArr; HAL_SPI_MspInit &rArr; HAL_GPIO_Init
</UL>
<BR>[Calls]<UL><LI><a href="#[ac]">&gt;&gt;</a>&nbsp;&nbsp;&nbsp;HAL_SPI_MspInit
</UL>
<BR>[Called By]<UL><LI><a href="#[de]">&gt;&gt;</a>&nbsp;&nbsp;&nbsp;MX_SPI5_Init
</UL>

<P><STRONG><a name="[ac]"></a>HAL_SPI_MspInit</STRONG> (Thumb, 64 bytes, Stack size 32 bytes, spi.o(i.HAL_SPI_MspInit))
<BR><BR>[Stack]<UL><LI>Max Depth = 72<LI>Call Chain = HAL_SPI_MspInit &rArr; HAL_GPIO_Init
</UL>
<BR>[Calls]<UL><LI><a href="#[ad]">&gt;&gt;</a>&nbsp;&nbsp;&nbsp;HAL_GPIO_Init
</UL>
<BR>[Called By]<UL><LI><a href="#[ab]">&gt;&gt;</a>&nbsp;&nbsp;&nbsp;HAL_SPI_Init
</UL>

<P><STRONG><a name="[ae]"></a>HAL_SPI_TransmitReceive</STRONG> (Thumb, 472 bytes, Stack size 40 bytes, stm32f4xx_hal_spi.o(i.HAL_SPI_TransmitReceive))
<BR><BR>[Stack]<UL><LI>Max Depth = 80<LI>Call Chain = HAL_SPI_TransmitReceive &rArr; SPI_CheckFlag_BSY &rArr; SPI_WaitFlagStateUntilTimeout
</UL>
<BR>[Calls]<UL><LI><a href="#[95]">&gt;&gt;</a>&nbsp;&nbsp;&nbsp;HAL_GetTick
<LI><a href="#[af]">&gt;&gt;</a>&nbsp;&nbsp;&nbsp;SPI_WaitFlagStateUntilTimeout
<LI><a href="#[b0]">&gt;&gt;</a>&nbsp;&nbsp;&nbsp;SPI_CheckFlag_BSY
</UL>
<BR>[Called By]<UL><LI><a href="#[11f]">&gt;&gt;</a>&nbsp;&nbsp;&nbsp;mpu_write_byte
<LI><a href="#[11d]">&gt;&gt;</a>&nbsp;&nbsp;&nbsp;mpu_read_bytes
<LI><a href="#[123]">&gt;&gt;</a>&nbsp;&nbsp;&nbsp;mpu_read_byte
</UL>

<P><STRONG><a name="[f7]"></a>HAL_SYSTICK_CLKSourceConfig</STRONG> (Thumb, 24 bytes, Stack size 0 bytes, stm32f4xx_hal_cortex.o(i.HAL_SYSTICK_CLKSourceConfig))
<BR><BR>[Called By]<UL><LI><a href="#[f5]">&gt;&gt;</a>&nbsp;&nbsp;&nbsp;SystemClock_Config
</UL>

<P><STRONG><a name="[b1]"></a>HAL_SYSTICK_Config</STRONG> (Thumb, 40 bytes, Stack size 8 bytes, stm32f4xx_hal_cortex.o(i.HAL_SYSTICK_Config))
<BR><BR>[Stack]<UL><LI>Max Depth = 8<LI>Call Chain = HAL_SYSTICK_Config
</UL>
<BR>[Calls]<UL><LI><a href="#[a6]">&gt;&gt;</a>&nbsp;&nbsp;&nbsp;NVIC_SetPriority
</UL>
<BR>[Called By]<UL><LI><a href="#[f5]">&gt;&gt;</a>&nbsp;&nbsp;&nbsp;SystemClock_Config
</UL>

<P><STRONG><a name="[b9]"></a>HAL_TIMEx_BreakCallback</STRONG> (Thumb, 2 bytes, Stack size 0 bytes, stm32f4xx_hal_tim_ex.o(i.HAL_TIMEx_BreakCallback))
<BR><BR>[Called By]<UL><LI><a href="#[b4]">&gt;&gt;</a>&nbsp;&nbsp;&nbsp;HAL_TIM_IRQHandler
</UL>

<P><STRONG><a name="[bb]"></a>HAL_TIMEx_CommutationCallback</STRONG> (Thumb, 2 bytes, Stack size 0 bytes, stm32f4xx_hal_tim_ex.o(i.HAL_TIMEx_CommutationCallback))
<BR><BR>[Called By]<UL><LI><a href="#[b4]">&gt;&gt;</a>&nbsp;&nbsp;&nbsp;HAL_TIM_IRQHandler
</UL>

<P><STRONG><a name="[e6]"></a>HAL_TIMEx_ConfigBreakDeadTime</STRONG> (Thumb, 90 bytes, Stack size 8 bytes, stm32f4xx_hal_tim_ex.o(i.HAL_TIMEx_ConfigBreakDeadTime))
<BR><BR>[Stack]<UL><LI>Max Depth = 8<LI>Call Chain = HAL_TIMEx_ConfigBreakDeadTime
</UL>
<BR>[Called By]<UL><LI><a href="#[e5]">&gt;&gt;</a>&nbsp;&nbsp;&nbsp;MX_TIM8_Init
</UL>

<P><STRONG><a name="[e1]"></a>HAL_TIMEx_MasterConfigSynchronization</STRONG> (Thumb, 80 bytes, Stack size 12 bytes, stm32f4xx_hal_tim_ex.o(i.HAL_TIMEx_MasterConfigSynchronization))
<BR><BR>[Stack]<UL><LI>Max Depth = 12<LI>Call Chain = HAL_TIMEx_MasterConfigSynchronization
</UL>
<BR>[Called By]<UL><LI><a href="#[e5]">&gt;&gt;</a>&nbsp;&nbsp;&nbsp;MX_TIM8_Init
<LI><a href="#[e4]">&gt;&gt;</a>&nbsp;&nbsp;&nbsp;MX_TIM5_Init
<LI><a href="#[e3]">&gt;&gt;</a>&nbsp;&nbsp;&nbsp;MX_TIM4_Init
<LI><a href="#[e2]">&gt;&gt;</a>&nbsp;&nbsp;&nbsp;MX_TIM3_Init
<LI><a href="#[e0]">&gt;&gt;</a>&nbsp;&nbsp;&nbsp;MX_TIM2_Init
</UL>

<P><STRONG><a name="[a4]"></a>HAL_TIM_Base_Init</STRONG> (Thumb, 54 bytes, Stack size 8 bytes, stm32f4xx_hal_tim.o(i.HAL_TIM_Base_Init))
<BR><BR>[Stack]<UL><LI>Max Depth = 28<LI>Call Chain = HAL_TIM_Base_Init &rArr; TIM_Base_SetConfig
</UL>
<BR>[Calls]<UL><LI><a href="#[b2]">&gt;&gt;</a>&nbsp;&nbsp;&nbsp;HAL_TIM_Base_MspInit
<LI><a href="#[b3]">&gt;&gt;</a>&nbsp;&nbsp;&nbsp;TIM_Base_SetConfig
</UL>
<BR>[Called By]<UL><LI><a href="#[9e]">&gt;&gt;</a>&nbsp;&nbsp;&nbsp;HAL_InitTick
</UL>

<P><STRONG><a name="[b2]"></a>HAL_TIM_Base_MspInit</STRONG> (Thumb, 2 bytes, Stack size 0 bytes, stm32f4xx_hal_tim.o(i.HAL_TIM_Base_MspInit))
<BR><BR>[Called By]<UL><LI><a href="#[a4]">&gt;&gt;</a>&nbsp;&nbsp;&nbsp;HAL_TIM_Base_Init
</UL>

<P><STRONG><a name="[a5]"></a>HAL_TIM_Base_Start_IT</STRONG> (Thumb, 24 bytes, Stack size 0 bytes, stm32f4xx_hal_tim.o(i.HAL_TIM_Base_Start_IT))
<BR><BR>[Called By]<UL><LI><a href="#[9e]">&gt;&gt;</a>&nbsp;&nbsp;&nbsp;HAL_InitTick
</UL>

<P><STRONG><a name="[b5]"></a>HAL_TIM_IC_CaptureCallback</STRONG> (Thumb, 2 bytes, Stack size 0 bytes, stm32f4xx_hal_tim.o(i.HAL_TIM_IC_CaptureCallback))
<BR><BR>[Called By]<UL><LI><a href="#[b4]">&gt;&gt;</a>&nbsp;&nbsp;&nbsp;HAL_TIM_IRQHandler
</UL>

<P><STRONG><a name="[b4]"></a>HAL_TIM_IRQHandler</STRONG> (Thumb, 358 bytes, Stack size 16 bytes, stm32f4xx_hal_tim.o(i.HAL_TIM_IRQHandler))
<BR><BR>[Stack]<UL><LI>Max Depth = 16<LI>Call Chain = HAL_TIM_IRQHandler
</UL>
<BR>[Calls]<UL><LI><a href="#[b8]">&gt;&gt;</a>&nbsp;&nbsp;&nbsp;HAL_TIM_PeriodElapsedCallback
<LI><a href="#[ba]">&gt;&gt;</a>&nbsp;&nbsp;&nbsp;HAL_TIM_TriggerCallback
<LI><a href="#[b7]">&gt;&gt;</a>&nbsp;&nbsp;&nbsp;HAL_TIM_PWM_PulseFinishedCallback
<LI><a href="#[b6]">&gt;&gt;</a>&nbsp;&nbsp;&nbsp;HAL_TIM_OC_DelayElapsedCallback
<LI><a href="#[b5]">&gt;&gt;</a>&nbsp;&nbsp;&nbsp;HAL_TIM_IC_CaptureCallback
<LI><a href="#[bb]">&gt;&gt;</a>&nbsp;&nbsp;&nbsp;HAL_TIMEx_CommutationCallback
<LI><a href="#[b9]">&gt;&gt;</a>&nbsp;&nbsp;&nbsp;HAL_TIMEx_BreakCallback
</UL>
<BR>[Called By]<UL><LI><a href="#[24]">&gt;&gt;</a>&nbsp;&nbsp;&nbsp;TIM1_UP_TIM10_IRQHandler
</UL>

<P><STRONG><a name="[bc]"></a>HAL_TIM_MspPostInit</STRONG> (Thumb, 186 bytes, Stack size 40 bytes, tim.o(i.HAL_TIM_MspPostInit))
<BR><BR>[Stack]<UL><LI>Max Depth = 80<LI>Call Chain = HAL_TIM_MspPostInit &rArr; HAL_GPIO_Init
</UL>
<BR>[Calls]<UL><LI><a href="#[ad]">&gt;&gt;</a>&nbsp;&nbsp;&nbsp;HAL_GPIO_Init
</UL>
<BR>[Called By]<UL><LI><a href="#[e5]">&gt;&gt;</a>&nbsp;&nbsp;&nbsp;MX_TIM8_Init
<LI><a href="#[e4]">&gt;&gt;</a>&nbsp;&nbsp;&nbsp;MX_TIM5_Init
<LI><a href="#[e3]">&gt;&gt;</a>&nbsp;&nbsp;&nbsp;MX_TIM4_Init
<LI><a href="#[e2]">&gt;&gt;</a>&nbsp;&nbsp;&nbsp;MX_TIM3_Init
<LI><a href="#[e0]">&gt;&gt;</a>&nbsp;&nbsp;&nbsp;MX_TIM2_Init
<LI><a href="#[df]">&gt;&gt;</a>&nbsp;&nbsp;&nbsp;MX_TIM12_Init
</UL>

<P><STRONG><a name="[b6]"></a>HAL_TIM_OC_DelayElapsedCallback</STRONG> (Thumb, 2 bytes, Stack size 0 bytes, stm32f4xx_hal_tim.o(i.HAL_TIM_OC_DelayElapsedCallback))
<BR><BR>[Called By]<UL><LI><a href="#[b4]">&gt;&gt;</a>&nbsp;&nbsp;&nbsp;HAL_TIM_IRQHandler
</UL>

<P><STRONG><a name="[bd]"></a>HAL_TIM_PWM_ConfigChannel</STRONG> (Thumb, 208 bytes, Stack size 16 bytes, stm32f4xx_hal_tim.o(i.HAL_TIM_PWM_ConfigChannel))
<BR><BR>[Stack]<UL><LI>Max Depth = 28<LI>Call Chain = HAL_TIM_PWM_ConfigChannel &rArr; TIM_OC4_SetConfig
</UL>
<BR>[Calls]<UL><LI><a href="#[c1]">&gt;&gt;</a>&nbsp;&nbsp;&nbsp;TIM_OC4_SetConfig
<LI><a href="#[c0]">&gt;&gt;</a>&nbsp;&nbsp;&nbsp;TIM_OC3_SetConfig
<LI><a href="#[be]">&gt;&gt;</a>&nbsp;&nbsp;&nbsp;TIM_OC1_SetConfig
<LI><a href="#[bf]">&gt;&gt;</a>&nbsp;&nbsp;&nbsp;TIM_OC2_SetConfig
</UL>
<BR>[Called By]<UL><LI><a href="#[e5]">&gt;&gt;</a>&nbsp;&nbsp;&nbsp;MX_TIM8_Init
<LI><a href="#[e4]">&gt;&gt;</a>&nbsp;&nbsp;&nbsp;MX_TIM5_Init
<LI><a href="#[e3]">&gt;&gt;</a>&nbsp;&nbsp;&nbsp;MX_TIM4_Init
<LI><a href="#[e2]">&gt;&gt;</a>&nbsp;&nbsp;&nbsp;MX_TIM3_Init
<LI><a href="#[e0]">&gt;&gt;</a>&nbsp;&nbsp;&nbsp;MX_TIM2_Init
<LI><a href="#[df]">&gt;&gt;</a>&nbsp;&nbsp;&nbsp;MX_TIM12_Init
</UL>

<P><STRONG><a name="[c2]"></a>HAL_TIM_PWM_Init</STRONG> (Thumb, 54 bytes, Stack size 8 bytes, stm32f4xx_hal_tim.o(i.HAL_TIM_PWM_Init))
<BR><BR>[Stack]<UL><LI>Max Depth = 28<LI>Call Chain = HAL_TIM_PWM_Init &rArr; TIM_Base_SetConfig
</UL>
<BR>[Calls]<UL><LI><a href="#[c3]">&gt;&gt;</a>&nbsp;&nbsp;&nbsp;HAL_TIM_PWM_MspInit
<LI><a href="#[b3]">&gt;&gt;</a>&nbsp;&nbsp;&nbsp;TIM_Base_SetConfig
</UL>
<BR>[Called By]<UL><LI><a href="#[e5]">&gt;&gt;</a>&nbsp;&nbsp;&nbsp;MX_TIM8_Init
<LI><a href="#[e4]">&gt;&gt;</a>&nbsp;&nbsp;&nbsp;MX_TIM5_Init
<LI><a href="#[e3]">&gt;&gt;</a>&nbsp;&nbsp;&nbsp;MX_TIM4_Init
<LI><a href="#[e2]">&gt;&gt;</a>&nbsp;&nbsp;&nbsp;MX_TIM3_Init
<LI><a href="#[e0]">&gt;&gt;</a>&nbsp;&nbsp;&nbsp;MX_TIM2_Init
<LI><a href="#[df]">&gt;&gt;</a>&nbsp;&nbsp;&nbsp;MX_TIM12_Init
<LI><a href="#[63]">&gt;&gt;</a>&nbsp;&nbsp;&nbsp;main
</UL>

<P><STRONG><a name="[c3]"></a>HAL_TIM_PWM_MspInit</STRONG> (Thumb, 130 bytes, Stack size 8 bytes, tim.o(i.HAL_TIM_PWM_MspInit))
<BR><BR>[Stack]<UL><LI>Max Depth = 8<LI>Call Chain = HAL_TIM_PWM_MspInit
</UL>
<BR>[Called By]<UL><LI><a href="#[c2]">&gt;&gt;</a>&nbsp;&nbsp;&nbsp;HAL_TIM_PWM_Init
</UL>

<P><STRONG><a name="[b7]"></a>HAL_TIM_PWM_PulseFinishedCallback</STRONG> (Thumb, 2 bytes, Stack size 0 bytes, stm32f4xx_hal_tim.o(i.HAL_TIM_PWM_PulseFinishedCallback))
<BR><BR>[Called By]<UL><LI><a href="#[b4]">&gt;&gt;</a>&nbsp;&nbsp;&nbsp;HAL_TIM_IRQHandler
</UL>

<P><STRONG><a name="[c4]"></a>HAL_TIM_PWM_Start</STRONG> (Thumb, 48 bytes, Stack size 8 bytes, stm32f4xx_hal_tim.o(i.HAL_TIM_PWM_Start))
<BR><BR>[Stack]<UL><LI>Max Depth = 16<LI>Call Chain = HAL_TIM_PWM_Start &rArr; TIM_CCxChannelCmd
</UL>
<BR>[Calls]<UL><LI><a href="#[c5]">&gt;&gt;</a>&nbsp;&nbsp;&nbsp;TIM_CCxChannelCmd
</UL>
<BR>[Called By]<UL><LI><a href="#[6d]">&gt;&gt;</a>&nbsp;&nbsp;&nbsp;StartInitTask
<LI><a href="#[14d]">&gt;&gt;</a>&nbsp;&nbsp;&nbsp;pwm_start_all
</UL>

<P><STRONG><a name="[b8]"></a>HAL_TIM_PeriodElapsedCallback</STRONG> (Thumb, 14 bytes, Stack size 0 bytes, main.o(i.HAL_TIM_PeriodElapsedCallback))
<BR><BR>[Calls]<UL><LI><a href="#[c6]">&gt;&gt;</a>&nbsp;&nbsp;&nbsp;HAL_IncTick
</UL>
<BR>[Called By]<UL><LI><a href="#[b4]">&gt;&gt;</a>&nbsp;&nbsp;&nbsp;HAL_TIM_IRQHandler
</UL>

<P><STRONG><a name="[ba]"></a>HAL_TIM_TriggerCallback</STRONG> (Thumb, 2 bytes, Stack size 0 bytes, stm32f4xx_hal_tim.o(i.HAL_TIM_TriggerCallback))
<BR><BR>[Called By]<UL><LI><a href="#[b4]">&gt;&gt;</a>&nbsp;&nbsp;&nbsp;HAL_TIM_IRQHandler
</UL>

<P><STRONG><a name="[8b]"></a>HAL_UART_DMAStop</STRONG> (Thumb, 88 bytes, Stack size 8 bytes, stm32f4xx_hal_uart.o(i.HAL_UART_DMAStop))
<BR><BR>[Stack]<UL><LI>Max Depth = 32<LI>Call Chain = HAL_UART_DMAStop &rArr; HAL_DMA_Abort
</UL>
<BR>[Calls]<UL><LI><a href="#[94]">&gt;&gt;</a>&nbsp;&nbsp;&nbsp;HAL_DMA_Abort
<LI><a href="#[c7]">&gt;&gt;</a>&nbsp;&nbsp;&nbsp;UART_EndTxTransfer
<LI><a href="#[c8]">&gt;&gt;</a>&nbsp;&nbsp;&nbsp;UART_EndRxTransfer
</UL>
<BR>[Called By]<UL><LI><a href="#[8a]">&gt;&gt;</a>&nbsp;&nbsp;&nbsp;DBUS_IT
</UL>

<P><STRONG><a name="[cc]"></a>HAL_UART_ErrorCallback</STRONG> (Thumb, 2 bytes, Stack size 0 bytes, stm32f4xx_hal_uart.o(i.HAL_UART_ErrorCallback))
<BR><BR>[Called By]<UL><LI><a href="#[c9]">&gt;&gt;</a>&nbsp;&nbsp;&nbsp;HAL_UART_IRQHandler
<LI><a href="#[69]">&gt;&gt;</a>&nbsp;&nbsp;&nbsp;UART_DMAError
<LI><a href="#[66]">&gt;&gt;</a>&nbsp;&nbsp;&nbsp;UART_DMAAbortOnError
</UL>

<P><STRONG><a name="[c9]"></a>HAL_UART_IRQHandler</STRONG> (Thumb, 266 bytes, Stack size 16 bytes, stm32f4xx_hal_uart.o(i.HAL_UART_IRQHandler))
<BR><BR>[Stack]<UL><LI>Max Depth = 24<LI>Call Chain = HAL_UART_IRQHandler &rArr; UART_Receive_IT
</UL>
<BR>[Calls]<UL><LI><a href="#[cb]">&gt;&gt;</a>&nbsp;&nbsp;&nbsp;HAL_DMA_Abort_IT
<LI><a href="#[ce]">&gt;&gt;</a>&nbsp;&nbsp;&nbsp;HAL_UART_TxCpltCallback
<LI><a href="#[cc]">&gt;&gt;</a>&nbsp;&nbsp;&nbsp;HAL_UART_ErrorCallback
<LI><a href="#[cd]">&gt;&gt;</a>&nbsp;&nbsp;&nbsp;UART_Transmit_IT
<LI><a href="#[ca]">&gt;&gt;</a>&nbsp;&nbsp;&nbsp;UART_Receive_IT
<LI><a href="#[c8]">&gt;&gt;</a>&nbsp;&nbsp;&nbsp;UART_EndRxTransfer
</UL>
<BR>[Called By]<UL><LI><a href="#[30]">&gt;&gt;</a>&nbsp;&nbsp;&nbsp;USART1_IRQHandler
</UL>

<P><STRONG><a name="[cf]"></a>HAL_UART_Init</STRONG> (Thumb, 98 bytes, Stack size 16 bytes, stm32f4xx_hal_uart.o(i.HAL_UART_Init))
<BR><BR>[Stack]<UL><LI>Max Depth = 96<LI>Call Chain = HAL_UART_Init &rArr; HAL_UART_MspInit &rArr; HAL_GPIO_Init
</UL>
<BR>[Calls]<UL><LI><a href="#[d0]">&gt;&gt;</a>&nbsp;&nbsp;&nbsp;HAL_UART_MspInit
<LI><a href="#[d1]">&gt;&gt;</a>&nbsp;&nbsp;&nbsp;UART_SetConfig
</UL>
<BR>[Called By]<UL><LI><a href="#[e7]">&gt;&gt;</a>&nbsp;&nbsp;&nbsp;MX_USART1_UART_Init
</UL>

<P><STRONG><a name="[d0]"></a>HAL_UART_MspInit</STRONG> (Thumb, 132 bytes, Stack size 40 bytes, usart.o(i.HAL_UART_MspInit))
<BR><BR>[Stack]<UL><LI>Max Depth = 80<LI>Call Chain = HAL_UART_MspInit &rArr; HAL_GPIO_Init
</UL>
<BR>[Calls]<UL><LI><a href="#[96]">&gt;&gt;</a>&nbsp;&nbsp;&nbsp;HAL_DMA_Init
<LI><a href="#[a1]">&gt;&gt;</a>&nbsp;&nbsp;&nbsp;HAL_NVIC_EnableIRQ
<LI><a href="#[ad]">&gt;&gt;</a>&nbsp;&nbsp;&nbsp;HAL_GPIO_Init
<LI><a href="#[a0]">&gt;&gt;</a>&nbsp;&nbsp;&nbsp;HAL_NVIC_SetPriority
<LI><a href="#[d2]">&gt;&gt;</a>&nbsp;&nbsp;&nbsp;_Error_Handler
</UL>
<BR>[Called By]<UL><LI><a href="#[cf]">&gt;&gt;</a>&nbsp;&nbsp;&nbsp;HAL_UART_Init
</UL>

<P><STRONG><a name="[8c]"></a>HAL_UART_Receive_DMA</STRONG> (Thumb, 138 bytes, Stack size 24 bytes, stm32f4xx_hal_uart.o(i.HAL_UART_Receive_DMA))
<BR><BR>[Stack]<UL><LI>Max Depth = 60<LI>Call Chain = HAL_UART_Receive_DMA &rArr; HAL_DMA_Start_IT &rArr; DMA_SetConfig
</UL>
<BR>[Calls]<UL><LI><a href="#[99]">&gt;&gt;</a>&nbsp;&nbsp;&nbsp;HAL_DMA_Start_IT
</UL>
<BR>[Called By]<UL><LI><a href="#[8a]">&gt;&gt;</a>&nbsp;&nbsp;&nbsp;DBUS_IT
<LI><a href="#[8e]">&gt;&gt;</a>&nbsp;&nbsp;&nbsp;DBUS_Init
</UL>

<P><STRONG><a name="[f9]"></a>HAL_UART_RxCpltCallback</STRONG> (Thumb, 2 bytes, Stack size 0 bytes, stm32f4xx_hal_uart.o(i.HAL_UART_RxCpltCallback))
<BR><BR>[Called By]<UL><LI><a href="#[ca]">&gt;&gt;</a>&nbsp;&nbsp;&nbsp;UART_Receive_IT
<LI><a href="#[67]">&gt;&gt;</a>&nbsp;&nbsp;&nbsp;UART_DMAReceiveCplt
</UL>

<P><STRONG><a name="[fa]"></a>HAL_UART_RxHalfCpltCallback</STRONG> (Thumb, 2 bytes, Stack size 0 bytes, stm32f4xx_hal_uart.o(i.HAL_UART_RxHalfCpltCallback))
<BR><BR>[Called By]<UL><LI><a href="#[68]">&gt;&gt;</a>&nbsp;&nbsp;&nbsp;UART_DMARxHalfCplt
</UL>

<P><STRONG><a name="[ce]"></a>HAL_UART_TxCpltCallback</STRONG> (Thumb, 2 bytes, Stack size 0 bytes, stm32f4xx_hal_uart.o(i.HAL_UART_TxCpltCallback))
<BR><BR>[Called By]<UL><LI><a href="#[c9]">&gt;&gt;</a>&nbsp;&nbsp;&nbsp;HAL_UART_IRQHandler
</UL>

<P><STRONG><a name="[3]"></a>HardFault_Handler</STRONG> (Thumb, 2 bytes, Stack size 0 bytes, stm32f4xx_it.o(i.HardFault_Handler))
<BR><BR>[Calls]<UL><LI><a href="#[3]">&gt;&gt;</a>&nbsp;&nbsp;&nbsp;HardFault_Handler
</UL>
<BR>[Called By]<UL><LI><a href="#[3]">&gt;&gt;</a>&nbsp;&nbsp;&nbsp;HardFault_Handler
</UL>
<BR>[Address Reference Count : 1]<UL><LI> startup_stm32f427xx.o(RESET)
</UL>
<P><STRONG><a name="[d3]"></a>IMU_INIT</STRONG> (Thumb, 14 bytes, Stack size 8 bytes, bsp_imu.o(i.IMU_INIT))
<BR><BR>[Stack]<UL><LI>Max Depth = 168<LI>Call Chain = IMU_INIT &rArr; mpu_device_init &rArr; mpu_offset_call &rArr; mpu_read_bytes &rArr; HAL_SPI_TransmitReceive &rArr; SPI_CheckFlag_BSY &rArr; SPI_WaitFlagStateUntilTimeout
</UL>
<BR>[Calls]<UL><LI><a href="#[d4]">&gt;&gt;</a>&nbsp;&nbsp;&nbsp;mpu_device_init
<LI><a href="#[d5]">&gt;&gt;</a>&nbsp;&nbsp;&nbsp;init_quaternion
</UL>
<BR>[Called By]<UL><LI><a href="#[6d]">&gt;&gt;</a>&nbsp;&nbsp;&nbsp;StartInitTask
</UL>

[...]
<LI><a href="#[f0]">&gt;&gt;</a>&nbsp;&nbsp;&nbsp;xQueueGenericReceive
<LI><a href="#[146]">&gt;&gt;</a>&nbsp;&nbsp;&nbsp;prvUnlockQueue
</UL>

<P><STRONG><a name="[13b]"></a>xTaskResumeAll</STRONG> (Thumb, 182 bytes, Stack size 32 bytes, tasks.o(i.xTaskResumeAll))
<BR><BR>[Stack]<UL><LI>Max Depth = 56<LI>Call Chain = xTaskResumeAll &rArr; xTaskIncrementTick
</UL>
<BR>[Calls]<UL><LI><a href="#[151]">&gt;&gt;</a>&nbsp;&nbsp;&nbsp;prvResetNextTaskUnblockTime
<LI><a href="#[133]">&gt;&gt;</a>&nbsp;&nbsp;&nbsp;vListInsertEnd
<LI><a href="#[132]">&gt;&gt;</a>&nbsp;&nbsp;&nbsp;uxListRemove
<LI><a href="#[158]">&gt;&gt;</a>&nbsp;&nbsp;&nbsp;xTaskIncrementTick
<LI><a href="#[138]">&gt;&gt;</a>&nbsp;&nbsp;&nbsp;vPortExitCritical
<LI><a href="#[136]">&gt;&gt;</a>&nbsp;&nbsp;&nbsp;vPortEnterCritical
</UL>
<BR>[Called By]<UL><LI><a href="#[139]">&gt;&gt;</a>&nbsp;&nbsp;&nbsp;prvCheckTasksWaitingTermination
<LI><a href="#[90]">&gt;&gt;</a>&nbsp;&nbsp;&nbsp;xQueueGenericSend
<LI><a href="#[f0]">&gt;&gt;</a>&nbsp;&nbsp;&nbsp;xQueueGenericReceive
<LI><a href="#[141]">&gt;&gt;</a>&nbsp;&nbsp;&nbsp;vPortFree
<LI><a href="#[149]">&gt;&gt;</a>&nbsp;&nbsp;&nbsp;pvPortMalloc
<LI><a href="#[129]">&gt;&gt;</a>&nbsp;&nbsp;&nbsp;vTaskDelay
</UL>
<P>
<H3>
Local Symbols
</H3>
<P><STRONG><a name="[b0]"></a>SPI_CheckFlag_BSY</STRONG> (Thumb, 32 bytes, Stack size 16 bytes, stm32f4xx_hal_spi.o(i.SPI_CheckFlag_BSY))
<BR><BR>[Stack]<UL><LI>Max Depth = 40<LI>Call Chain = SPI_CheckFlag_BSY &rArr; SPI_WaitFlagStateUntilTimeout
</UL>
<BR>[Calls]<UL><LI><a href="#[af]">&gt;&gt;</a>&nbsp;&nbsp;&nbsp;SPI_WaitFlagStateUntilTimeout
</UL>
<BR>[Called By]<UL><LI><a href="#[ae]">&gt;&gt;</a>&nbsp;&nbsp;&nbsp;HAL_SPI_TransmitReceive
</UL>

<P><STRONG><a name="[af]"></a>SPI_WaitFlagStateUntilTimeout</STRONG> (Thumb, 150 bytes, Stack size 24 bytes, stm32f4xx_hal_spi.o(i.SPI_WaitFlagStateUntilTimeout))
<BR><BR>[Stack]<UL><LI>Max Depth = 24<LI>Call Chain = SPI_WaitFlagStateUntilTimeout
</UL>
<BR>[Calls]<UL><LI><a href="#[95]">&gt;&gt;</a>&nbsp;&nbsp;&nbsp;HAL_GetTick
</UL>
<BR>[Called By]<UL><LI><a href="#[ae]">&gt;&gt;</a>&nbsp;&nbsp;&nbsp;HAL_SPI_TransmitReceive
<LI><a href="#[b0]">&gt;&gt;</a>&nbsp;&nbsp;&nbsp;SPI_CheckFlag_BSY
</UL>

<P><STRONG><a name="[be]"></a>TIM_OC1_SetConfig</STRONG> (Thumb, 80 bytes, Stack size 12 bytes, stm32f4xx_hal_tim.o(i.TIM_OC1_SetConfig))
<BR><BR>[Stack]<UL><LI>Max Depth = 12<LI>Call Chain = TIM_OC1_SetConfig
</UL>
<BR>[Called By]<UL><LI><a href="#[bd]">&gt;&gt;</a>&nbsp;&nbsp;&nbsp;HAL_TIM_PWM_ConfigChannel
</UL>

<P><STRONG><a name="[c0]"></a>TIM_OC3_SetConfig</STRONG> (Thumb, 88 bytes, Stack size 12 bytes, stm32f4xx_hal_tim.o(i.TIM_OC3_SetConfig))
<BR><BR>[Stack]<UL><LI>Max Depth = 12<LI>Call Chain = TIM_OC3_SetConfig
</UL>
<BR>[Called By]<UL><LI><a href="#[bd]">&gt;&gt;</a>&nbsp;&nbsp;&nbsp;HAL_TIM_PWM_ConfigChannel
</UL>

<P><STRONG><a name="[c1]"></a>TIM_OC4_SetConfig</STRONG> (Thumb, 70 bytes, Stack size 12 bytes, stm32f4xx_hal_tim.o(i.TIM_OC4_SetConfig))
<BR><BR>[Stack]<UL><LI>Max Depth = 12<LI>Call Chain = TIM_OC4_SetConfig
</UL>
<BR>[Called By]<UL><LI><a href="#[bd]">&gt;&gt;</a>&nbsp;&nbsp;&nbsp;HAL_TIM_PWM_ConfigChannel
</UL>

<P><STRONG><a name="[66]"></a>UART_DMAAbortOnError</STRONG> (Thumb, 16 bytes, Stack size 8 bytes, stm32f4xx_hal_uart.o(i.UART_DMAAbortOnError))
<BR><BR>[Stack]<UL><LI>Max Depth = 8<LI>Call Chain = UART_DMAAbortOnError
</UL>
<BR>[Calls]<UL><LI><a href="#[cc]">&gt;&gt;</a>&nbsp;&nbsp;&nbsp;HAL_UART_ErrorCallback
</UL>
<BR>[Address Reference Count : 1]<UL><LI> stm32f4xx_hal_uart.o(i.HAL_UART_IRQHandler)
</UL>
<P><STRONG><a name="[69]"></a>UART_DMAError</STRONG> (Thumb, 74 bytes, Stack size 16 bytes, stm32f4xx_hal_uart.o(i.UART_DMAError))
<BR><BR>[Stack]<UL><LI>Max Depth = 16<LI>Call Chain = UART_DMAError
</UL>
<BR>[Calls]<UL><LI><a href="#[cc]">&gt;&gt;</a>&nbsp;&nbsp;&nbsp;HAL_UART_ErrorCallback
<LI><a href="#[c7]">&gt;&gt;</a>&nbsp;&nbsp;&nbsp;UART_EndTxTransfer
<LI><a href="#[c8]">&gt;&gt;</a>&nbsp;&nbsp;&nbsp;UART_EndRxTransfer
</UL>
<BR>[Address Reference Count : 1]<UL><LI> stm32f4xx_hal_uart.o(i.HAL_UART_Receive_DMA)
</UL>
<P><STRONG><a name="[67]"></a>UART_DMAReceiveCplt</STRONG> (Thumb, 60 bytes, Stack size 8 bytes, stm32f4xx_hal_uart.o(i.UART_DMAReceiveCplt))
<BR><BR>[Stack]<UL><LI>Max Depth = 8<LI>Call Chain = UART_DMAReceiveCplt
</UL>
<BR>[Calls]<UL><LI><a href="#[f9]">&gt;&gt;</a>&nbsp;&nbsp;&nbsp;HAL_UART_RxCpltCallback
</UL>
<BR>[Address Reference Count : 1]<UL><LI> stm32f4xx_hal_uart.o(i.HAL_UART_Receive_DMA)
</UL>
<P><STRONG><a name="[68]"></a>UART_DMARxHalfCplt</STRONG> (Thumb, 10 bytes, Stack size 8 bytes, stm32f4xx_hal_uart.o(i.UART_DMARxHalfCplt))
<BR><BR>[Stack]<UL><LI>Max Depth = 8<LI>Call Chain = UART_DMARxHalfCplt
</UL>
<BR>[Calls]<UL><LI><a href="#[fa]">&gt;&gt;</a>&nbsp;&nbsp;&nbsp;HAL_UART_RxHalfCpltCallback
</UL>
<BR>[Address Reference Count : 1]<UL><LI> stm32f4xx_hal_uart.o(i.HAL_UART_Receive_DMA)
</UL>
<P><STRONG><a name="[c8]"></a>UART_EndRxTransfer</STRONG> (Thumb, 28 bytes, Stack size 0 bytes, stm32f4xx_hal_uart.o(i.UART_EndRxTransfer))
<BR><BR>[Called By]<UL><LI><a href="#[c9]">&gt;&gt;</a>&nbsp;&nbsp;&nbsp;HAL_UART_IRQHandler
<LI><a href="#[8b]">&gt;&gt;</a>&nbsp;&nbsp;&nbsp;HAL_UART_DMAStop
<LI><a href="#[69]">&gt;&gt;</a>&nbsp;&nbsp;&nbsp;UART_DMAError
</UL>

<P><STRONG><a name="[c7]"></a>UART_EndTxTransfer</STRONG> (Thumb, 18 bytes, Stack size 0 bytes, stm32f4xx_hal_uart.o(i.UART_EndTxTransfer))
<BR><BR>[Called By]<UL><LI><a href="#[8b]">&gt;&gt;</a>&nbsp;&nbsp;&nbsp;HAL_UART_DMAStop
<LI><a href="#[69]">&gt;&gt;</a>&nbsp;&nbsp;&nbsp;UART_DMAError
</UL>

<P><STRONG><a name="[ca]"></a>UART_Receive_IT</STRONG> (Thumb, 140 bytes, Stack size 8 bytes, stm32f4xx_hal_uart.o(i.UART_Receive_IT))
<BR><BR>[Stack]<UL><LI>Max Depth = 8<LI>Call Chain = UART_Receive_IT
</UL>
<BR>[Calls]<UL><LI><a href="#[f9]">&gt;&gt;</a>&nbsp;&nbsp;&nbsp;HAL_UART_RxCpltCallback
</UL>
<BR>[Called By]<UL><LI><a href="#[c9]">&gt;&gt;</a>&nbsp;&nbsp;&nbsp;HAL_UART_IRQHandler
</UL>

<P><STRONG><a name="[d1]"></a>UART_SetConfig</STRONG> (Thumb, 676 bytes, Stack size 24 bytes, stm32f4xx_hal_uart.o(i.UART_SetConfig))
<BR><BR>[Stack]<UL><LI>Max Depth = 24<LI>Call Chain = UART_SetConfig
</UL>
<BR>[Calls]<UL><LI><a href="#[a3]">&gt;&gt;</a>&nbsp;&nbsp;&nbsp;HAL_RCC_GetPCLK2Freq
<LI><a href="#[fb]">&gt;&gt;</a>&nbsp;&nbsp;&nbsp;HAL_RCC_GetPCLK1Freq
</UL>
<BR>[Called By]<UL><LI><a href="#[cf]">&gt;&gt;</a>&nbsp;&nbsp;&nbsp;HAL_UART_Init
</UL>

<P><STRONG><a name="[cd]"></a>UART_Transmit_IT</STRONG> (Thumb, 98 bytes, Stack size 0 bytes, stm32f4xx_hal_uart.o(i.UART_Transmit_IT))
<BR><BR>[Called By]<UL><LI><a href="#[c9]">&gt;&gt;</a>&nbsp;&nbsp;&nbsp;HAL_UART_IRQHandler
</UL>

<P><STRONG><a name="[98]"></a>DMA_CalcBaseAndBitshift</STRONG> (Thumb, 34 bytes, Stack size 0 bytes, stm32f4xx_hal_dma.o(i.DMA_CalcBaseAndBitshift))
<BR><BR>[Called By]<UL><LI><a href="#[96]">&gt;&gt;</a>&nbsp;&nbsp;&nbsp;HAL_DMA_Init
</UL>

<P><STRONG><a name="[97]"></a>DMA_CheckFifoParam</STRONG> (Thumb, 84 bytes, Stack size 8 bytes, stm32f4xx_hal_dma.o(i.DMA_CheckFifoParam))
<BR><BR>[Stack]<UL><LI>Max Depth = 8<LI>Call Chain = DMA_CheckFifoParam
</UL>
<BR>[Called By]<UL><LI><a href="#[96]">&gt;&gt;</a>&nbsp;&nbsp;&nbsp;HAL_DMA_Init
</UL>

<P><STRONG><a name="[9a]"></a>DMA_SetConfig</STRONG> (Thumb, 40 bytes, Stack size 12 bytes, stm32f4xx_hal_dma.o(i.DMA_SetConfig))
<BR><BR>[Stack]<UL><LI>Max Depth = 12<LI>Call Chain = DMA_SetConfig
</UL>
<BR>[Called By]<UL><LI><a href="#[99]">&gt;&gt;</a>&nbsp;&nbsp;&nbsp;HAL_DMA_Start_IT
</UL>

<P><STRONG><a name="[a6]"></a>NVIC_SetPriority</STRONG> (Thumb, 32 bytes, Stack size 0 bytes, stm32f4xx_hal_cortex.o(i.NVIC_SetPriority))
<BR><BR>[Called By]<UL><LI><a href="#[b1]">&gt;&gt;</a>&nbsp;&nbsp;&nbsp;HAL_SYSTICK_Config
<LI><a href="#[a0]">&gt;&gt;</a>&nbsp;&nbsp;&nbsp;HAL_NVIC_SetPriority
</UL>

<P><STRONG><a name="[14a]"></a>prvHeapInit</STRONG> (Thumb, 66 bytes, Stack size 0 bytes, heap_4.o(i.prvHeapInit))
<BR><BR>[Called By]<UL><LI><a href="#[149]">&gt;&gt;</a>&nbsp;&nbsp;&nbsp;pvPortMalloc
</UL>

<P><STRONG><a name="[14b]"></a>prvInsertBlockIntoFreeList</STRONG> (Thumb, 72 bytes, Stack size 12 bytes, heap_4.o(i.prvInsertBlockIntoFreeList))
<BR><BR>[Stack]<UL><LI>Max Depth = 12<LI>Call Chain = prvInsertBlockIntoFreeList
</UL>
<BR>[Called By]<UL><LI><a href="#[141]">&gt;&gt;</a>&nbsp;&nbsp;&nbsp;vPortFree
<LI><a href="#[149]">&gt;&gt;</a>&nbsp;&nbsp;&nbsp;pvPortMalloc
</UL>

<P><STRONG><a name="[6a]"></a>prvTaskExitError</STRONG> (Thumb, 36 bytes, Stack size 0 bytes, port.o(i.prvTaskExitError))
<BR>[Address Reference Count : 1]<UL><LI> port.o(i.pxPortInitialiseStack)
</UL>
<P><STRONG><a name="[13d]"></a>prvCopyDataFromQueue</STRONG> (Thumb, 38 bytes, Stack size 8 bytes, queue.o(i.prvCopyDataFromQueue))
<BR><BR>[Stack]<UL><LI>Max Depth = 8<LI>Call Chain = prvCopyDataFromQueue
</UL>
<BR>[Calls]<UL><LI><a href="#[13e]">&gt;&gt;</a>&nbsp;&nbsp;&nbsp;__aeabi_memcpy
</UL>
<BR>[Called By]<UL><LI><a href="#[f0]">&gt;&gt;</a>&nbsp;&nbsp;&nbsp;xQueueGenericReceive
</UL>

<P><STRONG><a name="[13f]"></a>prvCopyDataToQueue</STRONG> (Thumb, 108 bytes, Stack size 24 bytes, queue.o(i.prvCopyDataToQueue))
<BR><BR>[Stack]<UL><LI>Max Depth = 40<LI>Call Chain = prvCopyDataToQueue &rArr; xTaskPriorityDisinherit
</UL>
<BR>[Calls]<UL><LI><a href="#[140]">&gt;&gt;</a>&nbsp;&nbsp;&nbsp;xTaskPriorityDisinherit
<LI><a href="#[13e]">&gt;&gt;</a>&nbsp;&nbsp;&nbsp;__aeabi_memcpy
</UL>
<BR>[Called By]<UL><LI><a href="#[90]">&gt;&gt;</a>&nbsp;&nbsp;&nbsp;xQueueGenericSend
</UL>

<P><STRONG><a name="[145]"></a>prvIsQueueEmpty</STRONG> (Thumb, 28 bytes, Stack size 8 bytes, queue.o(i.prvIsQueueEmpty))
<BR><BR>[Stack]<UL><LI>Max Depth = 8<LI>Call Chain = prvIsQueueEmpty
</UL>
<BR>[Calls]<UL><LI><a href="#[138]">&gt;&gt;</a>&nbsp;&nbsp;&nbsp;vPortExitCritical
<LI><a href="#[136]">&gt;&gt;</a>&nbsp;&nbsp;&nbsp;vPortEnterCritical
</UL>
<BR>[Called By]<UL><LI><a href="#[f0]">&gt;&gt;</a>&nbsp;&nbsp;&nbsp;xQueueGenericReceive
</UL>

<P><STRONG><a name="[146]"></a>prvUnlockQueue</STRONG> (Thumb, 106 bytes, Stack size 24 bytes, queue.o(i.prvUnlockQueue))
<BR><BR>[Stack]<UL><LI>Max Depth = 48<LI>Call Chain = prvUnlockQueue &rArr; xTaskRemoveFromEventList
</UL>
<BR>[Calls]<UL><LI><a href="#[147]">&gt;&gt;</a>&nbsp;&nbsp;&nbsp;xTaskRemoveFromEventList
<LI><a href="#[148]">&gt;&gt;</a>&nbsp;&nbsp;&nbsp;vTaskMissedYield
<LI><a href="#[138]">&gt;&gt;</a>&nbsp;&nbsp;&nbsp;vPortExitCritical
<LI><a href="#[136]">&gt;&gt;</a>&nbsp;&nbsp;&nbsp;vPortEnterCritical
</UL>
<BR>[Called By]<UL><LI><a href="#[90]">&gt;&gt;</a>&nbsp;&nbsp;&nbsp;xQueueGenericSend
<LI><a href="#[f0]">&gt;&gt;</a>&nbsp;&nbsp;&nbsp;xQueueGenericReceive
</UL>

<P><STRONG><a name="[131]"></a>prvAddCurrentTaskToDelayedList</STRONG> (Thumb, 102 bytes, Stack size 24 bytes, tasks.o(i.prvAddCurrentTaskToDelayedList))
<BR><BR>[Stack]<UL><LI>Max Depth = 36<LI>Call Chain = prvAddCurrentTaskToDelayedList &rArr; vListInsert
</UL>
<BR>[Calls]<UL><LI><a href="#[133]">&gt;&gt;</a>&nbsp;&nbsp;&nbsp;vListInsertEnd
<LI><a href="#[134]">&gt;&gt;</a>&nbsp;&nbsp;&nbsp;vListInsert
<LI><a href="#[132]">&gt;&gt;</a>&nbsp;&nbsp;&nbsp;uxListRemove
</UL>
<BR>[Called By]<UL><LI><a href="#[152]">&gt;&gt;</a>&nbsp;&nbsp;&nbsp;vTaskPlaceOnEventList
<LI><a href="#[129]">&gt;&gt;</a>&nbsp;&nbsp;&nbsp;vTaskDelay
</UL>

<P><STRONG><a name="[135]"></a>prvAddNewTaskToReadyList</STRONG> (Thumb, 194 bytes, Stack size 24 bytes, tasks.o(i.prvAddNewTaskToReadyList))
<BR><BR>[Stack]<UL><LI>Max Depth = 24<LI>Call Chain = prvAddNewTaskToReadyList
</UL>
<BR>[Calls]<UL><LI><a href="#[133]">&gt;&gt;</a>&nbsp;&nbsp;&nbsp;vListInsertEnd
<LI><a href="#[137]">&gt;&gt;</a>&nbsp;&nbsp;&nbsp;vListInitialise
<LI><a href="#[138]">&gt;&gt;</a>&nbsp;&nbsp;&nbsp;vPortExitCritical
<LI><a href="#[136]">&gt;&gt;</a>&nbsp;&nbsp;&nbsp;vPortEnterCritical
</UL>
<BR>[Called By]<UL><LI><a href="#[12e]">&gt;&gt;</a>&nbsp;&nbsp;&nbsp;xTaskCreate
</UL>

<P><STRONG><a name="[139]"></a>prvCheckTasksWaitingTermination</STRONG> (Thumb, 70 bytes, Stack size 16 bytes, tasks.o(i.prvCheckTasksWaitingTermination))
<BR><BR>[Stack]<UL><LI>Max Depth = 96<LI>Call Chain = prvCheckTasksWaitingTermination &rArr; prvDeleteTCB &rArr; vPortFree &rArr; xTaskResumeAll &rArr; xTaskIncrementTick
</UL>
<BR>[Calls]<UL><LI><a href="#[13c]">&gt;&gt;</a>&nbsp;&nbsp;&nbsp;prvDeleteTCB
<LI><a href="#[132]">&gt;&gt;</a>&nbsp;&nbsp;&nbsp;uxListRemove
<LI><a href="#[138]">&gt;&gt;</a>&nbsp;&nbsp;&nbsp;vPortExitCritical
<LI><a href="#[136]">&gt;&gt;</a>&nbsp;&nbsp;&nbsp;vPortEnterCritical
<LI><a href="#[13b]">&gt;&gt;</a>&nbsp;&nbsp;&nbsp;xTaskResumeAll
<LI><a href="#[13a]">&gt;&gt;</a>&nbsp;&nbsp;&nbsp;vTaskSuspendAll
</UL>
<BR>[Called By]<UL><LI><a href="#[6b]">&gt;&gt;</a>&nbsp;&nbsp;&nbsp;prvIdleTask
</UL>

<P><STRONG><a name="[13c]"></a>prvDeleteTCB</STRONG> (Thumb, 20 bytes, Stack size 8 bytes, tasks.o(i.prvDeleteTCB))
<BR><BR>[Stack]<UL><LI>Max Depth = 80<LI>Call Chain = prvDeleteTCB &rArr; vPortFree &rArr; xTaskResumeAll &rArr; xTaskIncrementTick
</UL>
<BR>[Calls]<UL><LI><a href="#[141]">&gt;&gt;</a>&nbsp;&nbsp;&nbsp;vPortFree
</UL>
<BR>[Called By]<UL><LI><a href="#[139]">&gt;&gt;</a>&nbsp;&nbsp;&nbsp;prvCheckTasksWaitingTermination
<LI><a href="#[12f]">&gt;&gt;</a>&nbsp;&nbsp;&nbsp;vTaskDelete
</UL>

<P><STRONG><a name="[6b]"></a>prvIdleTask</STRONG> (Thumb, 30 bytes, Stack size 0 bytes, tasks.o(i.prvIdleTask))
<BR><BR>[Stack]<UL><LI>Max Depth = 96<LI>Call Chain = prvIdleTask &rArr; prvCheckTasksWaitingTermination &rArr; prvDeleteTCB &rArr; vPortFree &rArr; xTaskResumeAll &rArr; xTaskIncrementTick
</UL>
<BR>[Calls]<UL><LI><a href="#[139]">&gt;&gt;</a>&nbsp;&nbsp;&nbsp;prvCheckTasksWaitingTermination
</UL>
<BR>[Address Reference Count : 1]<UL><LI> tasks.o(i.vTaskStartScheduler)
</UL>
<P><STRONG><a name="[142]"></a>prvInitialiseNewTask</STRONG> (Thumb, 142 bytes, Stack size 32 bytes, tasks.o(i.prvInitialiseNewTask))
<BR><BR>[Stack]<UL><LI>Max Depth = 40<LI>Call Chain = prvInitialiseNewTask &rArr; pxPortInitialiseStack
</UL>
<BR>[Calls]<UL><LI><a href="#[143]">&gt;&gt;</a>&nbsp;&nbsp;&nbsp;vListInitialiseItem
<LI><a href="#[144]">&gt;&gt;</a>&nbsp;&nbsp;&nbsp;pxPortInitialiseStack
</UL>
<BR>[Called By]<UL><LI><a href="#[12e]">&gt;&gt;</a>&nbsp;&nbsp;&nbsp;xTaskCreate
</UL>

<P><STRONG><a name="[151]"></a>prvResetNextTaskUnblockTime</STRONG> (Thumb, 26 bytes, Stack size 0 bytes, tasks.o(i.prvResetNextTaskUnblockTime))
<BR><BR>[Called By]<UL><LI><a href="#[158]">&gt;&gt;</a>&nbsp;&nbsp;&nbsp;xTaskIncrementTick
<LI><a href="#[13b]">&gt;&gt;</a>&nbsp;&nbsp;&nbsp;xTaskResumeAll
<LI><a href="#[12f]">&gt;&gt;</a>&nbsp;&nbsp;&nbsp;vTaskDelete
</UL>

<P><STRONG><a name="[12d]"></a>makeFreeRtosPriority</STRONG> (Thumb, 12 bytes, Stack size 0 bytes, cmsis_os.o(i.makeFreeRtosPriority))
<BR><BR>[Called By]<UL><LI><a href="#[92]">&gt;&gt;</a>&nbsp;&nbsp;&nbsp;osThreadCreate
</UL>

<P><STRONG><a name="[121]"></a>ist_reg_read_by_mpu</STRONG> (Thumb, 56 bytes, Stack size 8 bytes, bsp_imu.o(i.ist_reg_read_by_mpu))
<BR><BR>[Stack]<UL><LI>Max Depth = 112<LI>Call Chain = ist_reg_read_by_mpu &rArr; mpu_write_byte &rArr; HAL_SPI_TransmitReceive &rArr; SPI_CheckFlag_BSY &rArr; SPI_WaitFlagStateUntilTimeout
</UL>
<BR>[Calls]<UL><LI><a href="#[9b]">&gt;&gt;</a>&nbsp;&nbsp;&nbsp;HAL_Delay
<LI><a href="#[11f]">&gt;&gt;</a>&nbsp;&nbsp;&nbsp;mpu_write_byte
<LI><a href="#[123]">&gt;&gt;</a>&nbsp;&nbsp;&nbsp;mpu_read_byte
</UL>
<BR>[Called By]<UL><LI><a href="#[11e]">&gt;&gt;</a>&nbsp;&nbsp;&nbsp;ist8310_init
</UL>

<P><STRONG><a name="[120]"></a>ist_reg_write_by_mpu</STRONG> (Thumb, 66 bytes, Stack size 16 bytes, bsp_imu.o(i.ist_reg_write_by_mpu))
<BR><BR>[Stack]<UL><LI>Max Depth = 120<LI>Call Chain = ist_reg_write_by_mpu &rArr; mpu_write_byte &rArr; HAL_SPI_TransmitReceive &rArr; SPI_CheckFlag_BSY &rArr; SPI_WaitFlagStateUntilTimeout
</UL>
<BR>[Calls]<UL><LI><a href="#[9b]">&gt;&gt;</a>&nbsp;&nbsp;&nbsp;HAL_Delay
<LI><a href="#[11f]">&gt;&gt;</a>&nbsp;&nbsp;&nbsp;mpu_write_byte
</UL>
<BR>[Called By]<UL><LI><a href="#[11e]">&gt;&gt;</a>&nbsp;&nbsp;&nbsp;ist8310_init
</UL>

<P><STRONG><a name="[122]"></a>mpu_master_i2c_auto_read_config</STRONG> (Thumb, 142 bytes, Stack size 16 bytes, bsp_imu.o(i.mpu_master_i2c_auto_read_config))
<BR><BR>[Stack]<UL><LI>Max Depth = 120<LI>Call Chain = mpu_master_i2c_auto_read_config &rArr; mpu_write_byte &rArr; HAL_SPI_TransmitReceive &rArr; SPI_CheckFlag_BSY &rArr; SPI_WaitFlagStateUntilTimeout
</UL>
<BR>[Calls]<UL><LI><a href="#[9b]">&gt;&gt;</a>&nbsp;&nbsp;&nbsp;HAL_Delay
<LI><a href="#[11f]">&gt;&gt;</a>&nbsp;&nbsp;&nbsp;mpu_write_byte
</UL>
<BR>[Called By]<UL><LI><a href="#[11e]">&gt;&gt;</a>&nbsp;&nbsp;&nbsp;ist8310_init
</UL>

<P><STRONG><a name="[86]"></a>Balance_Mode</STRONG> (Thumb, 106 bytes, Stack size 16 bytes, remote.o(i.Balance_Mode))
<BR><BR>[Stack]<UL><LI>Max Depth = 392<LI>Call Chain = Balance_Mode &rArr; balance &rArr; __hardfp_sin &rArr; __ieee754_rem_pio2 &rArr; __aeabi_dmul &rArr; _double_epilogue &rArr; _double_round
</UL>
<BR>[Calls]<UL><LI><a href="#[89]">&gt;&gt;</a>&nbsp;&nbsp;&nbsp;robot_run
<LI><a href="#[88]">&gt;&gt;</a>&nbsp;&nbsp;&nbsp;balance
<LI><a href="#[87]">&gt;&gt;</a>&nbsp;&nbsp;&nbsp;PIT_ROL_PID_Set
</UL>
<BR>[Called By]<UL><LI><a href="#[e8]">&gt;&gt;</a>&nbsp;&nbsp;&nbsp;Mode_Ctrl
</UL>

<P><STRONG><a name="[e8]"></a>Mode_Ctrl</STRONG> (Thumb, 76 bytes, Stack size 0 bytes, remote.o(i.Mode_Ctrl))
<BR><BR>[Stack]<UL><LI>Max Depth = 392<LI>Call Chain = Mode_Ctrl &rArr; Twist &rArr; balance &rArr; __hardfp_sin &rArr; __ieee754_rem_pio2 &rArr; __aeabi_dmul &rArr; _double_epilogue &rArr; _double_round
</UL>
<BR>[Calls]<UL><LI><a href="#[eb]">&gt;&gt;</a>&nbsp;&nbsp;&nbsp;Twist
<LI><a href="#[ea]">&gt;&gt;</a>&nbsp;&nbsp;&nbsp;Trot_Mode
<LI><a href="#[e9]">&gt;&gt;</a>&nbsp;&nbsp;&nbsp;Safe_ctl
<LI><a href="#[86]">&gt;&gt;</a>&nbsp;&nbsp;&nbsp;Balance_Mode
<LI><a href="#[ec]">&gt;&gt;</a>&nbsp;&nbsp;&nbsp;pwm_offset_run
</UL>
<BR>[Called By]<UL><LI><a href="#[ef]">&gt;&gt;</a>&nbsp;&nbsp;&nbsp;Remote_Handle
</UL>

<P><STRONG><a name="[e9]"></a>Safe_ctl</STRONG> (Thumb, 62 bytes, Stack size 12 bytes, remote.o(i.Safe_ctl))
<BR><BR>[Stack]<UL><LI>Max Depth = 12<LI>Call Chain = Safe_ctl
</UL>
<BR>[Called By]<UL><LI><a href="#[e8]">&gt;&gt;</a>&nbsp;&nbsp;&nbsp;Mode_Ctrl
</UL>

<P><STRONG><a name="[ea]"></a>Trot_Mode</STRONG> (Thumb, 116 bytes, Stack size 8 bytes, remote.o(i.Trot_Mode))
<BR><BR>[Stack]<UL><LI>Max Depth = 376<LI>Call Chain = Trot_Mode &rArr; robot_run &rArr; inverse_kinematics &rArr; __hardfp_tan &rArr; __kernel_tan &rArr; __kernel_poly &rArr; __aeabi_dmul &rArr; _double_epilogue &rArr; _double_round
</UL>
<BR>[Calls]<UL><LI><a href="#[f8]">&gt;&gt;</a>&nbsp;&nbsp;&nbsp;trot
<LI><a href="#[89]">&gt;&gt;</a>&nbsp;&nbsp;&nbsp;robot_run
<LI><a href="#[87]">&gt;&gt;</a>&nbsp;&nbsp;&nbsp;PIT_ROL_PID_Set
</UL>
<BR>[Called By]<UL><LI><a href="#[e8]">&gt;&gt;</a>&nbsp;&nbsp;&nbsp;Mode_Ctrl
</UL>

<P><STRONG><a name="[eb]"></a>Twist</STRONG> (Thumb, 160 bytes, Stack size 16 bytes, remote.o(i.Twist))
<BR><BR>[Stack]<UL><LI>Max Depth = 392<LI>Call Chain = Twist &rArr; balance &rArr; __hardfp_sin &rArr; __ieee754_rem_pio2 &rArr; __aeabi_dmul &rArr; _double_epilogue &rArr; _double_round
</UL>
<BR>[Calls]<UL><LI><a href="#[89]">&gt;&gt;</a>&nbsp;&nbsp;&nbsp;robot_run
<LI><a href="#[88]">&gt;&gt;</a>&nbsp;&nbsp;&nbsp;balance
<LI><a href="#[87]">&gt;&gt;</a>&nbsp;&nbsp;&nbsp;PIT_ROL_PID_Set
</UL>
<BR>[Called By]<UL><LI><a href="#[e8]">&gt;&gt;</a>&nbsp;&nbsp;&nbsp;Mode_Ctrl
</UL>
<P>
<H3>
Undefined Global Symbols
</H3><HR></body></html>
