<html>
<body>
<pre>
<h1>礦ision Build Log</h1>
<h2>Tool Versions:</h2>
IDE-Version: μVision V5.18.0.0
Copyright (C) 2016 ARM Ltd and ARM Germany GmbH. All rights reserved.
License Information: 1 Administrator, 1, LIC=21EVE-5F83G-W26LL-06LTM-65JI8-5HTFH
 
Tool Versions:
Toolchain:       MDK-ARM Standard  Version: 5.18
Toolchain Path:  D:\D\software\MDK5\ARM\ARMCC\Bin
C Compiler:      Armcc.exe V5.06 update 1 (build 61)
Assembler:       Armasm.exe V5.06 update 1 (build 61)
Linker/Locator:  ArmLink.exe V5.06 update 1 (build 61)
Library Manager: ArmAr.exe V5.06 update 1 (build 61)
Hex Converter:   FromElf.exe V5.06 update 1 (build 61)
CPU DLL:         SARMCM3.DLL V5.18
Dialog DLL:      DCM.DLL V1.13.6.0
Target DLL:      CMSIS_AGDI.dll V1.25.7.0
Dialog DLL:      TCM.DLL V1.14.8.0
 
<h2>Project:</h2>
D:\D\exercises\mcu\stm32\cube project\Quadruped Robot\CubeProject\Quadruped Robot\MDK-ARM\Quadruped Robot.uvprojx
Project File Date:  03/18/2020

<h2>Output:</h2>
*** Using Compiler 'V5.06 update 1 (build 61)', folder: 'D:\D\software\MDK5\ARM\ARMCC\Bin'
Build target 'Quadruped Robot'
compiling legctrl.c...
..\My_Drivers\Remote\legctrl.h(30): warning:  #1295-D: Deprecated declaration PID_cal - give arg types
  void PID_cal();
..\My_Drivers\Remote\legctrl.c(317): warning:  #177-D: variable "theta" was declared but never referenced
  	static float theta,//转??
..\My_Drivers\Remote\legctrl.c(318): warning:  #177-D: variable "ctheta" was declared but never referenced
  				ctheta,//cos(theta)
..\My_Drivers\Remote\legctrl.c(319): warning:  #177-D: variable "stheta" was declared but never referenced
  				stheta,//sin(theta)
..\My_Drivers\Remote\legctrl.c(320): warning:  #177-D: variable "c" was declared but never referenced
  				c[3],//转??
..\My_Drivers\Remote\legctrl.c(321): warning:  #177-D: variable "c_uni" was declared but never referenced
  				c_uni,//转?岬?位化?屑浔?量
..\My_Drivers\Remote\legctrl.c(322): warning:  #177-D: variable "omega" was declared but never referenced
  				omega[3],//转?岱??虻牡?位??量
..\My_Drivers\Remote\legctrl.c(382): warning:  #1-D: last line of file ends without a newline
  	
..\My_Drivers\Remote\legctrl.c: 8 warnings, 0 errors
linking...
Program Size: Code=37276 RO-data=1384 RW-data=300 ZI-data=18084  
FromELF: creating hex file...
"Quadruped Robot\Quadruped Robot.axf" - 0 Error(s), 8 Warning(s).

<h2>Software Packages used:</h2>

Package Vendor: ARM
                http://www.keil.com/pack/ARM.CMSIS.5.4.0.pack
                ARM::CMSIS:CORE:5.1.2
                CMSIS (Cortex Microcontroller Software Interface Standard)
   * Component: CORE Version: 5.1.2

<h2>Collection of Component include folders:</h2>
  D:\D\exercises\mcu\stm32\cube project\Quadruped Robot\CubeProject\Quadruped Robot\MDK-ARM\RTE
  D:\D\software\MDK5\ARM\PACK\ARM\CMSIS\5.4.0\CMSIS\Core\Include
  D:\D\software\MDK5\ARM\PACK\Keil\STM32F4xx_DFP\2.11.0\Drivers\CMSIS\Device\ST\STM32F4xx\Include

<h2>Collection of Component Files used:</h2>

   * Component: ARM::CMSIS:CORE:5.1.2
Build Time Elapsed:  00:00:03
</pre>
</body>
</html>
