Component: ARM Compiler 5.06 update 1 (build 61) Tool: armlink [4d35a8]

==============================================================================

Section Cross References

    startup_stm32f427xx.o(RESET) refers to startup_stm32f427xx.o(STACK) for __initial_sp
    startup_stm32f427xx.o(RESET) refers to startup_stm32f427xx.o(.text) for Reset_Handler
    startup_stm32f427xx.o(RESET) refers to stm32f4xx_it.o(i.NMI_Handler) for NMI_Handler
    startup_stm32f427xx.o(RESET) refers to stm32f4xx_it.o(i.HardFault_Handler) for HardFault_Handler
    startup_stm32f427xx.o(RESET) refers to stm32f4xx_it.o(i.MemManage_Handler) for MemManage_Handler
    startup_stm32f427xx.o(RESET) refers to stm32f4xx_it.o(i.BusFault_Handler) for BusFault_Handler
    startup_stm32f427xx.o(RESET) refers to stm32f4xx_it.o(i.UsageFault_Handler) for UsageFault_Handler
    startup_stm32f427xx.o(RESET) refers to port.o(.emb_text) for SVC_Handler
    startup_stm32f427xx.o(RESET) refers to stm32f4xx_it.o(i.DebugMon_Handler) for DebugMon_Handler
    startup_stm32f427xx.o(RESET) refers to stm32f4xx_it.o(i.SysTick_Handler) for SysTick_Handler
    startup_stm32f427xx.o(RESET) refers to stm32f4xx_it.o(i.TIM1_UP_TIM10_IRQHandler) for TIM1_UP_TIM10_IRQHandler
    startup_stm32f427xx.o(RESET) refers to stm32f4xx_it.o(i.USART1_IRQHandler) for USART1_IRQHandler
    startup_stm32f427xx.o(RESET) refers to stm32f4xx_it.o(i.DMA2_Stream2_IRQHandler) for DMA2_Stream2_IRQHandler
    startup_stm32f427xx.o(.text) refers to system_stm32f4xx.o(i.SystemInit) for SystemInit
    startup_stm32f427xx.o(.text) refers to entry.o(.ARM.Collect$$$$00000000) for __main
    main.o(i.HAL_TIM_PeriodElapsedCallback) refers to stm32f4xx_hal.o(i.HAL_IncTick) for HAL_IncTick
    main.o(i.SystemClock_Config) refers to stm32f4xx_hal_rcc.o(i.HAL_RCC_OscConfig) for HAL_RCC_OscConfig
    main.o(i.SystemClock_Config) refers to stm32f4xx_hal_pwr_ex.o(i.HAL_PWREx_EnableOverDrive) for HAL_PWREx_EnableOverDrive
    main.o(i.SystemClock_Config) refers to stm32f4xx_hal_rcc.o(i.HAL_RCC_ClockConfig) for HAL_RCC_ClockConfig
    main.o(i.SystemClock_Config) refers to stm32f4xx_hal_rcc.o(i.HAL_RCC_GetHCLKFreq) for HAL_RCC_GetHCLKFreq
    main.o(i.SystemClock_Config) refers to stm32f4xx_hal_cortex.o(i.HAL_SYSTICK_Config) for HAL_SYSTICK_Config
    main.o(i.SystemClock_Config) refers to stm32f4xx_hal_cortex.o(i.HAL_SYSTICK_CLKSourceConfig) for HAL_SYSTICK_CLKSourceConfig
    main.o(i.SystemClock_Config) refers to stm32f4xx_hal_cortex.o(i.HAL_NVIC_SetPriority) for HAL_NVIC_SetPriority
    main.o(i.main) refers to stm32f4xx_hal.o(i.HAL_Init) for HAL_Init
    main.o(i.main) refers to main.o(i.SystemClock_Config) for SystemClock_Config
    main.o(i.main) refers to gpio.o(i.MX_GPIO_Init) for MX_GPIO_Init
    main.o(i.main) refers to dma.o(i.MX_DMA_Init) for MX_DMA_Init
    main.o(i.main) refers to spi.o(i.MX_SPI5_Init) for MX_SPI5_Init
    main.o(i.main) refers to tim.o(i.MX_TIM2_Init) for MX_TIM2_Init
    main.o(i.main) refers to tim.o(i.MX_TIM3_Init) for MX_TIM3_Init
    main.o(i.main) refers to tim.o(i.MX_TIM4_Init) for MX_TIM4_Init
    main.o(i.main) refers to tim.o(i.MX_TIM5_Init) for MX_TIM5_Init
    main.o(i.main) refers to tim.o(i.MX_TIM8_Init) for MX_TIM8_Init
    main.o(i.main) refers to tim.o(i.MX_TIM12_Init) for MX_TIM12_Init
    main.o(i.main) refers to usart.o(i.MX_USART1_UART_Init) for MX_USART1_UART_Init
    main.o(i.main) refers to stm32f4xx_hal_tim.o(i.HAL_TIM_PWM_Init) for HAL_TIM_PWM_Init
    main.o(i.main) refers to freertos.o(i.MX_FREERTOS_Init) for MX_FREERTOS_Init
    main.o(i.main) refers to cmsis_os.o(i.osKernelStart) for osKernelStart
    main.o(i.main) refers to tim.o(.bss) for htim2
    gpio.o(i.MX_GPIO_Init) refers to stm32f4xx_hal_gpio.o(i.HAL_GPIO_WritePin) for HAL_GPIO_WritePin
    gpio.o(i.MX_GPIO_Init) refers to stm32f4xx_hal_gpio.o(i.HAL_GPIO_Init) for HAL_GPIO_Init
    dma.o(i.MX_DMA_Init) refers to stm32f4xx_hal_cortex.o(i.HAL_NVIC_SetPriority) for HAL_NVIC_SetPriority
    dma.o(i.MX_DMA_Init) refers to stm32f4xx_hal_cortex.o(i.HAL_NVIC_EnableIRQ) for HAL_NVIC_EnableIRQ
    freertos.o(i.MX_FREERTOS_Init) refers to memcpya.o(.text) for __aeabi_memcpy4
    freertos.o(i.MX_FREERTOS_Init) refers to cmsis_os.o(i.osThreadCreate) for osThreadCreate
    freertos.o(i.MX_FREERTOS_Init) refers to freertos.o(.constdata) for .constdata
    freertos.o(i.MX_FREERTOS_Init) refers to freertos.o(.data) for .data
    freertos.o(i.StartDefaultTask) refers to cmsis_os.o(i.osDelay) for osDelay
    freertos.o(i.StartInitTask) refers to cmsis_os.o(i.osDelay) for osDelay
    freertos.o(.constdata) refers to freertos.o(.conststring) for .conststring
    freertos.o(.constdata) refers to freertos.o(i.StartDefaultTask) for StartDefaultTask
    freertos.o(.constdata) refers to inittask.o(i.StartInitTask) for StartInitTask
    spi.o(i.HAL_SPI_MspDeInit) refers to stm32f4xx_hal_gpio.o(i.HAL_GPIO_DeInit) for HAL_GPIO_DeInit
[...]
    i.prvUnlockQueue                         0x08007034   Section        0  queue.o(i.prvUnlockQueue)
    prvUnlockQueue                           0x08007035   Thumb Code   106  queue.o(i.prvUnlockQueue)
    i.pvPortMalloc                           0x080070a0   Section        0  heap_4.o(i.pvPortMalloc)
    i.pvTaskIncrementMutexHeldCount          0x08007178   Section        0  tasks.o(i.pvTaskIncrementMutexHeldCount)
    i.pwm_calcu                              0x08007190   Section        0  legctrl.o(i.pwm_calcu)
    i.pwm_offset_run                         0x08007414   Section        0  legctrl.o(i.pwm_offset_run)
    i.pwm_set                                0x08007584   Section        0  legctrl.o(i.pwm_set)
    i.pwm_start_all                          0x08007660   Section        0  legctrl.o(i.pwm_start_all)
    i.pxPortInitialiseStack                  0x080076d8   Section        0  port.o(i.pxPortInitialiseStack)
    i.robot_init                             0x08007704   Section        0  legctrl.o(i.robot_init)
    i.robot_run                              0x08007712   Section        0  legctrl.o(i.robot_run)
    i.sqrt                                   0x0800772a   Section        0  sqrt.o(i.sqrt)
    i.trot                                   0x08007798   Section        0  legctrl.o(i.trot)
    i.uxListRemove                           0x08008364   Section        0  list.o(i.uxListRemove)
    i.vListInitialise                        0x08008388   Section        0  list.o(i.vListInitialise)
    i.vListInitialiseItem                    0x0800839e   Section        0  list.o(i.vListInitialiseItem)
    i.vListInsert                            0x080083a4   Section        0  list.o(i.vListInsert)
    i.vListInsertEnd                         0x080083d4   Section        0  list.o(i.vListInsertEnd)
    i.vPortEnterCritical                     0x080083ec   Section        0  port.o(i.vPortEnterCritical)
    i.vPortExitCritical                      0x0800842c   Section        0  port.o(i.vPortExitCritical)
    i.vPortFree                              0x08008454   Section        0  heap_4.o(i.vPortFree)
    i.vPortSetupTimerInterrupt               0x080084b0   Section        0  port.o(i.vPortSetupTimerInterrupt)
    i.vPortValidateInterruptPriority         0x080084d0   Section        0  port.o(i.vPortValidateInterruptPriority)
    i.vTaskDelay                             0x08008524   Section        0  tasks.o(i.vTaskDelay)
    i.vTaskDelete                            0x08008570   Section        0  tasks.o(i.vTaskDelete)
    i.vTaskMissedYield                       0x0800861c   Section        0  tasks.o(i.vTaskMissedYield)
    i.vTaskPlaceOnEventList                  0x08008628   Section        0  tasks.o(i.vTaskPlaceOnEventList)
    i.vTaskPriorityInherit                   0x08008658   Section        0  tasks.o(i.vTaskPriorityInherit)
    i.vTaskSetTimeOutState                   0x080086dc   Section        0  tasks.o(i.vTaskSetTimeOutState)
    i.vTaskStartScheduler                    0x08008700   Section        0  tasks.o(i.vTaskStartScheduler)
    i.vTaskSuspendAll                        0x08008768   Section        0  tasks.o(i.vTaskSuspendAll)
    i.vTaskSwitchContext                     0x08008778   Section        0  tasks.o(i.vTaskSwitchContext)
    i.xPortStartScheduler                    0x080087d4   Section        0  port.o(i.xPortStartScheduler)
    i.xPortSysTickHandler                    0x080088b4   Section        0  port.o(i.xPortSysTickHandler)
    i.xQueueGenericCreate                    0x080088e0   Section        0  queue.o(i.xQueueGenericCreate)
    i.xQueueGenericReceive                   0x08008928   Section        0  queue.o(i.xQueueGenericReceive)
    i.xQueueGenericReset                     0x08008a94   Section        0  queue.o(i.xQueueGenericReset)
    i.xQueueGenericSend                      0x08008b1c   Section        0  queue.o(i.xQueueGenericSend)
    i.xQueueGiveFromISR                      0x08008c7c   Section        0  queue.o(i.xQueueGiveFromISR)
    i.xTaskCheckForTimeOut                   0x08008d18   Section        0  tasks.o(i.xTaskCheckForTimeOut)
    i.xTaskCreate                            0x08008d84   Section        0  tasks.o(i.xTaskCreate)
    i.xTaskGetSchedulerState                 0x08008ddc   Section        0  tasks.o(i.xTaskGetSchedulerState)
    i.xTaskIncrementTick                     0x08008df8   Section        0  tasks.o(i.xTaskIncrementTick)
    i.xTaskPriorityDisinherit                0x08008ec0   Section        0  tasks.o(i.xTaskPriorityDisinherit)
    i.xTaskRemoveFromEventList               0x08008f58   Section        0  tasks.o(i.xTaskRemoveFromEventList)
    i.xTaskResumeAll                         0x08008fcc   Section        0  tasks.o(i.xTaskResumeAll)
    .constdata                               0x08009090   Section       40  freertos.o(.constdata)
    .constdata                               0x080090b8   Section        8  stm32f4xx_hal_dma.o(.constdata)
    flagBitshiftOffset                       0x080090b8   Data           8  stm32f4xx_hal_dma.o(.constdata)
    .constdata                               0x080090c0   Section       16  system_stm32f4xx.o(.constdata)
    .constdata                               0x080090d0   Section        8  system_stm32f4xx.o(.constdata)
    .constdata                               0x080090d8   Section       20  dbus.o(.constdata)
    .constdata                               0x080090ec   Section       40  inittask.o(.constdata)
    .constdata                               0x08009114   Section       20  bsp_imu.o(.constdata)
    .constdata                               0x08009128   Section       80  asin.o(.constdata)
    pS                                       0x08009128   Data          48  asin.o(.constdata)
    qS                                       0x08009158   Data          32  asin.o(.constdata)
    .constdata                               0x08009178   Section       88  exp.o(.constdata)
    halF                                     0x08009178   Data          16  exp.o(.constdata)
    ln2HI                                    0x08009188   Data          16  exp.o(.constdata)
    ln2LO                                    0x08009198   Data          16  exp.o(.constdata)
    P                                        0x080091a8   Data          40  exp.o(.constdata)
    .constdata                               0x080091d0   Section      152  atan.o(.constdata)
    atanhi                                   0x080091d0   Data          32  atan.o(.constdata)
    atanlo                                   0x080091f0   Data          32  atan.o(.constdata)
    aTodd                                    0x08009210   Data          40  atan.o(.constdata)
    aTeven                                   0x08009238   Data          48  atan.o(.constdata)
    .constdata                               0x08009268   Section       48  cos_i.o(.constdata)
    C                                        0x08009268   Data          48  cos_i.o(.constdata)
    .constdata                               0x08009298   Section        8  qnan.o(.constdata)
    .constdata                               0x080092a0   Section      200  rred.o(.constdata)
    pio2s                                    0x080092a0   Data          48  rred.o(.constdata)
    twooverpi                                0x080092d0   Data         152  rred.o(.constdata)
    .constdata                               0x08009368   Section       40  sin_i.o(.constdata)
    S                                        0x08009368   Data          40  sin_i.o(.constdata)
    .constdata                               0x08009390   Section       96  tan_i.o(.constdata)
    Todd                                     0x08009390   Data          48  tan_i.o(.constdata)
    Teven                                    0x080093c0   Data          48  tan_i.o(.constdata)
    .conststring                             0x080093f0   Section       24  freertos.o(.conststring)
    .conststring                             0x08009408   Section        9  dbus.o(.conststring)
    .conststring                             0x08009414   Section       21  inittask.o(.conststring)
    .data                                    0x20000000   Section        8  freertos.o(.data)
    .data                                    0x20000008   Section       12  stm32f4xx_hal.o(.data)
    .data                                    0x20000014   Section        4  system_stm32f4xx.o(.data)
    .data                                    0x20000018   Section       24  heap_4.o(.data)
    pxEnd                                    0x20000018   Data           4  heap_4.o(.data)
    xFreeBytesRemaining                      0x2000001c   Data           4  heap_4.o(.data)
    xMinimumEverFreeBytesRemaining           0x20000020   Data           4  heap_4.o(.data)
    xBlockAllocatedBit                       0x20000024   Data           4  heap_4.o(.data)
    xStart                                   0x20000028   Data           8  heap_4.o(.data)
    .data                                    0x20000030   Section       12  port.o(.data)
    ucMaxSysCallPriority                     0x20000030   Data           1  port.o(.data)
    uxCriticalNesting                        0x20000034   Data           4  port.o(.data)
    ulMaxPRIGROUPValue                       0x20000038   Data           4  port.o(.data)
    .data                                    0x2000003c   Section       60  tasks.o(.data)
    uxDeletedTasksWaitingCleanUp             0x20000040   Data           4  tasks.o(.data)
    uxCurrentNumberOfTasks                   0x20000044   Data           4  tasks.o(.data)
    xTickCount                               0x20000048   Data           4  tasks.o(.data)
    uxTopReadyPriority                       0x2000004c   Data           4  tasks.o(.data)
    xSchedulerRunning                        0x20000050   Data           4  tasks.o(.data)
    uxPendedTicks                            0x20000054   Data           4  tasks.o(.data)
    xYieldPending                            0x20000058   Data           4  tasks.o(.data)
    xNumOfOverflows                          0x2000005c   Data           4  tasks.o(.data)
    uxTaskNumber                             0x20000060   Data           4  tasks.o(.data)
    xNextTaskUnblockTime                     0x20000064   Data           4  tasks.o(.data)
    xIdleTaskHandle                          0x20000068   Data           4  tasks.o(.data)
    uxSchedulerSuspended                     0x2000006c   Data           4  tasks.o(.data)
    pxDelayedTaskList                        0x20000070   Data           4  tasks.o(.data)
    pxOverflowDelayedTaskList                0x20000074   Data           4  tasks.o(.data)
    .data                                    0x20000078   Section       12  dbus.o(.data)
    xHigherPriorityTaskWoken                 0x20000078   Data           4  dbus.o(.data)
    .data                                    0x20000084   Section        8  inittask.o(.data)
    .data                                    0x2000008c   Section       96  bsp_imu.o(.data)
    tx                                       0x2000008c   Data           1  bsp_imu.o(.data)
    rx                                       0x2000008d   Data           1  bsp_imu.o(.data)
    gx                                       0x200000ac   Data           4  bsp_imu.o(.data)
    gy                                       0x200000b0   Data           4  bsp_imu.o(.data)
    gz                                       0x200000b4   Data           4  bsp_imu.o(.data)
    ax                                       0x200000b8   Data           4  bsp_imu.o(.data)
    ay                                       0x200000bc   Data           4  bsp_imu.o(.data)
    az                                       0x200000c0   Data           4  bsp_imu.o(.data)
    mx                                       0x200000c4   Data           4  bsp_imu.o(.data)
    my                                       0x200000c8   Data           4  bsp_imu.o(.data)
    mz                                       0x200000cc   Data           4  bsp_imu.o(.data)
    tx_buff                                  0x200000de   Data          14  bsp_imu.o(.data)
    .data                                    0x200000ec   Section        2  remote.o(.data)
    .data                                    0x200000f0   Section       56  legctrl.o(.data)
    time                                     0x200000f0   Data           4  legctrl.o(.data)
    time1                                    0x200000f4   Data           4  legctrl.o(.data)
    .data                                    0x20000128   Section        4  errno.o(.data)
    _errno                                   0x20000128   Data           4  errno.o(.data)
    .bss                                     0x2000012c   Section       88  spi.o(.bss)
    .bss                                     0x20000184   Section      360  tim.o(.bss)
    .bss                                     0x200002ec   Section      160  usart.o(.bss)
    .bss                                     0x2000038c   Section       60  stm32f4xx_hal_timebase_tim.o(.bss)
    .bss                                     0x200003c8   Section    15360  heap_4.o(.bss)
    ucHeap                                   0x200003c8   Data       15360  heap_4.o(.bss)
    .bss                                     0x20003fc8   Section      240  tasks.o(.bss)
    pxReadyTasksLists                        0x20003fc8   Data         140  tasks.o(.bss)
    xDelayedTaskList1                        0x20004054   Data          20  tasks.o(.bss)
    xDelayedTaskList2                        0x20004068   Data          20  tasks.o(.bss)
    xPendingReadyList                        0x2000407c   Data          20  tasks.o(.bss)
    xTasksWaitingTermination                 0x20004090   Data          20  tasks.o(.bss)
    xSuspendedTaskList                       0x200040a4   Data          20  tasks.o(.bss)
    .bss                                     0x200040b8   Section       62  dbus.o(.bss)
    .bss                                     0x200040f8   Section      252  bsp_imu.o(.bss)
    .bss                                     0x200041f4   Section      320  legctrl.o(.bss)
    .bss                                     0x20004334   Section      200  legctrl.o(.bss)
    STACK                                    0x20004400   Section     1024  startup_stm32f427xx.o(STACK)

    Global Symbols

    Symbol Name                              Value     Ov Type        Size  Object(Section)

    BuildAttributes$$THM_ISAv4$E$P$D$K$B$S$7EM$VFPi3$EXTD16$VFPS$VFMA$PE$A:L22UL41UL21$X:L11$S22US41US21$IEEE1$IW$USESV6$~STKCKD$USESV7$~SHL$OTIME$ROPI$IEEEX$EBA8$MICROLIB$REQ8$PRES8$EABIv2 0x00000000   Number         0  anon$$obj.o ABSOLUTE
    __ARM_use_no_argv                        0x00000000   Number         0  main.o ABSOLUTE
    __cpp_initialize__aeabi_                  - Undefined Weak Reference
    __cxa_finalize                            - Undefined Weak Reference
    _clock_init                               - Undefined Weak Reference
    _microlib_exit                            - Undefined Weak Reference
    __Vectors_Size                           0x000001ac   Number         0  startup_stm32f427xx.o ABSOLUTE
    __Vectors                                0x08000000   Data           4  startup_stm32f427xx.o(RESET)
    __Vectors_End                            0x080001ac   Data           0  startup_stm32f427xx.o(RESET)
    __main                                   0x080001ad   Thumb Code     0  entry.o(.ARM.Collect$$$$00000000)
    _main_stk                                0x080001ad   Thumb Code     0  entry2.o(.ARM.Collect$$$$00000001)
    _main_scatterload                        0x080001b1   Thumb Code     0  entry5.o(.ARM.Collect$$$$00000004)
    __main_after_scatterload                 0x080001b5   Thumb Code     0  entry5.o(.ARM.Collect$$$$00000004)
    _main_clock                              0x080001b5   Thumb Code     0  entry7b.o(.ARM.Collect$$$$00000008)
    _main_cpp_init                           0x080001b5   Thumb Code     0  entry8b.o(.ARM.Collect$$$$0000000A)
    _main_init                               0x080001b5   Thumb Code     0  entry9a.o(.ARM.Collect$$$$0000000B)
    __rt_final_cpp                           0x080001bd   Thumb Code     0  entry10a.o(.ARM.Collect$$$$0000000D)
    __rt_final_exit                          0x080001bd   Thumb Code     0  entry11a.o(.ARM.Collect$$$$0000000F)
    SVC_Handler                              0x080001c1   Thumb Code    28  port.o(.emb_text)
    __asm___6_port_c_39a90d8d__prvStartFirstTask 0x080001e1   Thumb Code    28  port.o(.emb_text)
    __asm___6_port_c_39a90d8d__prvEnableVFP  0x08000201   Thumb Code    16  port.o(.emb_text)
    PendSV_Handler                           0x08000215   Thumb Code    92  port.o(.emb_text)
    vPortGetIPSR                             0x08000275   Thumb Code     6  port.o(.emb_text)
    Reset_Handler                            0x0800027d   Thumb Code     8  startup_stm32f427xx.o(.text)
    ADC_IRQHandler                           0x08000297   Thumb Code     0  startup_stm32f427xx.o(.text)
    CAN1_RX0_IRQHandler                      0x08000297   Thumb Code     0  startup_stm32f427xx.o(.text)
    CAN1_RX1_IRQHandler                      0x08000297   Thumb Code     0  startup_stm32f427xx.o(.text)
    CAN1_SCE_IRQHandler                      0x08000297   Thumb Code     0  startup_stm32f427xx.o(.text)
    CAN1_TX_IRQHandler                       0x08000297   Thumb Code     0  startup_stm32f427xx.o(.text)
    CAN2_RX0_IRQHandler                      0x08000297   Thumb Code     0  startup_stm32f427xx.o(.text)
    CAN2_RX1_IRQHandler                      0x08000297   Thumb Code     0  startup_stm32f427xx.o(.text)
    CAN2_SCE_IRQHandler                      0x08000297   Thumb Code     0  startup_stm32f427xx.o(.text)
    CAN2_TX_IRQHandler                       0x08000297   Thumb Code     0  startup_stm32f427xx.o(.text)
    DCMI_IRQHandler                          0x08000297   Thumb Code     0  startup_stm32f427xx.o(.text)
    DMA1_Stream0_IRQHandler                  0x08000297   Thumb Code     0  startup_stm32f427xx.o(.text)
    DMA1_Stream1_IRQHandler                  0x08000297   Thumb Code     0  startup_stm32f427xx.o(.text)
    DMA1_Stream2_IRQHandler                  0x08000297   Thumb Code     0  startup_stm32f427xx.o(.text)
    DMA1_Stream3_IRQHandler                  0x08000297   Thumb Code     0  startup_stm32f427xx.o(.text)
    DMA1_Stream4_IRQHandler                  0x08000297   Thumb Code     0  startup_stm32f427xx.o(.text)
    DMA1_Stream5_IRQHandler                  0x08000297   Thumb Code     0  startup_stm32f427xx.o(.text)
    DMA1_Stream6_IRQHandler                  0x08000297   Thumb Code     0  startup_stm32f427xx.o(.text)
    DMA1_Stream7_IRQHandler                  0x08000297   Thumb Code     0  startup_stm32f427xx.o(.text)
    DMA2D_IRQHandler                         0x08000297   Thumb Code     0  startup_stm32f427xx.o(.text)
    DMA2_Stream0_IRQHandler                  0x08000297   Thumb Code     0  startup_stm32f427xx.o(.text)
    DMA2_Stream1_IRQHandler                  0x08000297   Thumb Code     0  startup_stm32f427xx.o(.text)
    DMA2_Stream3_IRQHandler                  0x08000297   Thumb Code     0  startup_stm32f427xx.o(.text)
    DMA2_Stream4_IRQHandler                  0x08000297   Thumb Code     0  startup_stm32f427xx.o(.text)
    DMA2_Stream5_IRQHandler                  0x08000297   Thumb Code     0  startup_stm32f427xx.o(.text)
    DMA2_Stream6_IRQHandler                  0x08000297   Thumb Code     0  startup_stm32f427xx.o(.text)
    DMA2_Stream7_IRQHandler                  0x08000297   Thumb Code     0  startup_stm32f427xx.o(.text)
    ETH_IRQHandler                           0x08000297   Thumb Code     0  startup_stm32f427xx.o(.text)
    ETH_WKUP_IRQHandler                      0x08000297   Thumb Code     0  startup_stm32f427xx.o(.text)
    EXTI0_IRQHandler                         0x08000297   Thumb Code     0  startup_stm32f427xx.o(.text)
    EXTI15_10_IRQHandler                     0x08000297   Thumb Code     0  startup_stm32f427xx.o(.text)
    EXTI1_IRQHandler                         0x08000297   Thumb Code     0  startup_stm32f427xx.o(.text)
    EXTI2_IRQHandler                         0x08000297   Thumb Code     0  startup_stm32f427xx.o(.text)
    EXTI3_IRQHandler                         0x08000297   Thumb Code     0  startup_stm32f427xx.o(.text)
    EXTI4_IRQHandler                         0x08000297   Thumb Code     0  startup_stm32f427xx.o(.text)
    EXTI9_5_IRQHandler                       0x08000297   Thumb Code     0  startup_stm32f427xx.o(.text)
    FLASH_IRQHandler                         0x08000297   Thumb Code     0  startup_stm32f427xx.o(.text)
    FMC_IRQHandler                           0x08000297   Thumb Code     0  startup_stm32f427xx.o(.text)
    FPU_IRQHandler                           0x08000297   Thumb Code     0  startup_stm32f427xx.o(.text)
    HASH_RNG_IRQHandler                      0x08000297   Thumb Code     0  startup_stm32f427xx.o(.text)
    I2C1_ER_IRQHandler                       0x08000297   Thumb Code     0  startup_stm32f427xx.o(.text)
    I2C1_EV_IRQHandler                       0x08000297   Thumb Code     0  startup_stm32f427xx.o(.text)
    I2C2_ER_IRQHandler                       0x08000297   Thumb Code     0  startup_stm32f427xx.o(.text)
    I2C2_EV_IRQHandler                       0x08000297   Thumb Code     0  startup_stm32f427xx.o(.text)
    I2C3_ER_IRQHandler                       0x08000297   Thumb Code     0  startup_stm32f427xx.o(.text)
    I2C3_EV_IRQHandler                       0x08000297   Thumb Code     0  startup_stm32f427xx.o(.text)
    OTG_FS_IRQHandler                        0x08000297   Thumb Code     0  startup_stm32f427xx.o(.text)
    OTG_FS_WKUP_IRQHandler                   0x08000297   Thumb Code     0  startup_stm32f427xx.o(.text)
    OTG_HS_EP1_IN_IRQHandler                 0x08000297   Thumb Code     0  startup_stm32f427xx.o(.text)
    OTG_HS_EP1_OUT_IRQHandler                0x08000297   Thumb Code     0  startup_stm32f427xx.o(.text)
    OTG_HS_IRQHandler                        0x08000297   Thumb Code     0  startup_stm32f427xx.o(.text)
    OTG_HS_WKUP_IRQHandler                   0x08000297   Thumb Code     0  startup_stm32f427xx.o(.text)
    PVD_IRQHandler                           0x08000297   Thumb Code     0  startup_stm32f427xx.o(.text)
    RCC_IRQHandler                           0x08000297   Thumb Code     0  startup_stm32f427xx.o(.text)
    RTC_Alarm_IRQHandler                     0x08000297   Thumb Code     0  startup_stm32f427xx.o(.text)
    RTC_WKUP_IRQHandler                      0x08000297   Thumb Code     0  startup_stm32f427xx.o(.text)
    SAI1_IRQHandler                          0x08000297   Thumb Code     0  startup_stm32f427xx.o(.text)
    SDIO_IRQHandler                          0x08000297   Thumb Code     0  startup_stm32f427xx.o(.text)
    SPI1_IRQHandler                          0x08000297   Thumb Code     0  startup_stm32f427xx.o(.text)
    SPI2_IRQHandler                          0x08000297   Thumb Code     0  startup_stm32f427xx.o(.text)
    SPI3_IRQHandler                          0x08000297   Thumb Code     0  startup_stm32f427xx.o(.text)
    SPI4_IRQHandler                          0x08000297   Thumb Code     0  startup_stm32f427xx.o(.text)
    SPI5_IRQHandler                          0x08000297   Thumb Code     0  startup_stm32f427xx.o(.text)
    SPI6_IRQHandler                          0x08000297   Thumb Code     0  startup_stm32f427xx.o(.text)
    TAMP_STAMP_IRQHandler                    0x08000297   Thumb Code     0  startup_stm32f427xx.o(.text)
    TIM1_BRK_TIM9_IRQHandler                 0x08000297   Thumb Code     0  startup_stm32f427xx.o(.text)
    TIM1_CC_IRQHandler                       0x08000297   Thumb Code     0  startup_stm32f427xx.o(.text)
    TIM1_TRG_COM_TIM11_IRQHandler            0x08000297   Thumb Code     0  startup_stm32f427xx.o(.text)
    TIM2_IRQHandler                          0x08000297   Thumb Code     0  startup_stm32f427xx.o(.text)
    TIM3_IRQHandler                          0x08000297   Thumb Code     0  startup_stm32f427xx.o(.text)
    TIM4_IRQHandler                          0x08000297   Thumb Code     0  startup_stm32f427xx.o(.text)
    TIM5_IRQHandler                          0x08000297   Thumb Code     0  startup_stm32f427xx.o(.text)
    TIM6_DAC_IRQHandler                      0x08000297   Thumb Code     0  startup_stm32f427xx.o(.text)
    TIM7_IRQHandler                          0x08000297   Thumb Code     0  startup_stm32f427xx.o(.text)
    TIM8_BRK_TIM12_IRQHandler                0x08000297   Thumb Code     0  startup_stm32f427xx.o(.text)
    TIM8_CC_IRQHandler                       0x08000297   Thumb Code     0  startup_stm32f427xx.o(.text)
    TIM8_TRG_COM_TIM14_IRQHandler            0x08000297   Thumb Code     0  startup_stm32f427xx.o(.text)
    TIM8_UP_TIM13_IRQHandler                 0x08000297   Thumb Code     0  startup_stm32f427xx.o(.text)
    UART4_IRQHandler                         0x08000297   Thumb Code     0  startup_stm32f427xx.o(.text)
    UART5_IRQHandler                         0x08000297   Thumb Code     0  startup_stm32f427xx.o(.text)
    UART7_IRQHandler                         0x08000297   Thumb Code     0  startup_stm32f427xx.o(.text)
    UART8_IRQHandler                         0x08000297   Thumb Code     0  startup_stm32f427xx.o(.text)
    USART2_IRQHandler                        0x08000297   Thumb Code     0  startup_stm32f427xx.o(.text)
    USART3_IRQHandler                        0x08000297   Thumb Code     0  startup_stm32f427xx.o(.text)
    USART6_IRQHandler                        0x08000297   Thumb Code     0  startup_stm32f427xx.o(.text)
    WWDG_IRQHandler                          0x08000297   Thumb Code     0  startup_stm32f427xx.o(.text)
    __aeabi_uldivmod                         0x080002a1   Thumb Code    98  uldiv.o(.text)
    __aeabi_memcpy                           0x08000303   Thumb Code    36  memcpya.o(.text)
    __aeabi_memcpy4                          0x08000303   Thumb Code     0  memcpya.o(.text)
    __aeabi_memcpy8                          0x08000303   Thumb Code     0  memcpya.o(.text)
    __aeabi_dadd                             0x08000327   Thumb Code   322  dadd.o(.text)
    __aeabi_dsub                             0x08000469   Thumb Code     6  dadd.o(.text)
    __aeabi_drsub                            0x0800046f   Thumb Code     6  dadd.o(.text)
    __aeabi_dmul                             0x08000475   Thumb Code   228  dmul.o(.text)
    __aeabi_ddiv                             0x08000559   Thumb Code   222  ddiv.o(.text)
    __aeabi_i2d                              0x08000637   Thumb Code    34  dflti.o(.text)
    __aeabi_ui2d                             0x08000659   Thumb Code    26  dfltui.o(.text)
    __aeabi_f2d                              0x08000673   Thumb Code    38  f2d.o(.text)
    __aeabi_cdrcmple                         0x08000699   Thumb Code    48  cdrcmple.o(.text)
    __aeabi_d2f                              0x080006c9   Thumb Code    56  d2f.o(.text)
    __aeabi_llsl                             0x08000701   Thumb Code    30  llshl.o(.text)
    _ll_shift_l                              0x08000701   Thumb Code     0  llshl.o(.text)
    __aeabi_llsr                             0x0800071f   Thumb Code    32  llushr.o(.text)
    _ll_ushift_r                             0x0800071f   Thumb Code     0  llushr.o(.text)
    __aeabi_lasr                             0x0800073f   Thumb Code    36  llsshr.o(.text)
    _ll_sshift_r                             0x0800073f   Thumb Code     0  llsshr.o(.text)
    __I$use$fp                               0x08000763   Thumb Code     0  iusefp.o(.text)
    _float_round                             0x08000763   Thumb Code    18  fepilogue.o(.text)
    _float_epilogue                          0x08000775   Thumb Code    92  fepilogue.o(.text)
    _double_round                            0x080007d1   Thumb Code    30  depilogue.o(.text)
    _double_epilogue                         0x080007ef   Thumb Code   156  depilogue.o(.text)
    _dsqrt                                   0x0800088b   Thumb Code   162  dsqrt.o(.text)
    __aeabi_d2iz                             0x0800092d   Thumb Code    62  dfixi.o(.text)
    __aeabi_cdcmpeq                          0x0800096d   Thumb Code     0  cdcmple.o(.text)
    __aeabi_cdcmple                          0x0800096d   Thumb Code    48  cdcmple.o(.text)
    __scatterload                            0x0800099d   Thumb Code    28  init.o(.text)
    __scatterload_rt2                        0x0800099d   Thumb Code     0  init.o(.text)
    __decompress                             0x080009c1   Thumb Code     0  __dczerorl2.o(.text)
    __decompress1                            0x080009c1   Thumb Code    86  __dczerorl2.o(.text)
    BusFault_Handler                         0x08000a99   Thumb Code     2  stm32f4xx_it.o(i.BusFault_Handler)
    DBUS_IT                                  0x08000a9d   Thumb Code    68  dbus.o(i.DBUS_IT)
    DBUS_Init                                0x08000af1   Thumb Code    82  dbus.o(i.DBUS_Init)
    DMA2_Stream2_IRQHandler                  0x08000b55   Thumb Code     6  stm32f4xx_it.o(i.DMA2_Stream2_IRQHandler)
    DebugMon_Handler                         0x08000c05   Thumb Code     2  stm32f4xx_it.o(i.DebugMon_Handler)
    HAL_DMA_Abort                            0x08000c07   Thumb Code   142  stm32f4xx_hal_dma.o(i.HAL_DMA_Abort)
    HAL_DMA_Abort_IT                         0x08000c95   Thumb Code    36  stm32f4xx_hal_dma.o(i.HAL_DMA_Abort_IT)
    HAL_DMA_IRQHandler                       0x08000cb9   Thumb Code   412  stm32f4xx_hal_dma.o(i.HAL_DMA_IRQHandler)
    HAL_DMA_Init                             0x08000e59   Thumb Code   206  stm32f4xx_hal_dma.o(i.HAL_DMA_Init)
    HAL_DMA_Start_IT                         0x08000f2d   Thumb Code   120  stm32f4xx_hal_dma.o(i.HAL_DMA_Start_IT)
    HAL_Delay                                0x08000fa5   Thumb Code    32  stm32f4xx_hal.o(i.HAL_Delay)
    HAL_GPIO_Init                            0x08000fc9   Thumb Code   408  stm32f4xx_hal_gpio.o(i.HAL_GPIO_Init)
    HAL_GPIO_WritePin                        0x08001195   Thumb Code    10  stm32f4xx_hal_gpio.o(i.HAL_GPIO_WritePin)
    HAL_GetTick                              0x080011a1   Thumb Code     6  stm32f4xx_hal.o(i.HAL_GetTick)
    HAL_IncTick                              0x080011ad   Thumb Code    12  stm32f4xx_hal.o(i.HAL_IncTick)
    HAL_Init                                 0x080011bd   Thumb Code    48  stm32f4xx_hal.o(i.HAL_Init)
    HAL_InitTick                             0x080011f1   Thumb Code   100  stm32f4xx_hal_timebase_tim.o(i.HAL_InitTick)
    HAL_MspInit                              0x08001265   Thumb Code   126  stm32f4xx_hal_msp.o(i.HAL_MspInit)
    HAL_NVIC_EnableIRQ                       0x080012e9   Thumb Code    22  stm32f4xx_hal_cortex.o(i.HAL_NVIC_EnableIRQ)
    HAL_NVIC_SetPriority                     0x08001301   Thumb Code    60  stm32f4xx_hal_cortex.o(i.HAL_NVIC_SetPriority)
    HAL_NVIC_SetPriorityGrouping             0x08001341   Thumb Code    26  stm32f4xx_hal_cortex.o(i.HAL_NVIC_SetPriorityGrouping)
    HAL_PWREx_EnableOverDrive                0x08001365   Thumb Code    98  stm32f4xx_hal_pwr_ex.o(i.HAL_PWREx_EnableOverDrive)
    HAL_RCC_ClockConfig                      0x080013d5   Thumb Code   286  stm32f4xx_hal_rcc.o(i.HAL_RCC_ClockConfig)
    HAL_RCC_GetClockConfig                   0x08001505   Thumb Code    54  stm32f4xx_hal_rcc.o(i.HAL_RCC_GetClockConfig)
    HAL_RCC_GetHCLKFreq                      0x08001545   Thumb Code     6  stm32f4xx_hal_rcc.o(i.HAL_RCC_GetHCLKFreq)
    HAL_RCC_GetPCLK1Freq                     0x08001551   Thumb Code    20  stm32f4xx_hal_rcc.o(i.HAL_RCC_GetPCLK1Freq)
    HAL_RCC_GetPCLK2Freq                     0x08001571   Thumb Code    20  stm32f4xx_hal_rcc.o(i.HAL_RCC_GetPCLK2Freq)
    HAL_RCC_GetSysClockFreq                  0x08001591   Thumb Code    88  stm32f4xx_hal_rcc.o(i.HAL_RCC_GetSysClockFreq)
    HAL_RCC_OscConfig                        0x080015f5   Thumb Code   770  stm32f4xx_hal_rcc.o(i.HAL_RCC_OscConfig)
    HAL_SPI_Init                             0x08001911   Thumb Code   128  stm32f4xx_hal_spi.o(i.HAL_SPI_Init)
    HAL_SPI_MspInit                          0x08001991   Thumb Code    64  spi.o(i.HAL_SPI_MspInit)
    HAL_SPI_TransmitReceive                  0x080019dd   Thumb Code   472  stm32f4xx_hal_spi.o(i.HAL_SPI_TransmitReceive)
    HAL_SYSTICK_CLKSourceConfig              0x08001bb5   Thumb Code    24  stm32f4xx_hal_cortex.o(i.HAL_SYSTICK_CLKSourceConfig)
    HAL_SYSTICK_Config                       0x08001bcd   Thumb Code    40  stm32f4xx_hal_cortex.o(i.HAL_SYSTICK_Config)
    HAL_TIMEx_BreakCallback                  0x08001bf5   Thumb Code     2  stm32f4xx_hal_tim_ex.o(i.HAL_TIMEx_BreakCallback)
    HAL_TIMEx_CommutationCallback            0x08001bf7   Thumb Code     2  stm32f4xx_hal_tim_ex.o(i.HAL_TIMEx_CommutationCallback)
    HAL_TIMEx_ConfigBreakDeadTime            0x08001bf9   Thumb Code    90  stm32f4xx_hal_tim_ex.o(i.HAL_TIMEx_ConfigBreakDeadTime)
    HAL_TIMEx_MasterConfigSynchronization    0x08001c53   Thumb Code    80  stm32f4xx_hal_tim_ex.o(i.HAL_TIMEx_MasterConfigSynchronization)
    HAL_TIM_Base_Init                        0x08001ca3   Thumb Code    54  stm32f4xx_hal_tim.o(i.HAL_TIM_Base_Init)
    HAL_TIM_Base_MspInit                     0x08001cd9   Thumb Code     2  stm32f4xx_hal_tim.o(i.HAL_TIM_Base_MspInit)
    HAL_TIM_Base_Start_IT                    0x08001cdb   Thumb Code    24  stm32f4xx_hal_tim.o(i.HAL_TIM_Base_Start_IT)
    HAL_TIM_IC_CaptureCallback               0x08001cf3   Thumb Code     2  stm32f4xx_hal_tim.o(i.HAL_TIM_IC_CaptureCallback)
    HAL_TIM_IRQHandler                       0x08001cf5   Thumb Code   358  stm32f4xx_hal_tim.o(i.HAL_TIM_IRQHandler)
    HAL_TIM_MspPostInit                      0x08001e5d   Thumb Code   186  tim.o(i.HAL_TIM_MspPostInit)
    HAL_TIM_OC_DelayElapsedCallback          0x08001f41   Thumb Code     2  stm32f4xx_hal_tim.o(i.HAL_TIM_OC_DelayElapsedCallback)
    HAL_TIM_PWM_ConfigChannel                0x08001f43   Thumb Code   208  stm32f4xx_hal_tim.o(i.HAL_TIM_PWM_ConfigChannel)
    HAL_TIM_PWM_Init                         0x08002013   Thumb Code    54  stm32f4xx_hal_tim.o(i.HAL_TIM_PWM_Init)
    HAL_TIM_PWM_MspInit                      0x08002049   Thumb Code   130  tim.o(i.HAL_TIM_PWM_MspInit)
    HAL_TIM_PWM_PulseFinishedCallback        0x080020e5   Thumb Code     2  stm32f4xx_hal_tim.o(i.HAL_TIM_PWM_PulseFinishedCallback)
    HAL_TIM_PWM_Start                        0x080020e9   Thumb Code    48  stm32f4xx_hal_tim.o(i.HAL_TIM_PWM_Start)
    HAL_TIM_PeriodElapsedCallback            0x08002121   Thumb Code    14  main.o(i.HAL_TIM_PeriodElapsedCallback)
    HAL_TIM_TriggerCallback                  0x08002135   Thumb Code     2  stm32f4xx_hal_tim.o(i.HAL_TIM_TriggerCallback)
    HAL_UART_DMAStop                         0x08002137   Thumb Code    88  stm32f4xx_hal_uart.o(i.HAL_UART_DMAStop)
    HAL_UART_ErrorCallback                   0x0800218f   Thumb Code     2  stm32f4xx_hal_uart.o(i.HAL_UART_ErrorCallback)
    HAL_UART_IRQHandler                      0x08002191   Thumb Code   266  stm32f4xx_hal_uart.o(i.HAL_UART_IRQHandler)
    HAL_UART_Init                            0x080022a1   Thumb Code    98  stm32f4xx_hal_uart.o(i.HAL_UART_Init)
    HAL_UART_MspInit                         0x08002305   Thumb Code   132  usart.o(i.HAL_UART_MspInit)
    HAL_UART_Receive_DMA                     0x080023ad   Thumb Code   138  stm32f4xx_hal_uart.o(i.HAL_UART_Receive_DMA)
    HAL_UART_RxCpltCallback                  0x08002445   Thumb Code     2  stm32f4xx_hal_uart.o(i.HAL_UART_RxCpltCallback)
    HAL_UART_RxHalfCpltCallback              0x08002447   Thumb Code     2  stm32f4xx_hal_uart.o(i.HAL_UART_RxHalfCpltCallback)
    HAL_UART_TxCpltCallback                  0x08002449   Thumb Code     2  stm32f4xx_hal_uart.o(i.HAL_UART_TxCpltCallback)
    HardFault_Handler                        0x0800244b   Thumb Code     2  stm32f4xx_it.o(i.HardFault_Handler)
    IMU_INIT                                 0x0800244d   Thumb Code    14  bsp_imu.o(i.IMU_INIT)
    IMU_UPDATE                               0x0800245b   Thumb Code    18  bsp_imu.o(i.IMU_UPDATE)
    Kalman                                   0x0800246d   Thumb Code   106  filter.o(i.Kalman)
    Limit                                    0x080024dd   Thumb Code    32  legctrl.o(i.Limit)
    MX_DMA_Init                              0x080024fd   Thumb Code    40  dma.o(i.MX_DMA_Init)
    MX_FREERTOS_Init                         0x08002529   Thumb Code    52  freertos.o(i.MX_FREERTOS_Init)
    MX_GPIO_Init                             0x08002565   Thumb Code   484  gpio.o(i.MX_GPIO_Init)
    MX_SPI5_Init                             0x08002771   Thumb Code    64  spi.o(i.MX_SPI5_Init)
    MX_TIM12_Init                            0x080027c9   Thumb Code    80  tim.o(i.MX_TIM12_Init)
    MX_TIM2_Init                             0x08002831   Thumb Code   144  tim.o(i.MX_TIM2_Init)
    MX_TIM3_Init                             0x080028d5   Thumb Code   102  tim.o(i.MX_TIM3_Init)
    MX_TIM4_Init                             0x08002955   Thumb Code   142  tim.o(i.MX_TIM4_Init)
    MX_TIM5_Init                             0x080029fd   Thumb Code   142  tim.o(i.MX_TIM5_Init)
    MX_TIM8_Init                             0x08002aa5   Thumb Code   196  tim.o(i.MX_TIM8_Init)
    MX_USART1_UART_Init                      0x08002b81   Thumb Code    58  usart.o(i.MX_USART1_UART_Init)
    MemManage_Handler                        0x08002bd9   Thumb Code     2  stm32f4xx_it.o(i.MemManage_Handler)
    NMI_Handler                              0x08002c2d   Thumb Code     2  stm32f4xx_it.o(i.NMI_Handler)
    PID_cal                                  0x08002c51   Thumb Code    38  legctrl.o(i.PID_cal)
    PIT_ROL_PID_Set                          0x08002c81   Thumb Code   198  legctrl.o(i.PIT_ROL_PID_Set)
    Remote_Handle                            0x08002d5d   Thumb Code    60  remote.o(i.Remote_Handle)
    StartDBUSTask                            0x08002ea9   Thumb Code   332  dbus.o(i.StartDBUSTask)
    StartDefaultTask                         0x08002ffd   Thumb Code     8  freertos.o(i.StartDefaultTask)
    StartInitTask                            0x08003005   Thumb Code   112  inittask.o(i.StartInitTask)
    StartMainTask                            0x08003091   Thumb Code    20  maintask.o(i.StartMainTask)
    StartShowTask                            0x080030a5   Thumb Code     8  maintask.o(i.StartShowTask)
    SysTick_Handler                          0x080030ad   Thumb Code     4  stm32f4xx_it.o(i.SysTick_Handler)
    SystemClock_Config                       0x080030b1   Thumb Code   154  main.o(i.SystemClock_Config)
    SystemInit                               0x08003155   Thumb Code    66  system_stm32f4xx.o(i.SystemInit)
    TIM1_UP_TIM10_IRQHandler                 0x080031a9   Thumb Code     6  stm32f4xx_it.o(i.TIM1_UP_TIM10_IRQHandler)
    TIM_Base_SetConfig                       0x080031b5   Thumb Code   148  stm32f4xx_hal_tim.o(i.TIM_Base_SetConfig)
    TIM_CCxChannelCmd                        0x08003275   Thumb Code    22  stm32f4xx_hal_tim.o(i.TIM_CCxChannelCmd)
    TIM_OC2_SetConfig                        0x080032e5   Thumb Code    90  stm32f4xx_hal_tim.o(i.TIM_OC2_SetConfig)
    USART1_IRQHandler                        0x0800398d   Thumb Code    16  stm32f4xx_it.o(i.USART1_IRQHandler)
    UsageFault_Handler                       0x080039a1   Thumb Code     2  stm32f4xx_it.o(i.UsageFault_Handler)
    _Error_Handler                           0x080039a3   Thumb Code     2  main.o(i._Error_Handler)
    __ARM_fpclassify                         0x080039a5   Thumb Code    48  fpclassify.o(i.__ARM_fpclassify)
    __hardfp_asin                            0x080039d9   Thumb Code   770  asin.o(i.__hardfp_asin)
    __hardfp_atan                            0x08003d39   Thumb Code   622  atan.o(i.__hardfp_atan)
    __hardfp_atan2                           0x08004011   Thumb Code   432  atan2.o(i.__hardfp_atan2)
    __hardfp_cos                             0x08004201   Thumb Code   180  cos.o(i.__hardfp_cos)
    __hardfp_exp                             0x080042c9   Thumb Code   714  exp.o(i.__hardfp_exp)
    __hardfp_fabs                            0x08004621   Thumb Code    20  fabs.o(i.__hardfp_fabs)
    __hardfp_sin                             0x08004639   Thumb Code   180  sin.o(i.__hardfp_sin)
    __hardfp_sqrt                            0x08004701   Thumb Code   122  sqrt.o(i.__hardfp_sqrt)
    __hardfp_tan                             0x08004781   Thumb Code   108  tan.o(i.__hardfp_tan)
    __ieee754_rem_pio2                       0x08004801   Thumb Code   938  rred.o(i.__ieee754_rem_pio2)
    __kernel_cos                             0x08004c39   Thumb Code   322  cos_i.o(i.__kernel_cos)
    __kernel_poly                            0x08004da9   Thumb Code   248  poly.o(i.__kernel_poly)
    __kernel_sin                             0x08004ea1   Thumb Code   280  sin_i.o(i.__kernel_sin)
    __kernel_tan                             0x08004fd1   Thumb Code   764  tan_i.o(i.__kernel_tan)
    __mathlib_dbl_infnan                     0x08005321   Thumb Code    20  dunder.o(i.__mathlib_dbl_infnan)
    __mathlib_dbl_infnan2                    0x08005335   Thumb Code    20  dunder.o(i.__mathlib_dbl_infnan2)
    __mathlib_dbl_invalid                    0x08005349   Thumb Code    24  dunder.o(i.__mathlib_dbl_invalid)
    __mathlib_dbl_overflow                   0x08005369   Thumb Code    24  dunder.o(i.__mathlib_dbl_overflow)
    __mathlib_dbl_underflow                  0x08005389   Thumb Code    24  dunder.o(i.__mathlib_dbl_underflow)
    __scatterload_copy                       0x080053a9   Thumb Code    14  handlers.o(i.__scatterload_copy)
    __scatterload_null                       0x080053b7   Thumb Code     2  handlers.o(i.__scatterload_null)
    __scatterload_zeroinit                   0x080053b9   Thumb Code    14  handlers.o(i.__scatterload_zeroinit)
    __set_errno                              0x080053c9   Thumb Code     6  errno.o(i.__set_errno)
    atan                                     0x080053d5   Thumb Code    16  atan.o(i.atan)
    balance                                  0x080053e5   Thumb Code   450  legctrl.o(i.balance)
    chs_INIT                                 0x080055b1   Thumb Code    78  legctrl.o(i.chs_INIT)
    fabs                                     0x08005625   Thumb Code    24  fabs.o(i.fabs)
    imu_ahrs_update                          0x0800563d   Thumb Code  1194  bsp_imu.o(i.imu_ahrs_update)
    imu_attitude_update                      0x08005ae9   Thumb Code   346  bsp_imu.o(i.imu_attitude_update)
    init_quaternion                          0x08005c5d   Thumb Code   360  bsp_imu.o(i.init_quaternion)
    inv_sqrt                                 0x08005e29   Thumb Code    40  bsp_imu.o(i.inv_sqrt)
    inverse_kinematics                       0x08005e55   Thumb Code  1076  legctrl.o(i.inverse_kinematics)
    ist8310_get_data                         0x08006289   Thumb Code    10  bsp_imu.o(i.ist8310_get_data)
    ist8310_init                             0x08006293   Thumb Code   256  bsp_imu.o(i.ist8310_init)
    main                                     0x0800640d   Thumb Code    88  main.o(i.main)
    mpu_device_init                          0x08006485   Thumb Code    90  bsp_imu.o(i.mpu_device_init)
    mpu_get_data                             0x080064e9   Thumb Code   570  bsp_imu.o(i.mpu_get_data)
    mpu_offset_call                          0x080067e1   Thumb Code   224  bsp_imu.o(i.mpu_offset_call)
    mpu_read_byte                            0x080068c9   Thumb Code    68  bsp_imu.o(i.mpu_read_byte)
    mpu_read_bytes                           0x08006919   Thumb Code    80  bsp_imu.o(i.mpu_read_bytes)
    mpu_set_accel_fsr                        0x08006975   Thumb Code    10  bsp_imu.o(i.mpu_set_accel_fsr)
    mpu_set_gyro_fsr                         0x0800697f   Thumb Code    10  bsp_imu.o(i.mpu_set_gyro_fsr)
    mpu_write_byte                           0x08006989   Thumb Code    72  bsp_imu.o(i.mpu_write_byte)
    osDelay                                  0x080069dd   Thumb Code    14  cmsis_os.o(i.osDelay)
    osKernelStart                            0x080069eb   Thumb Code    10  cmsis_os.o(i.osKernelStart)
    osSystickHandler                         0x080069f5   Thumb Code    20  cmsis_os.o(i.osSystickHandler)
    osThreadCreate                           0x08006a09   Thumb Code    46  cmsis_os.o(i.osThreadCreate)
    osThreadTerminate                        0x08006a37   Thumb Code    10  cmsis_os.o(i.osThreadTerminate)
    pid_run                                  0x08006a41   Thumb Code   218  legctrl.o(i.pid_run)
    pos0_update_pos                          0x08006b21   Thumb Code   138  legctrl.o(i.pos0_update_pos)
    pos_update_pos0                          0x08006bb5   Thumb Code   138  legctrl.o(i.pos_update_pos0)
    pvPortMalloc                             0x080070a1   Thumb Code   210  heap_4.o(i.pvPortMalloc)
    pvTaskIncrementMutexHeldCount            0x08007179   Thumb Code    18  tasks.o(i.pvTaskIncrementMutexHeldCount)
    pwm_calcu                                0x08007191   Thumb Code   594  legctrl.o(i.pwm_calcu)
    pwm_offset_run                           0x08007415   Thumb Code   346  legctrl.o(i.pwm_offset_run)
    pwm_set                                  0x08007585   Thumb Code   204  legctrl.o(i.pwm_set)
    pwm_start_all                            0x08007661   Thumb Code   102  legctrl.o(i.pwm_start_all)
    pxPortInitialiseStack                    0x080076d9   Thumb Code    40  port.o(i.pxPortInitialiseStack)
    robot_init                               0x08007705   Thumb Code    14  legctrl.o(i.robot_init)
    robot_run                                0x08007713   Thumb Code    24  legctrl.o(i.robot_run)
    sqrt                                     0x0800772b   Thumb Code   110  sqrt.o(i.sqrt)
    trot                                     0x08007799   Thumb Code  3010  legctrl.o(i.trot)
    uxListRemove                             0x08008365   Thumb Code    36  list.o(i.uxListRemove)
    vListInitialise                          0x08008389   Thumb Code    22  list.o(i.vListInitialise)
    vListInitialiseItem                      0x0800839f   Thumb Code     6  list.o(i.vListInitialiseItem)
    vListInsert                              0x080083a5   Thumb Code    48  list.o(i.vListInsert)
    vListInsertEnd                           0x080083d5   Thumb Code    24  list.o(i.vListInsertEnd)
    vPortEnterCritical                       0x080083ed   Thumb Code    54  port.o(i.vPortEnterCritical)
    vPortExitCritical                        0x0800842d   Thumb Code    34  port.o(i.vPortExitCritical)
    vPortFree                                0x08008455   Thumb Code    88  heap_4.o(i.vPortFree)
    vPortSetupTimerInterrupt                 0x080084b1   Thumb Code    26  port.o(i.vPortSetupTimerInterrupt)
    vPortValidateInterruptPriority           0x080084d1   Thumb Code    74  port.o(i.vPortValidateInterruptPriority)
    vTaskDelay                               0x08008525   Thumb Code    66  tasks.o(i.vTaskDelay)
    vTaskDelete                              0x08008571   Thumb Code   158  tasks.o(i.vTaskDelete)
    vTaskMissedYield                         0x0800861d   Thumb Code     8  tasks.o(i.vTaskMissedYield)
    vTaskPlaceOnEventList                    0x08008629   Thumb Code    44  tasks.o(i.vTaskPlaceOnEventList)
    vTaskPriorityInherit                     0x08008659   Thumb Code   124  tasks.o(i.vTaskPriorityInherit)
    vTaskSetTimeOutState                     0x080086dd   Thumb Code    30  tasks.o(i.vTaskSetTimeOutState)
    vTaskStartScheduler                      0x08008701   Thumb Code    86  tasks.o(i.vTaskStartScheduler)
    vTaskSuspendAll                          0x08008769   Thumb Code    10  tasks.o(i.vTaskSuspendAll)
    vTaskSwitchContext                       0x08008779   Thumb Code    82  tasks.o(i.vTaskSwitchContext)
    xPortStartScheduler                      0x080087d5   Thumb Code   202  port.o(i.xPortStartScheduler)
    xPortSysTickHandler                      0x080088b5   Thumb Code    38  port.o(i.xPortSysTickHandler)
    xQueueGenericCreate                      0x080088e1   Thumb Code    72  queue.o(i.xQueueGenericCreate)
    xQueueGenericReceive                     0x08008929   Thumb Code   360  queue.o(i.xQueueGenericReceive)
    xQueueGenericReset                       0x08008a95   Thumb Code   132  queue.o(i.xQueueGenericReset)
    xQueueGenericSend                        0x08008b1d   Thumb Code   346  queue.o(i.xQueueGenericSend)
    xQueueGiveFromISR                        0x08008c7d   Thumb Code   156  queue.o(i.xQueueGiveFromISR)
    xTaskCheckForTimeOut                     0x08008d19   Thumb Code   102  tasks.o(i.xTaskCheckForTimeOut)
    xTaskCreate                              0x08008d85   Thumb Code    86  tasks.o(i.xTaskCreate)
    xTaskGetSchedulerState                   0x08008ddd   Thumb Code    22  tasks.o(i.xTaskGetSchedulerState)
    xTaskIncrementTick                       0x08008df9   Thumb Code   192  tasks.o(i.xTaskIncrementTick)
    xTaskPriorityDisinherit                  0x08008ec1   Thumb Code   144  tasks.o(i.xTaskPriorityDisinherit)
    xTaskRemoveFromEventList                 0x08008f59   Thumb Code   108  tasks.o(i.xTaskRemoveFromEventList)
    xTaskResumeAll                           0x08008fcd   Thumb Code   182  tasks.o(i.xTaskResumeAll)
    AHBPrescTable                            0x080090c0   Data          16  system_stm32f4xx.o(.constdata)
    APBPrescTable                            0x080090d0   Data           8  system_stm32f4xx.o(.constdata)
    __mathlib_zero                           0x08009298   Data           8  qnan.o(.constdata)
    Region$$Table$$Base                      0x0800942c   Number         0  anon$$obj.o(Region$$Table)
    Region$$Table$$Limit                     0x0800944c   Number         0  anon$$obj.o(Region$$Table)
    defaultTaskHandle                        0x20000000   Data           4  freertos.o(.data)
    InitTaskHandle                           0x20000004   Data           4  freertos.o(.data)
    uwTickFreq                               0x20000008   Data           1  stm32f4xx_hal.o(.data)
    uwTickPrio                               0x2000000c   Data           4  stm32f4xx_hal.o(.data)
    uwTick                                   0x20000010   Data           4  stm32f4xx_hal.o(.data)
    SystemCoreClock                          0x20000014   Data           4  system_stm32f4xx.o(.data)
    pxCurrentTCB                             0x2000003c   Data           4  tasks.o(.data)
    xDBUSSemaphore                           0x2000007c   Data           4  dbus.o(.data)
    DBUSHandle                               0x20000080   Data           4  dbus.o(.data)
    MainHandle                               0x20000084   Data           4  inittask.o(.data)
    MonitorHandle                            0x20000088   Data           4  inittask.o(.data)
    id                                       0x2000008e   Data           1  bsp_imu.o(.data)
    q0                                       0x20000090   Data           4  bsp_imu.o(.data)
    q1                                       0x20000094   Data           4  bsp_imu.o(.data)
    q2                                       0x20000098   Data           4  bsp_imu.o(.data)
    q3                                       0x2000009c   Data           4  bsp_imu.o(.data)
    exInt                                    0x200000a0   Data           4  bsp_imu.o(.data)
    eyInt                                    0x200000a4   Data           4  bsp_imu.o(.data)
    ezInt                                    0x200000a8   Data           4  bsp_imu.o(.data)
    last_update                              0x200000d0   Data           4  bsp_imu.o(.data)
    now_update                               0x200000d4   Data           4  bsp_imu.o(.data)
    ist_buff                                 0x200000d8   Data           6  bsp_imu.o(.data)
    mode                                     0x200000ec   Data           1  remote.o(.data)
    last_mode                                0x200000ed   Data           1  remote.o(.data)
    STEER_OFFSET                             0x200000f8   Data          48  legctrl.o(.data)
    hspi5                                    0x2000012c   Data          88  spi.o(.bss)
    htim2                                    0x20000184   Data          60  tim.o(.bss)
    htim3                                    0x200001c0   Data          60  tim.o(.bss)
    htim4                                    0x200001fc   Data          60  tim.o(.bss)
    htim5                                    0x20000238   Data          60  tim.o(.bss)
    htim8                                    0x20000274   Data          60  tim.o(.bss)
    htim12                                   0x200002b0   Data          60  tim.o(.bss)
    huart1                                   0x200002ec   Data          64  usart.o(.bss)
    hdma_usart1_rx                           0x2000032c   Data          96  usart.o(.bss)
    htim1                                    0x2000038c   Data          60  stm32f4xx_hal_timebase_tim.o(.bss)
    DBUS_rx_buffer                           0x200040b8   Data          25  dbus.o(.bss)
    RC_Ctl                                   0x200040d2   Data          36  dbus.o(.bss)
    imu                                      0x200040f8   Data         112  bsp_imu.o(.bss)
    kalman_ax                                0x20004168   Data          36  bsp_imu.o(.bss)
    kalman_ay                                0x2000418c   Data          36  bsp_imu.o(.bss)
    mpu_buff                                 0x200041b0   Data          14  bsp_imu.o(.bss)
    mpu_data                                 0x200041c0   Data          52  bsp_imu.o(.bss)
    legs                                     0x200041f4   Data         320  legctrl.o(.bss)
    PIT_PID                                  0x20004334   Data          52  legctrl.o(.bss)
    ROL_PID                                  0x20004368   Data          52  legctrl.o(.bss)
    SPEED_Y_PID                              0x2000439c   Data          52  legctrl.o(.bss)
    chs                                      0x200043d0   Data          44  legctrl.o(.bss)
    __initial_sp                             0x20004800   Data           0  startup_stm32f427xx.o(STACK)



==============================================================================

Memory Map of the image

  Image Entry point : 0x080001ad

  Load Region LR_IROM1 (Base: 0x08000000, Size: 0x00009578, Max: 0x00200000, ABSOLUTE, COMPRESSED[0x00009484])

    Execution Region ER_IROM1 (Base: 0x08000000, Size: 0x0000944c, Max: 0x00200000, ABSOLUTE)

    Base Addr    Size         Type   Attr      Idx    E Section Name        Object

    0x08000000   0x000001ac   Data   RO            3    RESET               startup_stm32f427xx.o
    0x080001ac   0x00000000   Code   RO         5040  * .ARM.Collect$$$$00000000  mc_w.l(entry.o)
    0x080001ac   0x00000004   Code   RO         5137    .ARM.Collect$$$$00000001  mc_w.l(entry2.o)
    0x080001b0   0x00000004   Code   RO         5140    .ARM.Collect$$$$00000004  mc_w.l(entry5.o)
    0x080001b4   0x00000000   Code   RO         5142    .ARM.Collect$$$$00000008  mc_w.l(entry7b.o)
    0x080001b4   0x00000000   Code   RO         5144    .ARM.Collect$$$$0000000A  mc_w.l(entry8b.o)
    0x080001b4   0x00000008   Code   RO         5145    .ARM.Collect$$$$0000000B  mc_w.l(entry9a.o)
    0x080001bc   0x00000000   Code   RO         5147    .ARM.Collect$$$$0000000D  mc_w.l(entry10a.o)
    0x080001bc   0x00000000   Code   RO         5149    .ARM.Collect$$$$0000000F  mc_w.l(entry11a.o)
    0x080001bc   0x00000004   Code   RO         5138    .ARM.Collect$$$$00002712  mc_w.l(entry2.o)
    0x080001c0   0x000000ba   Code   RO         3359    .emb_text           port.o
    0x0800027a   0x00000002   PAD
    0x0800027c   0x00000024   Code   RO            4    .text               startup_stm32f427xx.o
    0x080002a0   0x00000062   Code   RO         5043    .text               mc_w.l(uldiv.o)
    0x08000302   0x00000024   Code   RO         5045    .text               mc_w.l(memcpya.o)
    0x08000326   0x0000014e   Code   RO         5049    .text               mf_w.l(dadd.o)
    0x08000474   0x000000e4   Code   RO         5051    .text               mf_w.l(dmul.o)
    0x08000558   0x000000de   Code   RO         5053    .text               mf_w.l(ddiv.o)
    0x08000636   0x00000022   Code   RO         5055    .text               mf_w.l(dflti.o)
    0x08000658   0x0000001a   Code   RO         5057    .text               mf_w.l(dfltui.o)
    0x08000672   0x00000026   Code   RO         5059    .text               mf_w.l(f2d.o)
    0x08000698   0x00000030   Code   RO         5061    .text               mf_w.l(cdrcmple.o)
    0x080006c8   0x00000038   Code   RO         5063    .text               mf_w.l(d2f.o)
    0x08000700   0x0000001e   Code   RO         5151    .text               mc_w.l(llshl.o)
    0x0800071e   0x00000020   Code   RO         5153    .text               mc_w.l(llushr.o)
    0x0800073e   0x00000024   Code   RO         5155    .text               mc_w.l(llsshr.o)
    0x08000762   0x00000000   Code   RO         5164    .text               mc_w.l(iusefp.o)
    0x08000762   0x0000006e   Code   RO         5165    .text               mf_w.l(fepilogue.o)
    0x080007d0   0x000000ba   Code   RO         5167    .text               mf_w.l(depilogue.o)
    0x0800088a   0x000000a2   Code   RO         5171    .text               mf_w.l(dsqrt.o)
    0x0800092c   0x0000003e   Code   RO         5173    .text               mf_w.l(dfixi.o)
    0x0800096a   0x00000002   PAD
    0x0800096c   0x00000030   Code   RO         5175    .text               mf_w.l(cdcmple.o)
    0x0800099c   0x00000024   Code   RO         5177    .text               mc_w.l(init.o)
    0x080009c0   0x00000056   Code   RO         5187    .text               mc_w.l(__dczerorl2.o)
    0x08000a16   0x00000002   PAD
    0x08000a18   0x00000080   Code   RO         4695    i.Balance_Mode      remote.o
    0x08000a98   0x00000002   Code   RO          464    i.BusFault_Handler  stm32f4xx_it.o
    0x08000a9a   0x00000002   PAD
    0x08000a9c   0x00000054   Code   RO         4367    i.DBUS_IT           dbus.o
    0x08000af0   0x00000064   Code   RO         4368    i.DBUS_Init         dbus.o
    0x08000b54   0x0000000c   Code   RO          465    i.DMA2_Stream2_IRQHandler  stm32f4xx_it.o
    0x08000b60   0x00000028   Code   RO         2638    i.DMA_CalcBaseAndBitshift  stm32f4xx_hal_dma.o
    0x08000b88   0x00000054   Code   RO         2639    i.DMA_CheckFifoParam  stm32f4xx_hal_dma.o
    0x08000bdc   0x00000028   Code   RO         2640    i.DMA_SetConfig     stm32f4xx_hal_dma.o
    0x08000c04   0x00000002   Code   RO          466    i.DebugMon_Handler  stm32f4xx_it.o
    0x08000c06   0x0000008e   Code   RO         2641    i.HAL_DMA_Abort     stm32f4xx_hal_dma.o
    0x08000c94   0x00000024   Code   RO         2642    i.HAL_DMA_Abort_IT  stm32f4xx_hal_dma.o
    0x08000cb8   0x000001a0   Code   RO         2646    i.HAL_DMA_IRQHandler  stm32f4xx_hal_dma.o
    0x08000e58   0x000000d4   Code   RO         2647    i.HAL_DMA_Init      stm32f4xx_hal_dma.o
    0x08000f2c   0x00000078   Code   RO         2651    i.HAL_DMA_Start_IT  stm32f4xx_hal_dma.o
    0x08000fa4   0x00000024   Code   RO         3078    i.HAL_Delay         stm32f4xx_hal.o
    0x08000fc8   0x000001cc   Code   RO         2534    i.HAL_GPIO_Init     stm32f4xx_hal_gpio.o
    0x08001194   0x0000000a   Code   RO         2538    i.HAL_GPIO_WritePin  stm32f4xx_hal_gpio.o
    0x0800119e   0x00000002   PAD
    0x080011a0   0x0000000c   Code   RO         3086    i.HAL_GetTick       stm32f4xx_hal.o
    0x080011ac   0x00000010   Code   RO         3090    i.HAL_IncTick       stm32f4xx_hal.o
    0x080011bc   0x00000034   Code   RO         3091    i.HAL_Init          stm32f4xx_hal.o
    0x080011f0   0x00000074   Code   RO          574    i.HAL_InitTick      stm32f4xx_hal_timebase_tim.o
    0x08001264   0x00000084   Code   RO          550    i.HAL_MspInit       stm32f4xx_hal_msp.o
    0x080012e8   0x00000016   Code   RO         2941    i.HAL_NVIC_EnableIRQ  stm32f4xx_hal_cortex.o
    0x080012fe   0x00000002   PAD
    0x08001300   0x00000040   Code   RO         2947    i.HAL_NVIC_SetPriority  stm32f4xx_hal_cortex.o
    0x08001340   0x00000024   Code   RO         2948    i.HAL_NVIC_SetPriorityGrouping  stm32f4xx_hal_cortex.o
    0x08001364   0x00000070   Code   RO         2870    i.HAL_PWREx_EnableOverDrive  stm32f4xx_hal_pwr_ex.o
    0x080013d4   0x00000130   Code   RO         2128    i.HAL_RCC_ClockConfig  stm32f4xx_hal_rcc.o
    0x08001504   0x00000040   Code   RO         2132    i.HAL_RCC_GetClockConfig  stm32f4xx_hal_rcc.o
    0x08001544   0x0000000c   Code   RO         2133    i.HAL_RCC_GetHCLKFreq  stm32f4xx_hal_rcc.o
    0x08001550   0x00000020   Code   RO         2135    i.HAL_RCC_GetPCLK1Freq  stm32f4xx_hal_rcc.o
    0x08001570   0x00000020   Code   RO         2136    i.HAL_RCC_GetPCLK2Freq  stm32f4xx_hal_rcc.o
    0x08001590   0x00000064   Code   RO         2137    i.HAL_RCC_GetSysClockFreq  stm32f4xx_hal_rcc.o
    0x080015f4   0x0000031c   Code   RO         2140    i.HAL_RCC_OscConfig  stm32f4xx_hal_rcc.o
    0x08001910   0x00000080   Code   RO          625    i.HAL_SPI_Init      stm32f4xx_hal_spi.o
    0x08001990   0x0000004c   Code   RO          303    i.HAL_SPI_MspInit   spi.o
    0x080019dc   0x000001d8   Code   RO          634    i.HAL_SPI_TransmitReceive  stm32f4xx_hal_spi.o
    0x08001bb4   0x00000018   Code   RO         2950    i.HAL_SYSTICK_CLKSourceConfig  stm32f4xx_hal_cortex.o
    0x08001bcc   0x00000028   Code   RO         2952    i.HAL_SYSTICK_Config  stm32f4xx_hal_cortex.o
    0x08001bf4   0x00000002   Code   RO         1562    i.HAL_TIMEx_BreakCallback  stm32f4xx_hal_tim_ex.o
    0x08001bf6   0x00000002   Code   RO         1563    i.HAL_TIMEx_CommutationCallback  stm32f4xx_hal_tim_ex.o
    0x08001bf8   0x0000005a   Code   RO         1564    i.HAL_TIMEx_ConfigBreakDeadTime  stm32f4xx_hal_tim_ex.o
    0x08001c52   0x00000050   Code   RO         1579    i.HAL_TIMEx_MasterConfigSynchronization  stm32f4xx_hal_tim_ex.o
    0x08001ca2   0x00000036   Code   RO          933    i.HAL_TIM_Base_Init  stm32f4xx_hal_tim.o
    0x08001cd8   0x00000002   Code   RO          935    i.HAL_TIM_Base_MspInit  stm32f4xx_hal_tim.o
    0x08001cda   0x00000018   Code   RO          938    i.HAL_TIM_Base_Start_IT  stm32f4xx_hal_tim.o
    0x08001cf2   0x00000002   Code   RO          962    i.HAL_TIM_IC_CaptureCallback  stm32f4xx_hal_tim.o
    0x08001cf4   0x00000166   Code   RO          975    i.HAL_TIM_IRQHandler  stm32f4xx_hal_tim.o
    0x08001e5a   0x00000002   PAD
    0x08001e5c   0x000000e4   Code   RO          344    i.HAL_TIM_MspPostInit  tim.o
    0x08001f40   0x00000002   Code   RO          978    i.HAL_TIM_OC_DelayElapsedCallback  stm32f4xx_hal_tim.o
    0x08001f42   0x000000d0   Code   RO          999    i.HAL_TIM_PWM_ConfigChannel  stm32f4xx_hal_tim.o
    0x08002012   0x00000036   Code   RO         1002    i.HAL_TIM_PWM_Init  stm32f4xx_hal_tim.o
    0x08002048   0x0000009c   Code   RO          346    i.HAL_TIM_PWM_MspInit  tim.o
    0x080020e4   0x00000002   Code   RO         1005    i.HAL_TIM_PWM_PulseFinishedCallback  stm32f4xx_hal_tim.o
    0x080020e6   0x00000002   PAD
    0x080020e8   0x00000038   Code   RO         1006    i.HAL_TIM_PWM_Start  stm32f4xx_hal_tim.o
    0x08002120   0x00000014   Code   RO           13    i.HAL_TIM_PeriodElapsedCallback  main.o
    0x08002134   0x00000002   Code   RO         1016    i.HAL_TIM_TriggerCallback  stm32f4xx_hal_tim.o
    0x08002136   0x00000058   Code   RO         1820    i.HAL_UART_DMAStop  stm32f4xx_hal_uart.o
    0x0800218e   0x00000002   Code   RO         1822    i.HAL_UART_ErrorCallback  stm32f4xx_hal_uart.o
    0x08002190   0x00000110   Code   RO         1825    i.HAL_UART_IRQHandler  stm32f4xx_hal_uart.o
    0x080022a0   0x00000062   Code   RO         1826    i.HAL_UART_Init     stm32f4xx_hal_uart.o
    0x08002302   0x00000002   PAD
    0x08002304   0x000000a8   Code   RO          423    i.HAL_UART_MspInit  usart.o
    0x080023ac   0x00000098   Code   RO         1830    i.HAL_UART_Receive_DMA  stm32f4xx_hal_uart.o
    0x08002444   0x00000002   Code   RO         1832    i.HAL_UART_RxCpltCallback  stm32f4xx_hal_uart.o
    0x08002446   0x00000002   Code   RO         1833    i.HAL_UART_RxHalfCpltCallback  stm32f4xx_hal_uart.o
    0x08002448   0x00000002   Code   RO         1837    i.HAL_UART_TxCpltCallback  stm32f4xx_hal_uart.o
    0x0800244a   0x00000002   Code   RO          467    i.HardFault_Handler  stm32f4xx_it.o
    0x0800244c   0x0000000e   Code   RO         4537    i.IMU_INIT          bsp_imu.o
    0x0800245a   0x00000012   Code   RO         4538    i.IMU_UPDATE        bsp_imu.o
    0x0800246c   0x00000070   Code   RO         4874    i.Kalman            filter.o
    0x080024dc   0x00000020   Code   RO         4750    i.Limit             legctrl.o
    0x080024fc   0x0000002c   Code   RO          239    i.MX_DMA_Init       dma.o
    0x08002528   0x0000003c   Code   RO          260    i.MX_FREERTOS_Init  freertos.o
    0x08002564   0x0000020c   Code   RO          215    i.MX_GPIO_Init      gpio.o
    0x08002770   0x00000058   Code   RO          304    i.MX_SPI5_Init      spi.o
    0x080027c8   0x00000068   Code   RO          347    i.MX_TIM12_Init     tim.o
    0x08002830   0x000000a4   Code   RO          348    i.MX_TIM2_Init      tim.o
    0x080028d4   0x00000080   Code   RO          349    i.MX_TIM3_Init      tim.o
    0x08002954   0x000000a8   Code   RO          350    i.MX_TIM4_Init      tim.o
    0x080029fc   0x000000a8   Code   RO          351    i.MX_TIM5_Init      tim.o
    0x08002aa4   0x000000dc   Code   RO          352    i.MX_TIM8_Init      tim.o
    0x08002b80   0x00000058   Code   RO          424    i.MX_USART1_UART_Init  usart.o
    0x08002bd8   0x00000002   Code   RO          468    i.MemManage_Handler  stm32f4xx_it.o
    0x08002bda   0x00000002   PAD
    0x08002bdc   0x00000050   Code   RO         4696    i.Mode_Ctrl         remote.o
    0x08002c2c   0x00000002   Code   RO          469    i.NMI_Handler       stm32f4xx_it.o
    0x08002c2e   0x00000020   Code   RO         2954    i.NVIC_SetPriority  stm32f4xx_hal_cortex.o
    0x08002c4e   0x00000002   PAD
    0x08002c50   0x00000030   Code   RO         4751    i.PID_cal           legctrl.o
    0x08002c80   0x000000dc   Code   RO         4752    i.PIT_ROL_PID_Set   legctrl.o
    0x08002d5c   0x00000044   Code   RO         4697    i.Remote_Handle     remote.o
    0x08002da0   0x00000020   Code   RO          649    i.SPI_CheckFlag_BSY  stm32f4xx_hal_spi.o
    0x08002dc0   0x00000096   Code   RO          667    i.SPI_WaitFlagStateUntilTimeout  stm32f4xx_hal_spi.o
    0x08002e56   0x00000002   PAD
    0x08002e58   0x00000050   Code   RO         4698    i.Safe_ctl          remote.o
    0x08002ea8   0x00000154   Code   RO         4372    i.StartDBUSTask     dbus.o
    0x08002ffc   0x00000008   Code   RO          261    i.StartDefaultTask  freertos.o
    0x08003004   0x0000008c   Code   RO         4430    i.StartInitTask     inittask.o
    0x08003090   0x00000014   Code   RO         4500    i.StartMainTask     maintask.o
    0x080030a4   0x00000008   Code   RO         4501    i.StartShowTask     maintask.o
    0x080030ac   0x00000004   Code   RO          470    i.SysTick_Handler   stm32f4xx_it.o
    0x080030b0   0x000000a4   Code   RO           14    i.SystemClock_Config  main.o
    0x08003154   0x00000054   Code   RO         3255    i.SystemInit        system_stm32f4xx.o
    0x080031a8   0x0000000c   Code   RO          471    i.TIM1_UP_TIM10_IRQHandler  stm32f4xx_it.o
    0x080031b4   0x000000c0   Code   RO         1017    i.TIM_Base_SetConfig  stm32f4xx_hal_tim.o
    0x08003274   0x00000016   Code   RO         1018    i.TIM_CCxChannelCmd  stm32f4xx_hal_tim.o
    0x0800328a   0x00000002   PAD
    0x0800328c   0x00000058   Code   RO         1026    i.TIM_OC1_SetConfig  stm32f4xx_hal_tim.o
    0x080032e4   0x00000064   Code   RO         1027    i.TIM_OC2_SetConfig  stm32f4xx_hal_tim.o
    0x08003348   0x00000060   Code   RO         1028    i.TIM_OC3_SetConfig  stm32f4xx_hal_tim.o
    0x080033a8   0x00000050   Code   RO         1029    i.TIM_OC4_SetConfig  stm32f4xx_hal_tim.o
    0x080033f8   0x00000078   Code   RO         4699    i.Trot_Mode         remote.o
    0x08003470   0x000000b0   Code   RO         4700    i.Twist             remote.o
    0x08003520   0x00000010   Code   RO         1839    i.UART_DMAAbortOnError  stm32f4xx_hal_uart.o
    0x08003530   0x0000004a   Code   RO         1840    i.UART_DMAError     stm32f4xx_hal_uart.o
    0x0800357a   0x0000003c   Code   RO         1841    i.UART_DMAReceiveCplt  stm32f4xx_hal_uart.o
    0x080035b6   0x0000000a   Code   RO         1843    i.UART_DMARxHalfCplt  stm32f4xx_hal_uart.o
    0x080035c0   0x0000001c   Code   RO         1849    i.UART_EndRxTransfer  stm32f4xx_hal_uart.o
    0x080035dc   0x00000012   Code   RO         1850    i.UART_EndTxTransfer  stm32f4xx_hal_uart.o
    0x080035ee   0x0000008c   Code   RO         1851    i.UART_Receive_IT   stm32f4xx_hal_uart.o
    0x0800367a   0x00000002   PAD
    0x0800367c   0x000002ac   Code   RO         1852    i.UART_SetConfig    stm32f4xx_hal_uart.o
    0x08003928   0x00000062   Code   RO         1853    i.UART_Transmit_IT  stm32f4xx_hal_uart.o
    0x0800398a   0x00000002   PAD
    0x0800398c   0x00000014   Code   RO          472    i.USART1_IRQHandler  stm32f4xx_it.o
    0x080039a0   0x00000002   Code   RO          473    i.UsageFault_Handler  stm32f4xx_it.o
    0x080039a2   0x00000002   Code   RO           15    i._Error_Handler    main.o
    0x080039a4   0x00000030   Code   RO         5096    i.__ARM_fpclassify  m_wm.l(fpclassify.o)
    0x080039d4   0x00000004   PAD
    0x080039d8   0x00000360   Code   RO         4922    i.__hardfp_asin     m_wm.l(asin.o)
    0x08003d38   0x000002d8   Code   RO         5065    i.__hardfp_atan     m_wm.l(atan.o)
    0x08004010   0x000001f0   Code   RO         4936    i.__hardfp_atan2    m_wm.l(atan2.o)
    0x08004200   0x000000c8   Code   RO         4948    i.__hardfp_cos      m_wm.l(cos.o)
    0x080042c8   0x00000358   Code   RO         4972    i.__hardfp_exp      m_wm.l(exp.o)
    0x08004620   0x00000014   Code   RO         4986    i.__hardfp_fabs     m_wm.l(fabs.o)
    0x08004634   0x00000004   PAD
    0x08004638   0x000000c8   Code   RO         4992    i.__hardfp_sin      m_wm.l(sin.o)
    0x08004700   0x0000007a   Code   RO         5004    i.__hardfp_sqrt     m_wm.l(sqrt.o)
    0x0800477a   0x00000006   PAD
    0x08004780   0x00000080   Code   RO         5016    i.__hardfp_tan      m_wm.l(tan.o)
    0x08004800   0x00000438   Code   RO         5117    i.__ieee754_rem_pio2  m_wm.l(rred.o)
    0x08004c38   0x00000170   Code   RO         5079    i.__kernel_cos      m_wm.l(cos_i.o)
    0x08004da8   0x000000f8   Code   RO         5114    i.__kernel_poly     m_wm.l(poly.o)
    0x08004ea0   0x00000130   Code   RO         5125    i.__kernel_sin      m_wm.l(sin_i.o)
    0x08004fd0   0x00000350   Code   RO         5131    i.__kernel_tan      m_wm.l(tan_i.o)
    0x08005320   0x00000014   Code   RO         5083    i.__mathlib_dbl_infnan  m_wm.l(dunder.o)
    0x08005334   0x00000014   Code   RO         5084    i.__mathlib_dbl_infnan2  m_wm.l(dunder.o)
    0x08005348   0x00000020   Code   RO         5085    i.__mathlib_dbl_invalid  m_wm.l(dunder.o)
    0x08005368   0x00000020   Code   RO         5086    i.__mathlib_dbl_overflow  m_wm.l(dunder.o)
    0x08005388   0x00000020   Code   RO         5088    i.__mathlib_dbl_underflow  m_wm.l(dunder.o)
    0x080053a8   0x0000000e   Code   RO         5181    i.__scatterload_copy  mc_w.l(handlers.o)
    0x080053b6   0x00000002   Code   RO         5182    i.__scatterload_null  mc_w.l(handlers.o)
    0x080053b8   0x0000000e   Code   RO         5183    i.__scatterload_zeroinit  mc_w.l(handlers.o)
    0x080053c6   0x00000002   PAD
    0x080053c8   0x0000000c   Code   RO         5159    i.__set_errno       mc_w.l(errno.o)
    0x080053d4   0x00000010   Code   RO         5067    i.atan              m_wm.l(atan.o)
    0x080053e4   0x000001cc   Code   RO         4753    i.balance           legctrl.o
    0x080055b0   0x00000074   Code   RO         4754    i.chs_INIT          legctrl.o
    0x08005624   0x00000018   Code   RO         4988    i.fabs              m_wm.l(fabs.o)
    0x0800563c   0x000004aa   Code   RO         4539    i.imu_ahrs_update   bsp_imu.o
    0x08005ae6   0x00000002   PAD
    0x08005ae8   0x00000174   Code   RO         4540    i.imu_attitude_update  bsp_imu.o
    0x08005c5c   0x000001cc   Code   RO         4541    i.init_quaternion   bsp_imu.o
    0x08005e28   0x0000002c   Code   RO         4542    i.inv_sqrt          bsp_imu.o
    0x08005e54   0x00000434   Code   RO         4755    i.inverse_kinematics  legctrl.o
    0x08006288   0x0000000a   Code   RO         4543    i.ist8310_get_data  bsp_imu.o
    0x08006292   0x00000100   Code   RO         4544    i.ist8310_init      bsp_imu.o
    0x08006392   0x00000038   Code   RO         4545    i.ist_reg_read_by_mpu  bsp_imu.o
    0x080063ca   0x00000042   Code   RO         4546    i.ist_reg_write_by_mpu  bsp_imu.o
    0x0800640c   0x0000006c   Code   RO           16    i.main              main.o
    0x08006478   0x0000000c   Code   RO         3991    i.makeFreeRtosPriority  cmsis_os.o
    0x08006484   0x00000064   Code   RO         4547    i.mpu_device_init   bsp_imu.o
    0x080064e8   0x00000268   Code   RO         4548    i.mpu_get_data      bsp_imu.o
    0x08006750   0x0000008e   Code   RO         4549    i.mpu_master_i2c_auto_read_config  bsp_imu.o
    0x080067de   0x00000002   PAD
    0x080067e0   0x000000e8   Code   RO         4550    i.mpu_offset_call   bsp_imu.o
    0x080068c8   0x00000050   Code   RO         4551    i.mpu_read_byte     bsp_imu.o
    0x08006918   0x0000005c   Code   RO         4552    i.mpu_read_bytes    bsp_imu.o
    0x08006974   0x0000000a   Code   RO         4553    i.mpu_set_accel_fsr  bsp_imu.o
    0x0800697e   0x0000000a   Code   RO         4554    i.mpu_set_gyro_fsr  bsp_imu.o
    0x08006988   0x00000054   Code   RO         4555    i.mpu_write_byte    bsp_imu.o
    0x080069dc   0x0000000e   Code   RO         3993    i.osDelay           cmsis_os.o
    0x080069ea   0x0000000a   Code   RO         3996    i.osKernelStart     cmsis_os.o
    0x080069f4   0x00000014   Code   RO         4029    i.osSystickHandler  cmsis_os.o
    0x08006a08   0x0000002e   Code   RO         4030    i.osThreadCreate    cmsis_os.o
    0x08006a36   0x0000000a   Code   RO         4039    i.osThreadTerminate  cmsis_os.o
    0x08006a40   0x000000e0   Code   RO         4756    i.pid_run           legctrl.o
    0x08006b20   0x00000094   Code   RO         4757    i.pos0_update_pos   legctrl.o
    0x08006bb4   0x00000094   Code   RO         4758    i.pos_update_pos0   legctrl.o
    0x08006c48   0x00000070   Code   RO         3702    i.prvAddCurrentTaskToDelayedList  tasks.o
    0x08006cb8   0x000000d0   Code   RO         3703    i.prvAddNewTaskToReadyList  tasks.o
    0x08006d88   0x00000050   Code   RO         3704    i.prvCheckTasksWaitingTermination  tasks.o
    0x08006dd8   0x00000026   Code   RO         3562    i.prvCopyDataFromQueue  queue.o
    0x08006dfe   0x0000006c   Code   RO         3563    i.prvCopyDataToQueue  queue.o
    0x08006e6a   0x00000014   Code   RO         3705    i.prvDeleteTCB      tasks.o
    0x08006e7e   0x00000002   PAD
    0x08006e80   0x0000004c   Code   RO         3289    i.prvHeapInit       heap_4.o
    0x08006ecc   0x00000028   Code   RO         3706    i.prvIdleTask       tasks.o
    0x08006ef4   0x0000008e   Code   RO         3707    i.prvInitialiseNewTask  tasks.o
    0x08006f82   0x00000002   PAD
    0x08006f84   0x0000004c   Code   RO         3290    i.prvInsertBlockIntoFreeList  heap_4.o
    0x08006fd0   0x0000001c   Code   RO         3564    i.prvIsQueueEmpty   queue.o
    0x08006fec   0x00000020   Code   RO         3708    i.prvResetNextTaskUnblockTime  tasks.o
    0x0800700c   0x00000028   Code   RO         3360    i.prvTaskExitError  port.o
    0x08007034   0x0000006a   Code   RO         3565    i.prvUnlockQueue    queue.o
    0x0800709e   0x00000002   PAD
    0x080070a0   0x000000d8   Code   RO         3291    i.pvPortMalloc      heap_4.o
    0x08007178   0x00000018   Code   RO         3710    i.pvTaskIncrementMutexHeldCount  tasks.o
    0x08007190   0x00000284   Code   RO         4759    i.pwm_calcu         legctrl.o
    0x08007414   0x00000170   Code   RO         4760    i.pwm_offset_run    legctrl.o
    0x08007584   0x000000dc   Code   RO         4761    i.pwm_set           legctrl.o
    0x08007660   0x00000078   Code   RO         4762    i.pwm_start_all     legctrl.o
    0x080076d8   0x0000002c   Code   RO         3361    i.pxPortInitialiseStack  port.o
    0x08007704   0x0000000e   Code   RO         4763    i.robot_init        legctrl.o
    0x08007712   0x00000018   Code   RO         4764    i.robot_run         legctrl.o
    0x0800772a   0x0000006e   Code   RO         5006    i.sqrt              m_wm.l(sqrt.o)
    0x08007798   0x00000bcc   Code   RO         4765    i.trot              legctrl.o
    0x08008364   0x00000024   Code   RO         3525    i.uxListRemove      list.o
    0x08008388   0x00000016   Code   RO         3526    i.vListInitialise   list.o
    0x0800839e   0x00000006   Code   RO         3527    i.vListInitialiseItem  list.o
    0x080083a4   0x00000030   Code   RO         3528    i.vListInsert       list.o
    0x080083d4   0x00000018   Code   RO         3529    i.vListInsertEnd    list.o
    0x080083ec   0x00000040   Code   RO         3363    i.vPortEnterCritical  port.o
    0x0800842c   0x00000028   Code   RO         3364    i.vPortExitCritical  port.o
    0x08008454   0x0000005c   Code   RO         3292    i.vPortFree         heap_4.o
    0x080084b0   0x00000020   Code   RO         3365    i.vPortSetupTimerInterrupt  port.o
    0x080084d0   0x00000054   Code   RO         3366    i.vPortValidateInterruptPriority  port.o
    0x08008524   0x0000004c   Code   RO         3716    i.vTaskDelay        tasks.o
    0x08008570   0x000000ac   Code   RO         3717    i.vTaskDelete       tasks.o
    0x0800861c   0x0000000c   Code   RO         3719    i.vTaskMissedYield  tasks.o
    0x08008628   0x00000030   Code   RO         3721    i.vTaskPlaceOnEventList  tasks.o
    0x08008658   0x00000084   Code   RO         3723    i.vTaskPriorityInherit  tasks.o
    0x080086dc   0x00000024   Code   RO         3726    i.vTaskSetTimeOutState  tasks.o
    0x08008700   0x00000068   Code   RO         3727    i.vTaskStartScheduler  tasks.o
    0x08008768   0x00000010   Code   RO         3729    i.vTaskSuspendAll   tasks.o
    0x08008778   0x0000005c   Code   RO         3730    i.vTaskSwitchContext  tasks.o
    0x080087d4   0x000000e0   Code   RO         3367    i.xPortStartScheduler  port.o
    0x080088b4   0x0000002c   Code   RO         3368    i.xPortSysTickHandler  port.o
    0x080088e0   0x00000048   Code   RO         3573    i.xQueueGenericCreate  queue.o
    0x08008928   0x0000016c   Code   RO         3574    i.xQueueGenericReceive  queue.o
    0x08008a94   0x00000088   Code   RO         3575    i.xQueueGenericReset  queue.o
    0x08008b1c   0x00000160   Code   RO         3576    i.xQueueGenericSend  queue.o
    0x08008c7c   0x0000009c   Code   RO         3578    i.xQueueGiveFromISR  queue.o
    0x08008d18   0x0000006c   Code   RO         3731    i.xTaskCheckForTimeOut  tasks.o
    0x08008d84   0x00000056   Code   RO         3732    i.xTaskCreate       tasks.o
    0x08008dda   0x00000002   PAD
    0x08008ddc   0x0000001c   Code   RO         3736    i.xTaskGetSchedulerState  tasks.o
    0x08008df8   0x000000c8   Code   RO         3739    i.xTaskIncrementTick  tasks.o
    0x08008ec0   0x00000098   Code   RO         3742    i.xTaskPriorityDisinherit  tasks.o
    0x08008f58   0x00000074   Code   RO         3743    i.xTaskRemoveFromEventList  tasks.o
    0x08008fcc   0x000000c4   Code   RO         3745    i.xTaskResumeAll    tasks.o
    0x08009090   0x00000028   Data   RO          263    .constdata          freertos.o
    0x080090b8   0x00000008   Data   RO         2653    .constdata          stm32f4xx_hal_dma.o
    0x080090c0   0x00000010   Data   RO         3256    .constdata          system_stm32f4xx.o
    0x080090d0   0x00000008   Data   RO         3257    .constdata          system_stm32f4xx.o
    0x080090d8   0x00000014   Data   RO         4374    .constdata          dbus.o
    0x080090ec   0x00000028   Data   RO         4431    .constdata          inittask.o
    0x08009114   0x00000014   Data   RO         4557    .constdata          bsp_imu.o
    0x08009128   0x00000050   Data   RO         4925    .constdata          m_wm.l(asin.o)
    0x08009178   0x00000058   Data   RO         4975    .constdata          m_wm.l(exp.o)
    0x080091d0   0x00000098   Data   RO         5068    .constdata          m_wm.l(atan.o)
    0x08009268   0x00000030   Data   RO         5080    .constdata          m_wm.l(cos_i.o)
    0x08009298   0x00000008   Data   RO         5116    .constdata          m_wm.l(qnan.o)
    0x080092a0   0x000000c8   Data   RO         5119    .constdata          m_wm.l(rred.o)
    0x08009368   0x00000028   Data   RO         5126    .constdata          m_wm.l(sin_i.o)
    0x08009390   0x00000060   Data   RO         5132    .constdata          m_wm.l(tan_i.o)
    0x080093f0   0x00000018   Data   RO          264    .conststring        freertos.o
    0x08009408   0x00000009   Data   RO         4375    .conststring        dbus.o
    0x08009411   0x00000003   PAD
    0x08009414   0x00000015   Data   RO         4432    .conststring        inittask.o
    0x08009429   0x00000003   PAD
    0x0800942c   0x00000020   Data   RO         5179    Region$$Table       anon$$obj.o


    Execution Region RW_IRAM1 (Base: 0x20000000, Size: 0x00004800, Max: 0x00030000, ABSOLUTE, COMPRESSED[0x00000038])

    Base Addr    Size         Type   Attr      Idx    E Section Name        Object

    0x20000000   0x00000008   Data   RW          265    .data               freertos.o
    0x20000008   0x0000000c   Data   RW         3098    .data               stm32f4xx_hal.o
    0x20000014   0x00000004   Data   RW         3258    .data               system_stm32f4xx.o
    0x20000018   0x00000018   Data   RW         3297    .data               heap_4.o
    0x20000030   0x0000000c   Data   RW         3369    .data               port.o
    0x2000003c   0x0000003c   Data   RW         3748    .data               tasks.o
    0x20000078   0x0000000c   Data   RW         4376    .data               dbus.o
    0x20000084   0x00000008   Data   RW         4433    .data               inittask.o
    0x2000008c   0x00000060   Data   RW         4558    .data               bsp_imu.o
    0x200000ec   0x00000002   Data   RW         4701    .data               remote.o
    0x200000ee   0x00000002   PAD
    0x200000f0   0x00000038   Data   RW         4769    .data               legctrl.o
    0x20000128   0x00000004   Data   RW         5160    .data               mc_w.l(errno.o)
    0x2000012c   0x00000058   Zero   RW          305    .bss                spi.o
    0x20000184   0x00000168   Zero   RW          353    .bss                tim.o
    0x200002ec   0x000000a0   Zero   RW          425    .bss                usart.o
    0x2000038c   0x0000003c   Zero   RW          577    .bss                stm32f4xx_hal_timebase_tim.o
    0x200003c8   0x00003c00   Zero   RW         3296    .bss                heap_4.o
    0x20003fc8   0x000000f0   Zero   RW         3747    .bss                tasks.o
    0x200040b8   0x0000003e   Zero   RW         4373    .bss                dbus.o
    0x200040f6   0x00000002   PAD
    0x200040f8   0x000000fc   Zero   RW         4556    .bss                bsp_imu.o
    0x200041f4   0x00000140   Zero   RW         4766    .bss                legctrl.o
    0x20004334   0x000000c8   Zero   RW         4767    .bss                legctrl.o
    0x200043fc   0x00000004   PAD
    0x20004400   0x00000400   Zero   RW            1    STACK               startup_stm32f427xx.o


==============================================================================

Image component sizes


      Code (inc. data)   RO Data    RW Data    ZI Data      Debug   Object Name

      3856        248         20         96        252      17288   bsp_imu.o
       112          0          0          0          0      14392   cmsis_os.o
       524         42         29         12         62       4040   dbus.o
        44          4          0          0          0        842   dma.o
         0          0          0          0          0       8184   event_groups.o
       112          6          0          0          0       1013   filter.o
        68          8         64          8          0       1941   freertos.o
       524         40          0          0          0       1355   gpio.o
       460         24          0         24      15360       9139   heap_4.o
       140         28         61          8          0       3358   inittask.o
      6882        418          0         56        520      13951   legctrl.o
       136          0          0          0          0       3814   list.o
       294         36          0          0          0     758485   main.o
        28          0          0          0          0       1092   maintask.o
       758         84          0         12          0      12425   port.o
      1360         14          0          0          0      12602   queue.o
       652         80          0          2          0       4929   remote.o
       164         36          0          0         88       1785   spi.o
        36          8        428          0       1024        880   startup_stm32f427xx.o
       116         18          0         12          0       4150   stm32f4xx_hal.o
       218         14          0          0          0      31353   stm32f4xx_hal_cortex.o
      1090         16          8          0          0       7750   stm32f4xx_hal_dma.o
       470         52          0          0          0       2572   stm32f4xx_hal_gpio.o
       132          6          0          0          0        998   stm32f4xx_hal_msp.o
       112         14          0          0          0       1376   stm32f4xx_hal_pwr_ex.o
      1340         96          0          0          0       6637   stm32f4xx_hal_rcc.o
       782          0          0          0          0       4629   stm32f4xx_hal_spi.o
      1342         88          0          0          0      13697   stm32f4xx_hal_tim.o
       174          0          0          0          0       3458   stm32f4xx_hal_tim_ex.o
       116         16          0          0         60       1584   stm32f4xx_hal_timebase_tim.o
      1746         28          0          0          0      12807   stm32f4xx_hal_uart.o
        60         16          0          0          0       5064   stm32f4xx_it.o
        84         18         24          4          0       1291   system_stm32f4xx.o
      2232        186          0         60        240      24423   tasks.o
      1336        214          0          0        360       6286   tim.o
       256         66          0          0        160       1937   usart.o

    ----------------------------------------------------------------------
     27794       1924        672        296      18132    1001527   Object Totals
         0          0         32          0          0          0   (incl. Generated)
        38          0          6          2          6          0   (incl. Padding)

    ----------------------------------------------------------------------

      Code (inc. data)   RO Data    RW Data    ZI Data      Debug   Library Member Name

       864         94         80          0          0        280   asin.o
       744        106        152          0          0        352   atan.o
       496         64          0          0          0        192   atan2.o
       200         20          0          0          0        164   cos.o
       368         46         48          0          0        200   cos_i.o
       136         24          0          0          0        620   dunder.o
       856        142         88          0          0        288   exp.o
        44          0          0          0          0        248   fabs.o
        48          0          0          0          0        124   fpclassify.o
       248          0          0          0          0        152   poly.o
         0          0          8          0          0          0   qnan.o
      1080        142        200          0          0        188   rred.o
       200         20          0          0          0        164   sin.o
       304         24         40          0          0        208   sin_i.o
       232          0          0          0          0        296   sqrt.o
       128         20          0          0          0        144   tan.o
       848         84         96          0          0        196   tan_i.o
        86          0          0          0          0          0   __dczerorl2.o
         0          0          0          0          0          0   entry.o
         0          0          0          0          0          0   entry10a.o
         0          0          0          0          0          0   entry11a.o
         8          4          0          0          0          0   entry2.o
         4          0          0          0          0          0   entry5.o
         0          0          0          0          0          0   entry7b.o
         0          0          0          0          0          0   entry8b.o
         8          4          0          0          0          0   entry9a.o
        12          6          0          4          0         68   errno.o
        30          0          0          0          0          0   handlers.o
        36          8          0          0          0         68   init.o
         0          0          0          0          0          0   iusefp.o
        30          0          0          0          0         68   llshl.o
        36          0          0          0          0         68   llsshr.o
        32          0          0          0          0         68   llushr.o
        36          0          0          0          0         68   memcpya.o
        98          0          0          0          0         92   uldiv.o
        48          0          0          0          0         68   cdcmple.o
        48          0          0          0          0         68   cdrcmple.o
        56          0          0          0          0         88   d2f.o
       334          0          0          0          0        148   dadd.o
       222          0          0          0          0        100   ddiv.o
       186          0          0          0          0        176   depilogue.o
        62          0          0          0          0         80   dfixi.o
        34          0          0          0          0         76   dflti.o
        26          0          0          0          0         76   dfltui.o
       228          0          0          0          0         96   dmul.o
       162          0          0          0          0        100   dsqrt.o
        38          0          0          0          0         68   f2d.o
       110          0          0          0          0        168   fepilogue.o

    ----------------------------------------------------------------------
      8786        808        712          4          0       5628   Library Totals
        20          0          0          0          0          0   (incl. Padding)

    ----------------------------------------------------------------------

      Code (inc. data)   RO Data    RW Data    ZI Data      Debug   Library Name

      6796        786        712          0          0       3816   m_wm.l
       416         22          0          4          0        500   mc_w.l
      1554          0          0          0          0       1312   mf_w.l

    ----------------------------------------------------------------------
      8786        808        712          4          0       5628   Library Totals

    ----------------------------------------------------------------------

==============================================================================


      Code (inc. data)   RO Data    RW Data    ZI Data      Debug   

     36580       2732       1384        300      18132     985055   Grand Totals
     36580       2732       1384         56      18132     985055   ELF Image Totals (compressed)
     36580       2732       1384         56          0          0   ROM Totals

==============================================================================

    Total RO  Size (Code + RO Data)                37964 (  37.07kB)
    Total RW  Size (RW Data + ZI Data)             18432 (  18.00kB)
    Total ROM Size (Code + RO Data + RW Data)      38020 (  37.13kB)

==============================================================================

